=~=~=~=~=~=~=~=~=~=~=~= PuTTY log 2025.05.02 09:56:21 =~=~=~=~=~=~=~=~=~=~=~=

indpure03-ct0 login: pureeng
1) Authenticate via CloudAssist
2) Authenticate via command line
3) Restore challenge
Type the number corresponding to the authentication method you want to use.

Selection: 1

An email for identity verification will be sent once email is entered.
Please follow the authentication instructions provided there and return to this screen when finished or if email has not been received.


Enter an email address: fharris@pureatorsge.com
An error occurred with CloudAssist authentication!

1) Authenticate via CloudAssist
2) Authenticate via command line
3) Restore challenge
Type the number corresponding to the authentication method you want to use.

Selection: 1

An email for identity verification will be sent once email is entered.
Please follow the authentication instructions provided there and return to this screen when finished or if email has not been received.


Enter an email address: fharris@purestorage.com

Logi
indpure03-ct0 login: pureeng
1) Authenticate via CloudAssist
2) Authenticate via command line
3) Restore challenge
Type the number corresponding to the authentication method you want to use.

Selection: 1

An email for identity verification will be sent once email is entered.
Please follow the authentication instructions provided there and return to this screen when finished or if email has not been received.


Enter an email address: fharris@purestorage.com
Successfully authenticated
Last login: Sat Feb 22 09:49:21 EST 2025 on ttyS0

Fri May 02 10:05:36 2025
Welcome pureeng. This is Purity Version 6.5.8 on FlashArray indpure03
http://www.purestorage.com/
pureeng@indpure03-ct0:~$ purearray list --controller
Name  Type              Mode       Model     Version  Status  Internal Details
CT0   array_controller  primary    FA-X20R4  6.5.8    ready   
CT1   array_controller  secondary  FA-X20R4  6.5.8    ready   
pureeng@indpure03-ct0:~$ puredrive list
Name       Type   Status   Capacity  Details
CH0.BAY0   SSD    healthy  952.91G   -
CH0.BAY1   SSD    healthy  952.91G   -
CH0.BAY2   SSD    healthy  952.91G   -
CH0.BAY3   SSD    healthy  952.91G   -
CH0.BAY4   SSD    healthy  952.91G   -
CH0.BAY5   SSD    healthy  952.91G   -
CH0.BAY6   SSD    healthy  952.91G   -
CH0.BAY7   SSD    healthy  952.91G   -
CH0.BAY8   SSD    healthy  952.91G   -
CH0.BAY9   SSD    healthy  952.91G   -
CH0.BAY10  SSD    healthy  952.91G   -
CH0.BAY11  SSD    healthy  952.91G   -
CH0.BAY12  SSD    healthy  952.91G   -
CH0.BAY13  SSD    healthy  952.91G   -
CH0.BAY14  SSD    healthy  952.91G   -
CH0.BAY15  SSD    healthy  952.91G   -
CH0.BAY16  SSD    healthy  952.91G   -
CH0.BAY17  SSD    healthy  952.91G   -
CH0.BAY18  SSD    healthy  952.91G   -
CH0.BAY19  SSD    healthy  952.91G   -
CH0.NVB0   NVRAM  healthy  7.00G     -
CH0.NVB1   NVRAM  healthy  7.00G     -
CH0.NVB2   NVRAM  unused   0.00      -
CH0.NVB3   NVRAM  unused   0.00      -
pureeng@indpure03-ct0:~$ puremessage list --open
pureeng@indpure03-ct0:~$ purehw list
Name       Status         Identify  Slot  Index  Speed       Temperature  Voltage  Details
CH0        ok             off       -     0      -           -            -        -
CH0.BAY0   ok             off       -     0      -           -            -        -
CH0.BAY1   ok             off       -     1      -           -            -        -
CH0.BAY2   ok             off       -     2      -           -            -        -
CH0.BAY3   ok             off       -     3      -           -            -        -
CH0.BAY4   ok             off       -     4      -           -            -        -
CH0.BAY5   ok             off       -     5      -           -            -        -
CH0.BAY6   ok             off       -     6      -           -            -        -
CH0.BAY7   ok             off       -     7      -           -            -        -
CH0.BAY8   ok             off       -     8      -           -            -        -
CH0.BAY9   ok             off       -     9      -           -            -        -
CH0.BAY10  ok             off       -     10     -           -            -        -
CH0.BAY11  ok             off       -     11     -           -            -        -
CH0.BAY12  ok             off       -     12     -           -            -        -
CH0.BAY13  ok             off       -     13     -           -            -        -
CH0.BAY14  ok             off       -     14     -           -            -        -
CH0.BAY15  ok             off       -     15     -           -            -        -
CH0.BAY16  ok             off       -     16     -           -            -        -
CH0.BAY17  ok             off       -     17     -           -            -        -
CH0.BAY18  ok             off       -     18     -           -            -        -
CH0.BAY19  ok             off       -     19     -           -            -        -
CH0.NVB0   ok             off       -     0      -           -            -        -
CH0.NVB1   ok             off       -     1      -           -            -        -
CH0.NVB2   not_installed  off       -     2      -           -            -        -
CH0.NVB3   not_installed  off       -     3      -           -            -        -
CH0.PWR0   ok             -         -     0      -           -            210 V    -
CH0.PWR1   ok             -         -     1      -           -            210 V    -
CH0.TMP0   ok             -         -     0      -           26 C         -        -
CT0        ok             off       -     0      -           -            -        -
CT0.ETH0   ok             -         -     0      0.00 b/s    -            -        -
CT0.ETH1   ok             -         -     1      0.00 b/s    -            -        -
CT0.ETH2   ok             -         -     2      10.00 Gb/s  -            -        -
CT0.ETH3   ok             -         -     3      10.00 Gb/s  -            -        -
CT0.ETH4   ok             -         -     4      1.00 Gb/s   -            -        -
CT0.ETH5   ok             -         -     5      1.00 Gb/s   -            -        -
CT0.FAN0   ok             -         -     0      -           -            -        -
CT0.FAN1   ok             -         -     1      -           -            -        -
CT0.FAN2   ok             -         -     2      -           -            -        -
CT0.FAN3   ok             -         -     3      -           -            -        -
CT0.FAN4   ok             -         -     4      -           -            -        -
CT0.FAN5   ok             -         -     5      -           -            -        -
CT0.FC12   ok             -         3     12     16.00 Gb/s  -            -        -
CT0.FC13   ok             -         3     13     16.00 Gb/s  -            -        -
CT0.TMP0   ok             -         -     0      -           40 C         -        -
CT0.TMP1   ok             -         -     1      -           41 C         -        -
CT0.TMP2   ok             -         -     2      -           61 C         -        -
CT0.TMP3   ok             -         -     3      -           59 C         -        -
CT0.TMP4   ok             -         -     4      -           47 C         -        -
CT0.TMP5   ok             -         -     5      -           48 C         -        -
CT0.TMP6   ok             -         -     6      -           32 C         -        -
CT0.TMP7   ok             -         -     7      -           32 C         -        -
CT0.TMP8   ok             -         -     8      -           54 C         -        -
CT0.TMP9   ok             -         -     9      -           40 C         -        -
CT0.TMP11  ok             -         -     11     -           37 C         -        -
CT0.TMP13  ok             -         -     13     -           40 C         -        -
CT0.TMP15  ok             -         -     15     -           38 C         -        -
CT0.TMP17  ok             -         -     17     -           40 C         -        -
CT0.TMP19  ok             -         -     19     -           40 C         -        -
CT0.TMP21  ok             -         -     21     -           43 C         -        -
CT0.TMP23  ok             -         -     23     -           42 C         -        -
CT1        ok             off       -     1      -           -            -        -
CT1.ETH0   ok             -         -     0      0.00 b/s    -            -        -
CT1.ETH1   ok             -         -     1      0.00 b/s    -            -        -
CT1.ETH2   ok             -         -     2      10.00 Gb/s  -            -        -
CT1.ETH3   ok             -         -     3      10.00 Gb/s  -            -        -
CT1.ETH4   ok             -         -     4      1.00 Gb/s   -            -        -
CT1.ETH5   ok             -         -     5      1.00 Gb/s   -            -        -
CT1.FAN0   ok             -         -     0      -           -            -        -
CT1.FAN1   ok             -         -     1      -           -            -        -
CT1.FAN2   ok             -         -     2      -           -            -        -
CT1.FAN3   ok             -         -     3      -           -            -        -
CT1.FAN4   ok             -         -     4      -           -            -        -
CT1.FAN5   ok             -         -     5      -           -            -        -
CT1.FC12   ok             -         3     12     16.00 Gb/s  -            -        -
CT1.FC13   ok             -         3     13     16.00 Gb/s  -            -        -
CT1.TMP0   ok             -         -     0      -           39 C         -        -
CT1.TMP1   ok             -         -     1      -           42 C         -        -
CT1.TMP2   ok             -         -     2      -           55 C         -        -
CT1.TMP3   ok             -         -     3      -           52 C         -        -
CT1.TMP4   ok             -         -     4      -           45 C         -        -
CT1.TMP5   ok             -         -     5      -           46 C         -        -
CT1.TMP6   ok             -         -     6      -           34 C         -        -
CT1.TMP7   ok             -         -     7      -           35 C         -        -
CT1.TMP8   ok             -         -     8      -           53 C         -        -
CT1.TMP9   ok             -         -     9      -           38 C         -        -
CT1.TMP11  ok             -         -     11     -           36 C         -        -
CT1.TMP13  ok             -         -     13     -           37 C         -        -
CT1.TMP15  ok             -         -     15     -           36 C         -        -
CT1.TMP17  ok             -         -     17     -           37 C         -        -
CT1.TMP19  ok             -         -     19     -           36 C         -        -
CT1.TMP21  ok             -         -     21     -           39 C         -        -
CT1.TMP23  ok             -         -     23     -           38 C         -        -
pureeng@indpure03-ct0:~$ iobalance --sampletime 15
sampling host I/O for 15 seconds...
                Host  CT0 I/O Count  CT1 I/O Count  
             CLEVM01        0.00        0.00  ? Host is idle
             CLEVM02        0.00        0.00  ? Host is idle
             CLEVM03        0.00        0.00  ? Host is idle
             CLEVM04        0.00        0.00  ? Host is idle
               Dover       2.28K       2.28K  
        OHC1VMHOST01      221.00      134.00  ! unbalanced I/O
        OHC1VMHOST02      448.00        6.00  ! unbalanced I/O
        OHC1VMHOST03       55.00        5.00  ! unbalanced I/O
             Orlando        0.00        0.00  ? Host is idle
pureeng@indpure03-ct0:~$ fcpureportlist=`pureport list --initiator | awk '/Target/,0' | cut -d. -f1 | awk '{print $1,$5}' | grep -v '-' | grep -v "Initiator" | uniq -c; echo`; fcpureportlistcount=`echo "$fcpureportlist" | awk '{total += $1}  END {print total}'`; echo -e "$fcpureportlist\n\n"; echo -e "\tTotal FC connections: $fcpureportlistcount\n\n";
      1 10:00:94:40:C9:D0:7D:1B CT0
      1 10:00:94:40:C9:D0:7D:1B CT1
      1 10:00:94:40:C9:D0:7D:1C CT0
      1 10:00:94:40:C9:D0:7D:1C CT1
      1 10:00:94:40:C9:D0:7D:21 CT0
      1 10:00:94:40:C9:D0:7D:21 CT1
      1 10:00:94:40:C9:D0:7D:22 CT0
      1 10:00:94:40:C9:D0:7D:22 CT1
      1 10:00:94:40:C9:D0:D6:18 CT0
      1 10:00:94:40:C9:D0:D6:18 CT1
      1 10:00:94:40:C9:D0:D6:19 CT0
      1 10:00:94:40:C9:D0:D6:19 CT1
      1 20:00:00:25:B5:AA:00:00 CT0
      1 20:00:00:25:B5:AA:00:00 CT1
      1 20:00:00:25:B5:AA:00:01 CT0
      1 20:00:00:25:B5:AA:00:01 CT1
      1 20:00:00:25:B5:AA:00:02 CT0
      1 20:00:00:25:B5:AA:00:02 CT1
      1 20:00:00:25:B5:AA:00:03 CT0
      1 20:00:00:25:B5:AA:00:03 CT1
      1 20:00:00:25:B5:BB:00:00 CT0
      1 20:00:00:25:B5:BB:00:00 CT1
      1 20:00:00:25:B5:BB:00:01 CT0
      1 20:00:00:25:B5:BB:00:01 CT1
      1 20:00:00:25:B5:BB:00:02 CT0
      1 20:00:00:25:B5:BB:00:02 CT1
      1 20:00:00:25:B5:BB:00:03 CT0
      1 20:00:00:25:B5:BB:00:03 CT1
      1 21:00:00:0E:1E:29:16:A0 CT0
      1 21:00:00:0E:1E:29:16:A0 CT1
      1 21:00:00:0E:1E:29:16:A1 CT0
      1 21:00:00:0E:1E:29:16:A1 CT1
      1 21:00:34:80:0D:78:74:B0 CT0
      1 21:00:34:80:0D:78:74:B0 CT1
      1 21:00:34:80:0D:78:74:B1 CT0
      1 21:00:34:80:0D:78:74:B1 CT1


Total FC connections: 36


pureeng@indpure03-ct0:~$ purearray list --connect --path && ssh peer purearray l ist --connect --path
Name       Local Port  Local Address  Remote Port  Remote Address  Status     Transport
CANPURE01  replbond    10.202.68.84   ct0.eth2     10.203.68.70    connected  ip
CANPURE01  replbond    10.202.68.84   ct0.eth3     10.203.68.71    connected  ip
ssh: Could not resolve hostname peer: Temporary failure in name resolution
pureeng@indpure03-ct0:~$ sudo su
     root@indpure03-ct0:/var/home/pureeng# purearray list --connect --path && ssh peer purearray list --connect --path
Name       Local Port  Local Address  Remote Port  Remote Address  Status     Transport
CANPURE01  replbond    10.202.68.84   ct0.eth2     10.203.68.70    connected  ip
CANPURE01  replbond    10.202.68.84   ct0.eth3     10.203.68.71    connected  ip
Name       Local Port  Local Address  Remote Port  Remote Address  Status     Transport
CANPURE01  replbond    10.202.68.84   ct0.eth2     10.203.68.70    connected  ip
CANPURE01  replbond    10.202.68.84   ct0.eth3     10.203.68.71    connected  ip
     root@indpure03-ct0:/var/home/pureeng# purealert tag --timeout 60m --maintenance
Name         Created                  Expires
maintenance  2025-05-02 10:08:56 EDT  2025-05-02 11:08:56 EDT
     root@indpure03-ct0:/var/home/pureeng# purearray list --controller
Name  Type              Mode       Model     Version  Status  Internal Details
CT0   array_controller  primary    FA-X20R4  6.5.8    ready   
CT1   array_controller  secondary  FA-X20R4  6.5.8    ready   
     root@indpure03-ct0:/var/home/pureeng#  
     root@indpure03-ct0:/var/home/pureeng# purearray list --controller
Name  Type              Mode     Model     Version  Status   Internal Details
CT0   array_controller  primary  FA-X20R4  6.5.8    ready    
CT1   array_controller  offline  -         -        unknown  
     root@indpure03-ct0:/var/home/pureeng# purealert tag --timeout 60m --maintenance
Name         Created                  Expires
maintenance  2025-05-02 10:17:58 EDT  2025-05-02 11:17:58 EDT
     root@indpure03-ct0:/var/home/pureeng# fcpureportlist=`pureport list --initiator | awk '/Target/,0' | cut -d. -f1 | awk '{print $1,$5}' | grep -v '-' | grep -v "Initiator" | uniq -c; echo`; fcpureportlistcount=`echo "$fcpureportlist" | awk '{total += $1} END {print total}'`; echo -e "$fcpureportlist\n\n"; echo -e "\tTotal FC connections: $fcpureportlistcount\n\n";
      1 10:00:94:40:C9:D0:7D:1B CT0
      1 10:00:94:40:C9:D0:7D:1C CT0
      1 10:00:94:40:C9:D0:7D:21 CT0
      1 10:00:94:40:C9:D0:7D:22 CT0
      1 10:00:94:40:C9:D0:D6:18 CT0
      1 10:00:94:40:C9:D0:D6:19 CT0
      1 20:00:00:25:B5:AA:00:00 CT0
      1 20:00:00:25:B5:AA:00:01 CT0
      1 20:00:00:25:B5:AA:00:02 CT0
      1 20:00:00:25:B5:AA:00:03 CT0
      1 20:00:00:25:B5:BB:00:00 CT0
      1 20:00:00:25:B5:BB:00:01 CT0
      1 20:00:00:25:B5:BB:00:02 CT0
      1 20:00:00:25:B5:BB:00:03 CT0
      1 21:00:00:0E:1E:29:16:A0 CT0
      1 21:00:00:0E:1E:29:16:A1 CT0
      1 21:00:34:80:0D:78:74:B0 CT0
      1 21:00:34:80:0D:78:74:B1 CT0


Total FC connections: 18


     root@indpure03-ct0:/var/home/pureeng# fcpureportlist=`pureport list --initiator | awk '/Target/,0' | cut -d. -f1 | awk '{print $1,$5}' | grep -v '-' | grep -v "Initiator" | uniq -c; echo`; fcpureportlistcount=`echo "$fcpureportlist" | awk '{total += $1} END {print total}'`; echo -e "$fcpureportlist\n\n"; echo -e "\tTotal FC connections: $fcpureportlistcount\n\n";purealert tag --timeout 60m --maintenance


     root@indpure03-ct0:/var/home/pureeng# fcpureportlist=`pureport list --initiator | awk '/Target/,0' | cut -d. -f1 | awk '{print $1,$5}' | grep -v '-' | grep -v "Initiator" | uniq -c; echo`; fcpureportlistcount=`echo "$fcpureportlist" | awk '{total += $1} END {print total}'`; echo -e "$fcpureportlist\n\n"; echo -e "\tTotal FC connections: $fcpureportlistcount\n\n";




     root@indpure03-ct0:/var/home/pureeng# purearray list --contoroller
Name  Type              Mode     Model     Version  Status   Internal Details
CT0   array_controller  primary  FA-X20R4  6.5.8    ready    
CT1   array_controller  offline  -         -        unknown  
     root@indpure03-ct0:/var/home/pureeng# stty columns 250;stty rows 40
     root@indpure03-ct0:/var/home/pureeng# stty columns 250;stty rows 40purearray list --controllerfcpureportlist=`pureport list --initiator | awk '/Target/,0' | cut -d. -f1 | awk '{print $1,$5}' | grep -v '-' | grep -v "Initiator" | uniq -c; echo`; fcpureportlistcount=`echo "$fcpureportlist" | awk '{total += $1} END {print total}'`; echo -e "$fcpureportlist\n\n"; echo -e "\tTotal FC connections: $fcpureportlistcount\n\n";purearray list --controller

Name  Type              Mode     Model     Version  Status   Internal Details
CT0   array_controller  primary  FA-X20R4  6.5.8    ready    
CT1   array_controller  offline  -         -        unknown  
     root@indpure03-ct0:/var/home/pureeng# clear
     root@indpure03-ct0:/var/home/pureeng# clearpurearray list --controllerstty columns 250;stty rows 40purearray list --controllerfcpureportlist=`pureport list --initiator | awk '/Target/,0' | cut -d. -f1 | awk '{print $1,$5}' | grep -v '-' | grep -v "Initiator" | uniq -c; echo`; fcpureportlistcount=`echo "$fcpureportlist" | awk '{total += $1} END {print total}'`; echo -e "$fcpureportlist\n\n"; echo -e "\tTotal FC connections: $fcpureportlistcount\n\n";purearray list --controller
stty columns 250;stty rows 40purearray list --controllerclearclearpurearray list --controller
Name  Type              Mode     Model     Version  Status   Internal Details
CT0   array_controller  primary  FA-X20R4  6.5.8    ready    
CT1   array_controller  offline  -         -        unknown  
     root@indpure03-ct0:/var/home/pureeng# purearray list --controller
Name  Type              Mode       Model     Version  Status  Internal Details
CT0   array_controller  primary    FA-X20R4  6.5.8    ready   
CT1   array_controller  secondary  FA-X20R4  6.5.8    ready   
     root@indpure03-ct0:/var/home/pureeng# fcpureportlist=`pureport list --initiator | awk '/Target/,0' | cut -d. -f1 | awk '{print $1,$5}' | grep -v '-' | grep -v "Initiator" | uniq -c; echo`; fcpureportlistcount=`echo "$fcpureportlist" | awk '{total += $1} END {print total}'`; echo -e "$fcpureportlist\n\n"; echo -e "\tTotal FC connections: $fcpureportlistcount\n\n";
      1 10:00:94:40:C9:D0:7D:1B CT0
      1 10:00:94:40:C9:D0:7D:1B CT1
      1 10:00:94:40:C9:D0:7D:1C CT0
      1 10:00:94:40:C9:D0:7D:1C CT1
      1 10:00:94:40:C9:D0:7D:21 CT0
      1 10:00:94:40:C9:D0:7D:21 CT1
      1 10:00:94:40:C9:D0:7D:22 CT0
      1 10:00:94:40:C9:D0:7D:22 CT1
      1 10:00:94:40:C9:D0:D6:18 CT0
      1 10:00:94:40:C9:D0:D6:18 CT1
      1 10:00:94:40:C9:D0:D6:19 CT0
      1 10:00:94:40:C9:D0:D6:19 CT1
      1 20:00:00:25:B5:AA:00:00 CT0
      1 20:00:00:25:B5:AA:00:00 CT1
      1 20:00:00:25:B5:AA:00:01 CT0
      1 20:00:00:25:B5:AA:00:01 CT1
      1 20:00:00:25:B5:AA:00:02 CT0
      1 20:00:00:25:B5:AA:00:02 CT1
      1 20:00:00:25:B5:AA:00:03 CT0
      1 20:00:00:25:B5:AA:00:03 CT1
      1 20:00:00:25:B5:BB:00:00 CT0
      1 20:00:00:25:B5:BB:00:00 CT1
      1 20:00:00:25:B5:BB:00:01 CT0
      1 20:00:00:25:B5:BB:00:01 CT1
      1 20:00:00:25:B5:BB:00:02 CT0
      1 20:00:00:25:B5:BB:00:02 CT1
      1 20:00:00:25:B5:BB:00:03 CT0
      1 20:00:00:25:B5:BB:00:03 CT1
      1 21:00:00:0E:1E:29:16:A0 CT0
      1 21:00:00:0E:1E:29:16:A0 CT1
      1 21:00:00:0E:1E:29:16:A1 CT0
      1 21:00:00:0E:1E:29:16:A1 CT1
      1 21:00:34:80:0D:78:74:B0 CT0
      1 21:00:34:80:0D:78:74:B0 CT1
      1 21:00:34:80:0D:78:74:B1 CT0
      1 21:00:34:80:0D:78:74:B1 CT1


Total FC connections: 36


     root@indpure03-ct0:/var/home/pureeng# iobalance --sampeletime 10
sampling host I/O for 10 seconds...
                Host  CT0 I/O Count  CT1 I/O Count  
             CLEVM01        0.00        0.00  ? Host is idle
             CLEVM02        0.00        0.00  ? Host is idle
             CLEVM03        0.00        0.00  ? Host is idle
             CLEVM04        0.00        0.00  ? Host is idle
               Dover       1.42K       1.28K  
        OHC1VMHOST01       48.00      113.00  ! unbalanced I/O
        OHC1VMHOST02       1.29K        0.00  ! no I/O to CT1
        OHC1VMHOST03       11.00       42.00  ! unbalanced I/O
             Orlando        0.00        0.00  ? Host is idle
     root@indpure03-ct0:/var/home/pureeng# purenetwork eth list
Name       Enabled  Type      Subnet  Address       Mask             Gateway       MTU   MAC                Speed        Services     Subinterfaces
ct0.eth0   False    physical  -       -             -                -             4200  24:a9:37:61:e2:84  100.00 Gb/s  -            -
ct0.eth1   False    physical  -       -             -                -             4200  24:a9:37:61:e2:85  100.00 Gb/s  -            -
ct0.eth4   True     physical  -       10.202.68.23  255.255.255.192  10.202.68.1   1500  24:a9:37:61:e2:88  1.00 Gb/s    management   -
ct0.eth5   True     physical  -       10.202.68.24  255.255.255.192  10.202.68.1   1500  24:a9:37:61:e2:89  1.00 Gb/s    management   -
ct1.eth0   False    physical  -       -             -                -             4200  24:a9:37:61:e3:64  100.00 Gb/s  -            -
ct1.eth1   False    physical  -       -             -                -             4200  24:a9:37:61:e3:65  100.00 Gb/s  -            -
ct1.eth4   True     physical  -       10.202.68.25  255.255.255.192  10.202.68.1   1500  24:a9:37:61:e3:68  1.00 Gb/s    management   -
ct1.eth5   True     physical  -       10.202.68.26  255.255.255.192  10.202.68.1   1500  24:a9:37:61:e3:69  1.00 Gb/s    management   -
ct1.eth10  False    physical  -       -             -                -             1500  7c:8c:09:2f:96:05  25.00 Gb/s   iscsi        -
ct1.eth11  False    physical  -       -             -                -             1500  7c:8c:09:2f:96:04  25.00 Gb/s   iscsi        -
replbond   True     bond      -       10.202.68.84  255.255.255.192  10.202.68.65  1500  46:88:6e:31:75:10  25.00 Gb/s   replication  ct0.eth2
                                                                                                                                      ct1.eth2
                                                                                                                                      ct0.eth3
                                                                                                                                      ct1.eth3
vir4       True     vif       -       10.202.68.27  255.255.255.192  10.202.68.1   1500  ea:ee:c8:1a:3f:6f  1.00 Gb/s    management   -
vir5       False    vif       -       -             -                -             1500  0a:59:db:c3:46:8d  1.00 Gb/s    management   -
     root@indpure03-ct0:/var/home/pureeng# purenetwork list
Name       Enabled  Speed        Services
CT0.FC12   True     32.00 Gb/s   scsi-fc
CT0.FC13   True     32.00 Gb/s   scsi-fc
CT1.FC12   True     32.00 Gb/s   scsi-fc
CT1.FC13   True     32.00 Gb/s   scsi-fc
ct0.eth0   False    100.00 Gb/s  -
ct0.eth1   False    100.00 Gb/s  -
ct0.eth4   True     1.00 Gb/s    management
ct0.eth5   True     1.00 Gb/s    management
ct1.eth0   False    100.00 Gb/s  -
ct1.eth1   False    100.00 Gb/s  -
ct1.eth4   True     1.00 Gb/s    management
ct1.eth5   True     1.00 Gb/s    management
ct1.eth10  False    25.00 Gb/s   iscsi
ct1.eth11  False    25.00 Gb/s   iscsi
replbond   True     25.00 Gb/s   replication
vir4       True     1.00 Gb/s    management
vir5       False    1.00 Gb/s    management
     root@indpure03-ct0:/var/home/pureeng# pssh ppeer
Last login: Wed Nov  6 10:47:07 2024 from 10.125.0.1

Fri May 02 10:21:04 2025
Welcome root. This is Purity Version 6.5.8 on FlashArray indpure03
http://www.purestorage.com/
     root@indpure03-ct1:~# pureboot list

Marked entry (*) is currently running
Marked entry (-->) will run at next reboot
*-->0. Purity 6.5.8 (202408090136+b967c2f84655) with kernel 5.15.123+ (202407140227+e4052619b975) on second (/dev/sda4)
    1. Purity 6.5.5 (202404130351+34e2b1e66ad3) with kernel 5.15.123+ (202403191505+d9f0e688c788) on first (/dev/sda3)
     root@indpure03-ct1:~# purehw list
Name       Status         Identify  Slot  Index  Speed       Temperature  Voltage  Details
CH0        ok             off       -     0      -           -            -        -
CH0.BAY0   ok             off       -     0      -           -            -        -
CH0.BAY1   ok             off       -     1      -           -            -        -
CH0.BAY2   ok             off       -     2      -           -            -        -
CH0.BAY3   ok             off       -     3      -           -            -        -
CH0.BAY4   ok             off       -     4      -           -            -        -
CH0.BAY5   ok             off       -     5      -           -            -        -
CH0.BAY6   ok             off       -     6      -           -            -        -
CH0.BAY7   ok             off       -     7      -           -            -        -
CH0.BAY8   ok             off       -     8      -           -            -        -
CH0.BAY9   ok             off       -     9      -           -            -        -
CH0.BAY10  ok             off       -     10     -           -            -        -
CH0.BAY11  ok             off       -     11     -           -            -        -
CH0.BAY12  ok             off       -     12     -           -            -        -
CH0.BAY13  ok             off       -     13     -           -            -        -
CH0.BAY14  ok             off       -     14     -           -            -        -
CH0.BAY15  ok             off       -     15     -           -            -        -
CH0.BAY16  ok             off       -     16     -           -            -        -
CH0.BAY17  ok             off       -     17     -           -            -        -
CH0.BAY18  ok             off       -     18     -           -            -        -
CH0.BAY19  ok             off       -     19     -           -            -        -
CH0.NVB0   ok             off       -     0      -           -            -        -
CH0.NVB1   ok             off       -     1      -           -            -        -
CH0.NVB2   not_installed  off       -     2      -           -            -        -
CH0.NVB3   not_installed  off       -     3      -           -            -        -
CH0.PWR0   ok             -         -     0      -           -            210 V    -
CH0.PWR1   ok             -         -     1      -           -            209 V    -
CH0.TMP0   ok             -         -     0      -           25 C         -        -
CT0        ok             off       -     0      -           -            -        -
CT0.ETH0   ok             -         -     0      0.00 b/s    -            -        -
CT0.ETH1   ok             -         -     1      0.00 b/s    -            -        -
CT0.ETH2   ok             -         -     2      10.00 Gb/s  -            -        -
CT0.ETH3   ok             -         -     3      10.00 Gb/s  -            -        -
CT0.ETH4   ok             -         -     4      1.00 Gb/s   -            -        -
CT0.ETH5   ok             -         -     5      1.00 Gb/s   -            -        -
CT0.FAN0   ok             -         -     0      -           -            -        -
CT0.FAN1   ok             -         -     1      -           -            -        -
CT0.FAN2   ok             -         -     2      -           -            -        -
CT0.FAN3   ok             -         -     3      -           -            -        -
CT0.FAN4   ok             -         -     4      -           -            -        -
CT0.FAN5   ok             -         -     5      -           -            -        -
CT0.FC12   ok             -         3     12     16.00 Gb/s  -            -        -
CT0.FC13   ok             -         3     13     16.00 Gb/s  -            -        -
CT0.TMP0   ok             -         -     0      -           40 C         -        -
CT0.TMP1   ok             -         -     1      -           41 C         -        -
CT0.TMP2   ok             -         -     2      -           59 C         -        -
CT0.TMP3   ok             -         -     3      -           56 C         -        -
CT0.TMP4   ok             -         -     4      -           47 C         -        -
CT0.TMP5   ok             -         -     5      -           48 C         -        -
CT0.TMP6   ok             -         -     6      -           33 C         -        -
CT0.TMP7   ok             -         -     7      -           33 C         -        -
CT0.TMP8   ok             -         -     8      -           53 C         -        -
CT0.TMP9   ok             -         -     9      -           39 C         -        -
CT0.TMP11  ok             -         -     11     -           36 C         -        -
CT0.TMP13  ok             -         -     13     -           39 C         -        -
CT0.TMP15  ok             -         -     15     -           37 C         -        -
CT0.TMP17  ok             -         -     17     -           39 C         -        -
CT0.TMP19  ok             -         -     19     -           39 C         -        -
CT0.TMP21  ok             -         -     21     -           42 C         -        -
CT0.TMP23  ok             -         -     23     -           41 C         -        -
CT1        ok             off       -     1      -           -            -        -
CT1.ETH0   ok             -         -     0      0.00 b/s    -            -        -
CT1.ETH1   ok             -         -     1      0.00 b/s    -            -        -
CT1.ETH2   ok             -         -     2      10.00 Gb/s  -            -        -
CT1.ETH3   ok             -         -     3      10.00 Gb/s  -            -        -
CT1.ETH4   ok             -         -     4      1.00 Gb/s   -            -        -
CT1.ETH5   ok             -         -     5      1.00 Gb/s   -            -        -
CT1.ETH10  ok             -         1     10     0.00 b/s    -            -        -
CT1.ETH11  ok             -         1     11     0.00 b/s    -            -        -
CT1.FAN0   ok             -         -     0      -           -            -        -
CT1.FAN1   ok             -         -     1      -           -            -        -
CT1.FAN2   ok             -         -     2      -           -            -        -
CT1.FAN3   ok             -         -     3      -           -            -        -
CT1.FAN4   ok             -         -     4      -           -            -        -
CT1.FAN5   ok             -         -     5      -           -            -        -
CT1.FC12   ok             -         3     12     16.00 Gb/s  -            -        -
CT1.FC13   ok             -         3     13     16.00 Gb/s  -            -        -
CT1.TMP0   ok             -         -     0      -           39 C         -        -
CT1.TMP1   ok             -         -     1      -           42 C         -        -
CT1.TMP2   ok             -         -     2      -           60 C         -        -
CT1.TMP3   ok             -         -     3      -           52 C         -        -
CT1.TMP4   ok             -         -     4      -           45 C         -        -
CT1.TMP5   ok             -         -     5      -           44 C         -        -
CT1.TMP6   ok             -         -     6      -           34 C         -        -
CT1.TMP7   ok             -         -     7      -           35 C         -        -
CT1.TMP8   ok             -         -     8      -           53 C         -        -
CT1.TMP9   ok             -         -     9      -           38 C         -        -
CT1.TMP11  ok             -         -     11     -           36 C         -        -
CT1.TMP13  ok             -         -     13     -           37 C         -        -
CT1.TMP15  ok             -         -     15     -           36 C         -        -
CT1.TMP17  ok             -         -     17     -           37 C         -        -
CT1.TMP19  ok             -         -     19     -           36 C         -        -
CT1.TMP21  ok             -         -     21     -           39 C         -        -
CT1.TMP23  ok             -         -     23     -           37 C         -        -
     root@indpure03-ct1:~# puremessage list --open
     root@indpure03-ct1:~# fcpureportlist=`pureport list --initiator | awk '/Target/,0' | cut -d. -f1 | awk '{print $1,$5}' | grep -v '-' | grep -v "Initiator" | uniq -c; echo`; fcpureportlistcount=`echo "$fcpureportlist" | awk '{total += $1} END {print total}'`; echo -e "$fcpureportlist\n\n"; echo -e "\tTotal FC connections: $fcpureportlistcount\n\n";
      1 10:00:94:40:C9:D0:7D:1B CT0
      1 10:00:94:40:C9:D0:7D:1B CT1
      1 10:00:94:40:C9:D0:7D:1C CT0
      1 10:00:94:40:C9:D0:7D:1C CT1
      1 10:00:94:40:C9:D0:7D:21 CT0
      1 10:00:94:40:C9:D0:7D:21 CT1
      1 10:00:94:40:C9:D0:7D:22 CT0
      1 10:00:94:40:C9:D0:7D:22 CT1
      1 10:00:94:40:C9:D0:D6:18 CT0
      1 10:00:94:40:C9:D0:D6:18 CT1
      1 10:00:94:40:C9:D0:D6:19 CT0
      1 10:00:94:40:C9:D0:D6:19 CT1
      1 20:00:00:25:B5:AA:00:00 CT0
      1 20:00:00:25:B5:AA:00:00 CT1
      1 20:00:00:25:B5:AA:00:01 CT0
      1 20:00:00:25:B5:AA:00:01 CT1
      1 20:00:00:25:B5:AA:00:02 CT0
      1 20:00:00:25:B5:AA:00:02 CT1
      1 20:00:00:25:B5:AA:00:03 CT0
      1 20:00:00:25:B5:AA:00:03 CT1
      1 20:00:00:25:B5:BB:00:00 CT0
      1 20:00:00:25:B5:BB:00:00 CT1
      1 20:00:00:25:B5:BB:00:01 CT0
      1 20:00:00:25:B5:BB:00:01 CT1
      1 20:00:00:25:B5:BB:00:02 CT0
      1 20:00:00:25:B5:BB:00:02 CT1
      1 20:00:00:25:B5:BB:00:03 CT0
      1 20:00:00:25:B5:BB:00:03 CT1
      1 21:00:00:0E:1E:29:16:A0 CT0
      1 21:00:00:0E:1E:29:16:A0 CT1
      1 21:00:00:0E:1E:29:16:A1 CT0
      1 21:00:00:0E:1E:29:16:A1 CT1
      1 21:00:34:80:0D:78:74:B0 CT0
      1 21:00:34:80:0D:78:74:B0 CT1
      1 21:00:34:80:0D:78:74:B1 CT0
      1 21:00:34:80:0D:78:74:B1 CT1


Total FC connections: 36


     root@indpure03-ct1:~# purearray list --controller
Name  Type              Mode       Model     Version  Status  Internal Details
CT0   array_controller  primary    FA-X20R4  6.5.8    ready   
CT1   array_controller  secondary  FA-X20R4  6.5.8    ready   
     root@indpure03-ct1:~# date;purewes controller setattr --verify-array indpure03 ct1 --mode secondary
Fri May  2 10:23:41 AM EDT 2025
No change, controller is already secondary
     root@indpure03-ct1:~# exit
logout
     root@indpure03-ct0:/var/home/pureeng# date;purewes controller setattr --verify-array indpure03 ct0 --mode secondary
Fri May  2 10:24:04 AM EDT 2025
Run checks before making changes ...
Check peer purity status...... SUCCESS
Check pureport list........... 
==========    FC connections    ==========

CT      NumOfPort  PortId                                  
CT0     1          10:00:94:40:C9:D0:7D:22                 
CT0     1          10:00:94:40:C9:D0:D6:18                 
CT0     1          20:00:00:25:B5:BB:00:03                 
CT0     1          20:00:00:25:B5:BB:00:02                 
CT0     1          10:00:94:40:C9:D0:D6:19                 
CT0     1          20:00:00:25:B5:BB:00:00                 
CT0     1          20:00:00:25:B5:BB:00:01                 
CT0     1          10:00:94:40:C9:D0:7D:21                 
CT0     1          21:00:00:0E:1E:29:16:A1                 
CT0     1          20:00:00:25:B5:AA:00:01                 
CT0     1          20:00:00:25:B5:AA:00:00                 
CT0     1          20:00:00:25:B5:AA:00:02                 
CT0     1          20:00:00:25:B5:AA:00:03                 
CT0     1          21:00:34:80:0D:78:74:B0                 
CT0     1          10:00:94:40:C9:D0:7D:1C                 
CT0     1          21:00:34:80:0D:78:74:B1                 
CT0     1          10:00:94:40:C9:D0:7D:1B                 
CT0     1          21:00:00:0E:1E:29:16:A0                 
CT1     1          21:00:34:80:0D:78:74:B1                 
CT1     1          10:00:94:40:C9:D0:7D:1B                 
CT1     1          21:00:00:0E:1E:29:16:A0                 
CT1     1          20:00:00:25:B5:AA:00:02                 
CT1     1          20:00:00:25:B5:AA:00:03                 
CT1     1          20:00:00:25:B5:AA:00:01                 
CT1     1          21:00:00:0E:1E:29:16:A1                 
CT1     1          20:00:00:25:B5:AA:00:00                 
CT1     1          21:00:34:80:0D:78:74:B0                 
CT1     1          10:00:94:40:C9:D0:7D:1C                 
CT1     1          20:00:00:25:B5:BB:00:00                 
CT1     1          20:00:00:25:B5:BB:00:01                 
CT1     1          20:00:00:25:B5:BB:00:03                 
CT1     1          20:00:00:25:B5:BB:00:02                 
CT1     1          10:00:94:40:C9:D0:D6:19                 
CT1     1          10:00:94:40:C9:D0:7D:21                 
CT1     1          10:00:94:40:C9:D0:7D:22                 
CT1     1          10:00:94:40:C9:D0:D6:18                 

Total FC connections: 36

==========    iSCSI connections    ==========

CT     NumOfPort  PortId                                  

Total iSCSI connections: 0

==========    NVMe-RoCE connections    ==========

CT     NumOfPort  PortId                                  

Total NVMe-RoCE connections: 0

SUCCESS
Check IO balance.............. Checking iobalance before proceeding, sampling for 30 seconds, retrying 3 times, adding 30 seconds with each retry
Try 1/4: Sampling I/O for 30 seconds
Sampling finished, I/O is not yet balanced
Try 2/4: Sampling I/O for 60 seconds
Sampling finished, I/O is not yet balanced
Try 3/4: Sampling I/O for 90 seconds
Sampling finished, I/O is not yet balanced
Try 4/4: Sampling I/O for 120 seconds
Sampling finished, I/O is not yet balanced
I/O is not balanced after 4 run(s).
iobalance reports the following: 
sampling host I/O for 120 seconds...
                Host  CT0 I/O Count  CT1 I/O Count  
             CLEVM01        0.00        0.00  ? Host is idle
             CLEVM02        0.00        0.00  ? Host is idle
             CLEVM03        0.00        0.00  ? Host is idle
             CLEVM04        0.00        0.00  ? Host is idle
               Dover      18.96K      18.97K  
        OHC1VMHOST01       3.49K       1.81K  ! unbalanced I/O
        OHC1VMHOST02       5.53K        0.00  ! no I/O to CT1
        OHC1VMHOST03      386.00      218.00  ! unbalanced I/O
             Orlando        0.00        0.00  ? Host is idle

Would you like to ignore this check?
WARNING: Unless the workload you are running is known to be imbalanced, ignoring this check could result in an outage and is NOT recommended.
Ignore anyway? (y/n): y
Overriding iobalance check based on user input
SUCCESS
     root@indpure03-ct0:/var/home/pureeng# date;purewes controller setattr --verify-array indpure03 ct0 --mode secondaryssh peerpurenetwork listeth listlistssh peerdate;purewes controller setattr --verify-array indpure03 ct0 --mode secondarypurerarray list --controller
Name  Type              Mode       Model     Version  Status  Internal Details
CT0   array_controller  secondary  FA-X20R4  6.5.8    ready   
CT1   array_controller  primary    FA-X20R4  6.5.8    ready   
     root@indpure03-ct0:/var/home/pureeng# fcpureportlist=`pureport list --initiator | awk '/Target/,0' | cut -d. -f1 | awk '{print $1,$5}' | grep -v '-' | grep -v "Initiator" | uniq -c; echo`; fcpureportlistcount=`echo "$fcpureportlist" | awk '{total += $1} END {print total}'`; echo -e "$fcpureportlist\n\n"; echo -e "\tTotal FC connections: $fcpureportlistcount\n\n";
      1 10:00:94:40:C9:D0:7D:1B CT0
      1 10:00:94:40:C9:D0:7D:1B CT1
      1 10:00:94:40:C9:D0:7D:1C CT0
      1 10:00:94:40:C9:D0:7D:1C CT1
      1 10:00:94:40:C9:D0:7D:21 CT0
      1 10:00:94:40:C9:D0:7D:21 CT1
      1 10:00:94:40:C9:D0:7D:22 CT0
      1 10:00:94:40:C9:D0:7D:22 CT1
      1 10:00:94:40:C9:D0:D6:18 CT0
      1 10:00:94:40:C9:D0:D6:18 CT1
      1 10:00:94:40:C9:D0:D6:19 CT0
      1 10:00:94:40:C9:D0:D6:19 CT1
      1 20:00:00:25:B5:AA:00:00 CT0
      1 20:00:00:25:B5:AA:00:00 CT1
      1 20:00:00:25:B5:AA:00:01 CT0
      1 20:00:00:25:B5:AA:00:01 CT1
      1 20:00:00:25:B5:AA:00:02 CT0
      1 20:00:00:25:B5:AA:00:02 CT1
      1 20:00:00:25:B5:AA:00:03 CT0
      1 20:00:00:25:B5:AA:00:03 CT1
      1 20:00:00:25:B5:BB:00:00 CT0
      1 20:00:00:25:B5:BB:00:00 CT1
      1 20:00:00:25:B5:BB:00:01 CT0
      1 20:00:00:25:B5:BB:00:01 CT1
      1 20:00:00:25:B5:BB:00:02 CT0
      1 20:00:00:25:B5:BB:00:02 CT1
      1 20:00:00:25:B5:BB:00:03 CT0
      1 20:00:00:25:B5:BB:00:03 CT1
      1 21:00:00:0E:1E:29:16:A0 CT0
      1 21:00:00:0E:1E:29:16:A0 CT1
      1 21:00:00:0E:1E:29:16:A1 CT0
      1 21:00:00:0E:1E:29:16:A1 CT1
      1 21:00:34:80:0D:78:74:B0 CT0
      1 21:00:34:80:0D:78:74:B0 CT1
      1 21:00:34:80:0D:78:74:B1 CT0
      1 21:00:34:80:0D:78:74:B1 CT1


Total FC connections: 36


     root@indpure03-ct0:/var/home/pureeng# iobalance --sampletime 30
sampling host I/O for 30 seconds...
                Host  CT0 I/O Count  CT1 I/O Count  
             CLEVM01        0.00        0.00  ? Host is idle
             CLEVM02        0.00        0.00  ? Host is idle
             CLEVM03        0.00        0.00  ? Host is idle
             CLEVM04        0.00        0.00  ? Host is idle
               Dover       4.94K       4.93K  
        OHC1VMHOST01        0.00      707.00  ! no I/O to CT0
        OHC1VMHOST02       2.45K        0.00  ! no I/O to CT1
        OHC1VMHOST03        0.00      186.00  ! no I/O to CT0
             Orlando        0.00        0.00  ? Host is idle
     root@indpure03-ct0:/var/home/pureeng# iobalance --sampletime 30fcpureportlist=`pureport list --initiator | awk '/Target/,0' | cut -d. -f1 | awk '{print $1,$5}' | grep -v '-' | grep -v "Initiator" | uniq -c; echo`; fcpureportlistcount=`echo "$fcpureportlist" | awk '{total += $1} END {print total}'`; echo -e "$fcpureportlist\n\n"; echo -e "\tTotal FC connections: $fcpureportlistcount\n\n";
      1 10:00:94:40:C9:D0:7D:1B CT0
      1 10:00:94:40:C9:D0:7D:1B CT1
      1 10:00:94:40:C9:D0:7D:1C CT0
      1 10:00:94:40:C9:D0:7D:1C CT1
      1 10:00:94:40:C9:D0:7D:21 CT0
      1 10:00:94:40:C9:D0:7D:21 CT1
      1 10:00:94:40:C9:D0:7D:22 CT0
      1 10:00:94:40:C9:D0:7D:22 CT1
      1 10:00:94:40:C9:D0:D6:18 CT0
      1 10:00:94:40:C9:D0:D6:18 CT1
      1 10:00:94:40:C9:D0:D6:19 CT0
      1 10:00:94:40:C9:D0:D6:19 CT1
      1 20:00:00:25:B5:AA:00:00 CT0
      1 20:00:00:25:B5:AA:00:00 CT1
      1 20:00:00:25:B5:AA:00:01 CT0
      1 20:00:00:25:B5:AA:00:01 CT1
      1 20:00:00:25:B5:AA:00:02 CT0
      1 20:00:00:25:B5:AA:00:02 CT1
      1 20:00:00:25:B5:AA:00:03 CT0
      1 20:00:00:25:B5:AA:00:03 CT1
      1 20:00:00:25:B5:BB:00:00 CT0
      1 20:00:00:25:B5:BB:00:00 CT1
      1 20:00:00:25:B5:BB:00:01 CT0
      1 20:00:00:25:B5:BB:00:01 CT1
      1 20:00:00:25:B5:BB:00:02 CT0
      1 20:00:00:25:B5:BB:00:02 CT1
      1 20:00:00:25:B5:BB:00:03 CT0
      1 20:00:00:25:B5:BB:00:03 CT1
      1 21:00:00:0E:1E:29:16:A0 CT0
      1 21:00:00:0E:1E:29:16:A0 CT1
      1 21:00:00:0E:1E:29:16:A1 CT0
      1 21:00:00:0E:1E:29:16:A1 CT1
      1 21:00:34:80:0D:78:74:B0 CT0
      1 21:00:34:80:0D:78:74:B0 CT1
      1 21:00:34:80:0D:78:74:B1 CT0
      1 21:00:34:80:0D:78:74:B1 CT1


Total FC connections: 36


     root@indpure03-ct0:/var/home/pureeng# purehwmessage list --open
     root@indpure03-ct0:/var/home/pureeng# purehwlistpurenwetowrwork list
Name       Enabled  Speed        Services
CT0.FC12   True     32.00 Gb/s   scsi-fc
CT0.FC13   True     32.00 Gb/s   scsi-fc
CT1.FC12   True     32.00 Gb/s   scsi-fc
CT1.FC13   True     32.00 Gb/s   scsi-fc
ct0.eth0   False    100.00 Gb/s  -
ct0.eth1   False    100.00 Gb/s  -
ct0.eth4   True     1.00 Gb/s    management
ct0.eth5   True     1.00 Gb/s    management
ct1.eth0   False    100.00 Gb/s  -
ct1.eth1   False    100.00 Gb/s  -
ct1.eth4   True     1.00 Gb/s    management
ct1.eth5   True     1.00 Gb/s    management
ct1.eth10  False    25.00 Gb/s   iscsi
ct1.eth11  False    25.00 Gb/s   iscsi
replbond   True     25.00 Gb/s   replication
vir4       True     1.00 Gb/s    management
vir5       False    1.00 Gb/s    management
     root@indpure03-ct0:/var/home/pureeng# purearray list --controller
Name  Type              Mode       Model     Version  Status  Internal Details
CT0   array_controller  secondary  FA-X20R4  6.5.8    ready   
CT1   array_controller  primary    FA-X20R4  6.5.8    ready   
     root@indpure03-ct0:/var/home/pureeng#  GNU GRUB  version 2.06

/----------------------------------------------------------------------------\||||||||||||||||||||||||||\----------------------------------------------------------------------------/     Use the ^ and v keys to select which entry is highlighted.          
      Press enter to boot the selected OS, `e' to edit the commands       
      before booting or `c' for a command-line.                            *Purity 6.5.8 (202408090136+b967c2f84655) with kernel 5.15.123+ (2024071402>
 Purity 6.5.5 (202404130351+34e2b1e66ad3) with kernel 5.15.123+ (2024031915>
                                                                                                                                                                                                                                                                                                                                                                                                                                                                                                                                                                                                                                                                                                                                                                                                                                                                        The highlighted entry will be executed automatically in 3s.                    The highlighted entry will be executed automatically in 2s.                    The highlighted entry will be executed automatically in 1s.                    The highlighted entry will be executed automatically in 0s.                 
indpure03-ct1 login: pureeng
1) Authenticate via CloudAssist
2) Authenticate via command line
3) Restore challenge
Type the number corresponding to the authentication method you want to use.

Selection: 1

An email for identity verification will be sent once email is entered.
Please follow the authentication instructions provided there and return to this screen when finished or if email has not been received.


Enter an email address: fharris@purestorage.com
Successfully authenticated

Fri May 02 10:37:33 2025
Welcome pureeng. This is Purity Version 6.5.8 on FlashArray indpure03
http://www.purestorage.com/
pureeng@indpure03-ct1:~$ purearray list --controller
Name  Type              Mode     Model     Version  Status   Internal Details
CT0   array_controller  offline  -         -        unknown  
CT1   array_controller  primary  FA-X20R4  6.5.8    ready    
pureeng@indpure03-ct1:~$ purearray list --controller
Name  Type              Mode     Model     Version  Status   Internal Details
CT0   array_controller  offline  -         -        unknown  
CT1   array_controller  primary  FA-X20R4  6.5.8    ready    
pureeng@indpure03-ct1:~$ purearray list --controller
Name  Type              Mode       Model     Version  Status  Internal Details
CT0   array_controller  secondary  FA-X20R4  6.5.8    ready   
CT1   array_controller  primary    FA-X20R4  6.5.8    ready   
pureeng@indpure03-ct1:~$ purehw list
Name       Status         Identify  Slot  Index  Speed       Temperature  Voltage  Details
CH0        ok             off       -     0      -           -            -        -
CH0.BAY0   ok             off       -     0      -           -            -        -
CH0.BAY1   ok             off       -     1      -           -            -        -
CH0.BAY2   ok             off       -     2      -           -            -        -
CH0.BAY3   ok             off       -     3      -           -            -        -
CH0.BAY4   ok             off       -     4      -           -            -        -
CH0.BAY5   ok             off       -     5      -           -            -        -
CH0.BAY6   ok             off       -     6      -           -            -        -
CH0.BAY7   ok             off       -     7      -           -            -        -
CH0.BAY8   ok             off       -     8      -           -            -        -
CH0.BAY9   ok             off       -     9      -           -            -        -
CH0.BAY10  ok             off       -     10     -           -            -        -
CH0.BAY11  ok             off       -     11     -           -            -        -
CH0.BAY12  ok             off       -     12     -           -            -        -
CH0.BAY13  ok             off       -     13     -           -            -        -
CH0.BAY14  ok             off       -     14     -           -            -        -
CH0.BAY15  ok             off       -     15     -           -            -        -
CH0.BAY16  ok             off       -     16     -           -            -        -
CH0.BAY17  ok             off       -     17     -           -            -        -
CH0.BAY18  ok             off       -     18     -           -            -        -
CH0.BAY19  ok             off       -     19     -           -            -        -
CH0.NVB0   ok             off       -     0      -           -            -        -
CH0.NVB1   ok             off       -     1      -           -            -        -
CH0.NVB2   not_installed  off       -     2      -           -            -        -
CH0.NVB3   not_installed  off       -     3      -           -            -        -
CH0.PWR0   ok             -         -     0      -           -            210 V    -
CH0.PWR1   ok             -         -     1      -           -            209 V    -
CH0.TMP0   ok             -         -     0      -           25 C         -        -
CT0        ok             off       -     0      -           -            -        -
CT0.ETH0   ok             -         -     0      0.00 b/s    -            -        -
CT0.ETH1   ok             -         -     1      0.00 b/s    -            -        -
CT0.ETH2   ok             -         -     2      10.00 Gb/s  -            -        -
CT0.ETH3   ok             -         -     3      10.00 Gb/s  -            -        -
CT0.ETH4   ok             -         -     4      1.00 Gb/s   -            -        -
CT0.ETH5   ok             -         -     5      1.00 Gb/s   -            -        -
CT0.ETH10  ok             -         1     10     0.00 b/s    -            -        -
CT0.ETH11  ok             -         1     11     0.00 b/s    -            -        -
CT0.FAN0   ok             -         -     0      -           -            -        -
CT0.FAN1   ok             -         -     1      -           -            -        -
CT0.FAN2   ok             -         -     2      -           -            -        -
CT0.FAN3   ok             -         -     3      -           -            -        -
CT0.FAN4   ok             -         -     4      -           -            -        -
CT0.FAN5   ok             -         -     5      -           -            -        -
CT0.FC12   ok             -         3     12     16.00 Gb/s  -            -        -
CT0.FC13   ok             -         3     13     16.00 Gb/s  -            -        -
CT0.TMP0   ok             -         -     0      -           38 C         -        -
CT0.TMP1   ok             -         -     1      -           39 C         -        -
CT0.TMP2   ok             -         -     2      -           51 C         -        -
CT0.TMP3   ok             -         -     3      -           51 C         -        -
CT0.TMP4   ok             -         -     4      -           41 C         -        -
CT0.TMP5   ok             -         -     5      -           42 C         -        -
CT0.TMP6   ok             -         -     6      -           30 C         -        -
CT0.TMP7   ok             -         -     7      -           31 C         -        -
CT0.TMP8   ok             -         -     8      -           49 C         -        -
CT0.TMP9   ok             -         -     9      -           36 C         -        -
CT0.TMP11  ok             -         -     11     -           34 C         -        -
CT0.TMP13  ok             -         -     13     -           36 C         -        -
CT0.TMP15  ok             -         -     15     -           34 C         -        -
CT0.TMP17  ok             -         -     17     -           36 C         -        -
CT0.TMP19  ok             -         -     19     -           36 C         -        -
CT0.TMP21  ok             -         -     21     -           39 C         -        -
CT0.TMP23  ok             -         -     23     -           38 C         -        -
CT1        ok             off       -     1      -           -            -        -
CT1.ETH0   ok             -         -     0      0.00 b/s    -            -        -
CT1.ETH1   ok             -         -     1      0.00 b/s    -            -        -
CT1.ETH2   ok             -         -     2      10.00 Gb/s  -            -        -
CT1.ETH3   ok             -         -     3      10.00 Gb/s  -            -        -
CT1.ETH4   ok             -         -     4      1.00 Gb/s   -            -        -
CT1.ETH5   ok             -         -     5      1.00 Gb/s   -            -        -
CT1.ETH10  ok             -         1     10     0.00 b/s    -            -        -
CT1.ETH11  ok             -         1     11     0.00 b/s    -            -        -
CT1.FAN0   ok             -         -     0      -           -            -        -
CT1.FAN1   ok             -         -     1      -           -            -        -
CT1.FAN2   ok             -         -     2      -           -            -        -
CT1.FAN3   ok             -         -     3      -           -            -        -
CT1.FAN4   ok             -         -     4      -           -            -        -
CT1.FAN5   ok             -         -     5      -           -            -        -
CT1.FC12   ok             -         3     12     16.00 Gb/s  -            -        -
CT1.FC13   ok             -         3     13     16.00 Gb/s  -            -        -
CT1.TMP0   ok             -         -     0      -           39 C         -        -
CT1.TMP1   ok             -         -     1      -           42 C         -        -
CT1.TMP2   ok             -         -     2      -           60 C         -        -
CT1.TMP3   ok             -         -     3      -           50 C         -        -
CT1.TMP4   ok             -         -     4      -           47 C         -        -
CT1.TMP5   ok             -         -     5      -           46 C         -        -
CT1.TMP6   ok             -         -     6      -           33 C         -        -
CT1.TMP7   ok             -         -     7      -           34 C         -        -
CT1.TMP8   ok             -         -     8      -           54 C         -        -
CT1.TMP9   ok             -         -     9      -           39 C         -        -
CT1.TMP11  ok             -         -     11     -           37 C         -        -
CT1.TMP13  ok             -         -     13     -           38 C         -        -
CT1.TMP15  ok             -         -     15     -           36 C         -        -
CT1.TMP17  ok             -         -     17     -           37 C         -        -
CT1.TMP19  ok             -         -     19     -           36 C         -        -
CT1.TMP21  ok             -         -     21     -           39 C         -        -
CT1.TMP23  ok             -         -     23     -           38 C         -        -
pureeng@indpure03-ct1:~$ puremessage list --open
pureeng@indpure03-ct1:~$ fcpureportlist=`pureport list --initiator | awk '/Target/,0' | cut -d. -f1 | awk '{print $1,$5}' | grep -v '-' | grep -v "Initiator" | uniq -c; echo`; fcpureportlistcount=`echo "$fcpureportlist" | awk '{total += $1} END {print total}'`; echo -e "$fcpureportlist\n\n"; echo -e "\tTotal FC connections: $fcpureportlistcount\n\n";
      1 10:00:94:40:C9:D0:7D:1B CT0
      1 10:00:94:40:C9:D0:7D:1B CT1
      1 10:00:94:40:C9:D0:7D:1C CT0
      1 10:00:94:40:C9:D0:7D:1C CT1
      1 10:00:94:40:C9:D0:7D:21 CT0
      1 10:00:94:40:C9:D0:7D:21 CT1
      1 10:00:94:40:C9:D0:7D:22 CT0
      1 10:00:94:40:C9:D0:7D:22 CT1
      1 10:00:94:40:C9:D0:D6:18 CT0
      1 10:00:94:40:C9:D0:D6:18 CT1
      1 10:00:94:40:C9:D0:D6:19 CT0
      1 10:00:94:40:C9:D0:D6:19 CT1
      1 20:00:00:25:B5:AA:00:00 CT0
      1 20:00:00:25:B5:AA:00:00 CT1
      1 20:00:00:25:B5:AA:00:01 CT0
      1 20:00:00:25:B5:AA:00:01 CT1
      1 20:00:00:25:B5:AA:00:02 CT0
      1 20:00:00:25:B5:AA:00:02 CT1
      1 20:00:00:25:B5:AA:00:03 CT0
      1 20:00:00:25:B5:AA:00:03 CT1
      1 20:00:00:25:B5:BB:00:00 CT0
      1 20:00:00:25:B5:BB:00:00 CT1
      1 20:00:00:25:B5:BB:00:01 CT0
      1 20:00:00:25:B5:BB:00:01 CT1
      1 20:00:00:25:B5:BB:00:02 CT0
      1 20:00:00:25:B5:BB:00:02 CT1
      1 20:00:00:25:B5:BB:00:03 CT0
      1 20:00:00:25:B5:BB:00:03 CT1
      1 21:00:00:0E:1E:29:16:A0 CT0
      1 21:00:00:0E:1E:29:16:A0 CT1
      1 21:00:00:0E:1E:29:16:A1 CT0
      1 21:00:00:0E:1E:29:16:A1 CT1
      1 21:00:34:80:0D:78:74:B0 CT0
      1 21:00:34:80:0D:78:74:B0 CT1
      1 21:00:34:80:0D:78:74:B1 CT0
      1 21:00:34:80:0D:78:74:B1 CT1


Total FC connections: 36


pureeng@indpure03-ct1:~$ iobalance --sampletime 30
sampling host I/O for 30 seconds...
                Host  CT0 I/O Count  CT1 I/O Count  
             CLEVM01        0.00        0.00  ? Host is idle
             CLEVM02        0.00        0.00  ? Host is idle
             CLEVM03        0.00        0.00  ? Host is idle
             CLEVM04        0.00        0.00  ? Host is idle
               Dover       6.78K       6.79K  
        OHC1VMHOST01      487.00      617.00  
        OHC1VMHOST02        0.00       1.72K  ! no I/O to CT0
        OHC1VMHOST03       58.00       64.00  
             Orlando        0.00        0.00  ? Host is idle
pureeng@indpure03-ct1:~$ suso do su
     root@indpure03-ct1:/var/home/pureeng# purearray phonehome --send-today && ssh peer purearray phonehome --send-today

Status   Action
running  send_today
phonehome is already running
Status   Action
running  send_today
     root@indpure03-ct1:/var/home/pureeng# purehw list
Name       Status         Identify  Slot  Index  Speed       Temperature  Voltage  Details
CH0        ok             off       -     0      -           -            -        -
CH0.BAY0   ok             off       -     0      -           -            -        -
CH0.BAY1   ok             off       -     1      -           -            -        -
CH0.BAY2   ok             off       -     2      -           -            -        -
CH0.BAY3   ok             off       -     3      -           -            -        -
CH0.BAY4   ok             off       -     4      -           -            -        -
CH0.BAY5   ok             off       -     5      -           -            -        -
CH0.BAY6   ok             off       -     6      -           -            -        -
CH0.BAY7   ok             off       -     7      -           -            -        -
CH0.BAY8   ok             off       -     8      -           -            -        -
CH0.BAY9   ok             off       -     9      -           -            -        -
CH0.BAY10  ok             off       -     10     -           -            -        -
CH0.BAY11  ok             off       -     11     -           -            -        -
CH0.BAY12  ok             off       -     12     -           -            -        -
CH0.BAY13  ok             off       -     13     -           -            -        -
CH0.BAY14  ok             off       -     14     -           -            -        -
CH0.BAY15  ok             off       -     15     -           -            -        -
CH0.BAY16  ok             off       -     16     -           -            -        -
CH0.BAY17  ok             off       -     17     -           -            -        -
CH0.BAY18  ok             off       -     18     -           -            -        -
CH0.BAY19  ok             off       -     19     -           -            -        -
CH0.NVB0   ok             off       -     0      -           -            -        -
CH0.NVB1   ok             off       -     1      -           -            -        -
CH0.NVB2   not_installed  off       -     2      -           -            -        -
CH0.NVB3   not_installed  off       -     3      -           -            -        -
CH0.PWR0   ok             -         -     0      -           -            210 V    -
CH0.PWR1   ok             -         -     1      -           -            210 V    -
CH0.TMP0   ok             -         -     0      -           25 C         -        -
CT0        ok             off       -     0      -           -            -        -
CT0.ETH0   ok             -         -     0      0.00 b/s    -            -        -
CT0.ETH1   ok             -         -     1      0.00 b/s    -            -        -
CT0.ETH2   ok             -         -     2      10.00 Gb/s  -            -        -
CT0.ETH3   ok             -         -     3      10.00 Gb/s  -            -        -
CT0.ETH4   ok             -         -     4      1.00 Gb/s   -            -        -
CT0.ETH5   ok             -         -     5      1.00 Gb/s   -            -        -
CT0.ETH10  ok             -         1     10     0.00 b/s    -            -        -
CT0.ETH11  ok             -         1     11     0.00 b/s    -            -        -
CT0.FAN0   ok             -         -     0      -           -            -        -
CT0.FAN1   ok             -         -     1      -           -            -        -
CT0.FAN2   ok             -         -     2      -           -            -        -
CT0.FAN3   ok             -         -     3      -           -            -        -
CT0.FAN4   ok             -         -     4      -           -            -        -
CT0.FAN5   ok             -         -     5      -           -            -        -
CT0.FC12   ok             -         3     12     16.00 Gb/s  -            -        -
CT0.FC13   ok             -         3     13     16.00 Gb/s  -            -        -
CT0.TMP0   ok             -         -     0      -           39 C         -        -
CT0.TMP1   ok             -         -     1      -           40 C         -        -
CT0.TMP2   ok             -         -     2      -           57 C         -        -
CT0.TMP3   ok             -         -     3      -           55 C         -        -
CT0.TMP4   ok             -         -     4      -           45 C         -        -
CT0.TMP5   ok             -         -     5      -           45 C         -        -
CT0.TMP6   ok             -         -     6      -           31 C         -        -
CT0.TMP7   ok             -         -     7      -           31 C         -        -
CT0.TMP8   ok             -         -     8      -           53 C         -        -
CT0.TMP9   ok             -         -     9      -           37 C         -        -
CT0.TMP11  ok             -         -     11     -           34 C         -        -
CT0.TMP13  ok             -         -     13     -           37 C         -        -
CT0.TMP15  ok             -         -     15     -           35 C         -        -
CT0.TMP17  ok             -         -     17     -           37 C         -        -
CT0.TMP19  ok             -         -     19     -           37 C         -        -
CT0.TMP21  ok             -         -     21     -           40 C         -        -
CT0.TMP23  ok             -         -     23     -           38 C         -        -
CT1        ok             off       -     1      -           -            -        -
CT1.ETH0   ok             -         -     0      0.00 b/s    -            -        -
CT1.ETH1   ok             -         -     1      0.00 b/s    -            -        -
CT1.ETH2   ok             -         -     2      10.00 Gb/s  -            -        -
CT1.ETH3   ok             -         -     3      10.00 Gb/s  -            -        -
CT1.ETH4   ok             -         -     4      1.00 Gb/s   -            -        -
CT1.ETH5   ok             -         -     5      1.00 Gb/s   -            -        -
CT1.ETH10  ok             -         1     10     0.00 b/s    -            -        -
CT1.ETH11  ok             -         1     11     0.00 b/s    -            -        -
CT1.FAN0   ok             -         -     0      -           -            -        -
CT1.FAN1   ok             -         -     1      -           -            -        -
CT1.FAN2   ok             -         -     2      -           -            -        -
CT1.FAN3   ok             -         -     3      -           -            -        -
CT1.FAN4   ok             -         -     4      -           -            -        -
CT1.FAN5   ok             -         -     5      -           -            -        -
CT1.FC12   ok             -         3     12     16.00 Gb/s  -            -        -
CT1.FC13   ok             -         3     13     16.00 Gb/s  -            -        -
CT1.TMP0   ok             -         -     0      -           39 C         -        -
CT1.TMP1   ok             -         -     1      -           42 C         -        -
CT1.TMP2   ok             -         -     2      -           61 C         -        -
CT1.TMP3   ok             -         -     3      -           54 C         -        -
CT1.TMP4   ok             -         -     4      -           47 C         -        -
CT1.TMP5   ok             -         -     5      -           46 C         -        -
CT1.TMP6   ok             -         -     6      -           33 C         -        -
CT1.TMP7   ok             -         -     7      -           34 C         -        -
CT1.TMP8   ok             -         -     8      -           55 C         -        -
CT1.TMP9   ok             -         -     9      -           39 C         -        -
CT1.TMP11  ok             -         -     11     -           37 C         -        -
CT1.TMP13  ok             -         -     13     -           38 C         -        -
CT1.TMP15  ok             -         -     15     -           36 C         -        -
CT1.TMP17  ok             -         -     17     -           38 C         -        -
CT1.TMP19  ok             -         -     19     -           36 C         -        -
CT1.TMP21  ok             -         -     21     -           40 C         -        -
CT1.TMP23  ok             -         -     23     -           38 C         -        -
     root@indpure03-ct1:/var/home/pureeng# purenetwork eth list
Name       Enabled  Type      Subnet  Address       Mask             Gateway       MTU   MAC                Speed        Services     Subinterfaces
ct0.eth0   False    physical  -       -             -                -             4200  24:a9:37:61:e2:84  100.00 Gb/s  -            -
ct0.eth1   False    physical  -       -             -                -             4200  24:a9:37:61:e2:85  100.00 Gb/s  -            -
ct0.eth4   True     physical  -       10.202.68.23  255.255.255.192  10.202.68.1   1500  24:a9:37:61:e2:88  1.00 Gb/s    management   -
ct0.eth5   True     physical  -       10.202.68.24  255.255.255.192  10.202.68.1   1500  24:a9:37:61:e2:89  1.00 Gb/s    management   -
ct0.eth10  False    physical  -       -             -                -             1500  7c:8c:09:2f:96:25  25.00 Gb/s   iscsi        -
ct0.eth11  False    physical  -       -             -                -             1500  7c:8c:09:2f:96:24  25.00 Gb/s   iscsi        -
ct1.eth0   False    physical  -       -             -                -             4200  24:a9:37:61:e3:64  100.00 Gb/s  -            -
ct1.eth1   False    physical  -       -             -                -             4200  24:a9:37:61:e3:65  100.00 Gb/s  -            -
ct1.eth4   True     physical  -       10.202.68.25  255.255.255.192  10.202.68.1   1500  24:a9:37:61:e3:68  1.00 Gb/s    management   -
ct1.eth5   True     physical  -       10.202.68.26  255.255.255.192  10.202.68.1   1500  24:a9:37:61:e3:69  1.00 Gb/s    management   -
ct1.eth10  False    physical  -       -             -                -             1500  7c:8c:09:2f:96:05  25.00 Gb/s   iscsi        -
ct1.eth11  False    physical  -       -             -                -             1500  7c:8c:09:2f:96:04  25.00 Gb/s   iscsi        -
replbond   True     bond      -       10.202.68.84  255.255.255.192  10.202.68.65  1500  46:88:6e:31:75:10  25.00 Gb/s   replication  ct1.eth2
                                                                                                                                      ct0.eth2
                                                                                                                                      ct1.eth3
                                                                                                                                      ct0.eth3
vir4       True     vif       -       10.202.68.27  255.255.255.192  10.202.68.1   1500  ea:ee:c8:1a:3f:6f  1.00 Gb/s    management   -
vir5       False    vif       -       -             -                -             1500  0a:59:db:c3:46:8d  1.00 Gb/s    management   -
     root@indpure03-ct1:/var/home/pureeng# exit 
exit
pureeng@indpure03-ct1:~$ exit
logout

indpure03-ct1 login: 