=~=~=~=~=~=~=~=~=~=~=~= PuTTY log 2025.07.28 10:06:44 =~=~=~=~=~=~=~=~=~=~=~=

Purity

PSMFJ2432005F login: puresetup
Password: 

Mon Jul 28 14:08:09 2025
Welcome puresetup. This is Purity Version 6.6.3 on FlashArray PSMFJ2432005F
http://www.purestorage.com/
puresetup@PSMFJ2432005F:~$ purearray list --controller
Error: Unable to communicate due to exception. Please try again.
puresetup@PSMFJ2432005F:~$ pureboot list

Marked entry (*) is currently running
Marked entry (-->) will run at next reboot
*-->0. Purity SC 2.2.0 (202401180327+93fe66e2e5b2) with kernel 5.15.123+ (202311280123+ed873ff80fdd) on first (/dev/sda3)
    1. Purity SC 2.2.0 (202401180327+93fe66e2e5b2) with kernel 5.15.123+ (202311280123+ed873ff80fdd) on second (/dev/sda4)
puresetup@PSMFJ2432005F:~$ =~=~=~=~=~=~=~=~=~=~=~= PuTTY log 2025.07.28 10:09:00 =~=~=~=~=~=~=~=~=~=~=~=

MOPURE01-ct0 login: pureeng
1) Authenticate via CloudAssist
2) Authenticate via command line
3) Restore challenge
Type the number corresponding to the authentication method you want to use.

Selection: 1

An email for identity verification will be sent once email is entered.
Please follow the authentication instructions provided there and return to this screen when finished or if email has not been received.


Enter an email address: fharris@purea storage.com
Successfully authenticated
Last login: Sat Apr 13 09:41:54 EDT 2024 from 127.0.0.1 on pts/0

Mon Jul 28 10:09:28 2025
Welcome pureeng. This is Purity Version 6.5.10 on FlashArray MOPURE01
http://www.purestorage.com/
pureeng@MOPURE01-ct0:~$ purepurearray list --controller
Name  Type              Mode       Model     Version  Status  Internal Details
CT0   array_controller  secondary  FA-X20R3  6.5.10   ready   
CT1   array_controller  primary    FA-X20R3  6.5.10   ready   
pureeng@MOPURE01-ct0:~$ pureahw list
Name       Status         Identify  Slot  Index  Speed       Temperature  Voltage  Details
CH0        ok             off       -     0      -           -            -        -
CH0.BAY0   ok             off       -     0      -           -            -        -
CH0.BAY1   ok             off       -     1      -           -            -        -
CH0.BAY2   ok             off       -     2      -           -            -        -
CH0.BAY3   ok             off       -     3      -           -            -        -
CH0.BAY4   ok             off       -     4      -           -            -        -
CH0.BAY5   ok             off       -     5      -           -            -        -
CH0.BAY6   ok             off       -     6      -           -            -        -
CH0.BAY7   ok             off       -     7      -           -            -        -
CH0.BAY8   ok             off       -     8      -           -            -        -
CH0.BAY9   ok             off       -     9      -           -            -        -
CH0.BAY10  ok             off       -     10     -           -            -        -
CH0.BAY11  ok             off       -     11     -           -            -        -
CH0.BAY12  ok             off       -     12     -           -            -        -
CH0.BAY13  ok             off       -     13     -           -            -        -
CH0.BAY14  ok             off       -     14     -           -            -        -
CH0.BAY15  ok             off       -     15     -           -            -        -
CH0.BAY16  ok             off       -     16     -           -            -        -
CH0.BAY17  ok             off       -     17     -           -            -        -
CH0.BAY18  ok             off       -     18     -           -            -        -
CH0.BAY19  ok             off       -     19     -           -            -        -
CH0.NVB0   ok             off       -     0      -           -            -        -
CH0.NVB1   ok             off       -     1      -           -            -        -
CH0.NVB2   not_installed  off       -     2      -           -            -        -
CH0.NVB3   not_installed  off       -     3      -           -            -        -
CH0.PWR0   ok             -         -     0      -           -            236 V    -
CH0.PWR1   ok             -         -     1      -           -            236 V    -
CH0.TMP0   ok             -         -     0      -           22 C         -        -
CT0        ok             off       -     0      -           -            -        -
CT0.ETH0   ok             -         -     0      1.00 Gb/s   -            -        -
CT0.ETH1   ok             -         -     1      0.00 b/s    -            -        -
CT0.ETH2   ok             -         -     2      10.00 Gb/s  -            -        -
CT0.ETH3   ok             -         -     3      0.00 b/s    -            -        -
CT0.ETH4   ok             -         -     4      0.00 b/s    -            -        -
CT0.ETH5   ok             -         -     5      0.00 b/s    -            -        -
CT0.ETH6   ok             -         -     6      0.00 b/s    -            -        -
CT0.ETH7   ok             -         -     7      0.00 b/s    -            -        -
CT0.ETH8   ok             -         -     8      0.00 b/s    -            -        -
CT0.ETH9   ok             -         -     9      0.00 b/s    -            -        -
CT0.ETH10  ok             -         0     10     10.00 Gb/s  -            -        -
CT0.ETH11  ok             -         0     11     10.00 Gb/s  -            -        -
CT0.FAN0   ok             -         -     0      -           -            -        -
CT0.FAN1   ok             -         -     1      -           -            -        -
CT0.FAN2   ok             -         -     2      -           -            -        -
CT0.FAN3   ok             -         -     3      -           -            -        -
CT0.FAN4   ok             -         -     4      -           -            -        -
CT0.FAN5   ok             -         -     5      -           -            -        -
CT0.FC8    ok             -         2     8      0.00 b/s    -            -        -
CT0.FC9    ok             -         2     9      0.00 b/s    -            -        -
CT0.TMP0   ok             -         -     0      -           31 C         -        -
CT0.TMP1   ok             -         -     1      -           32 C         -        -
CT0.TMP2   ok             -         -     2      -           28 C         -        -
CT0.TMP3   ok             -         -     3      -           35 C         -        -
CT0.TMP4   ok             -         -     4      -           39 C         -        -
CT0.TMP5   ok             -         -     5      -           31 C         -        -
CT0.TMP6   ok             -         -     6      -           37 C         -        -
CT0.TMP7   ok             -         -     7      -           27 C         -        -
CT0.TMP8   ok             -         -     8      -           27 C         -        -
CT0.TMP9   ok             -         -     9      -           28 C         -        -
CT0.TMP10  ok             -         -     10     -           28 C         -        -
CT0.TMP11  ok             -         -     11     -           27 C         -        -
CT0.TMP12  ok             -         -     12     -           27 C         -        -
CT0.TMP13  ok             -         -     13     -           31 C         -        -
CT0.TMP14  ok             -         -     14     -           30 C         -        -
CT0.TMP15  ok             -         -     15     -           30 C         -        -
CT0.TMP16  ok             -         -     16     -           29 C         -        -
CT0.TMP17  ok             -         -     17     -           29 C         -        -
CT0.TMP18  ok             -         -     18     -           29 C         -        -
CT0.TMP19  ok             -         -     19     -           30 C         -        -
CT0.TMP20  ok             -         -     20     -           29 C         -        -
CT0.TMP21  ok             -         -     21     -           34 C         -        -
CT0.TMP22  ok             -         -     22     -           32 C         -        -
CT0.TMP23  ok             -         -     23     -           34 C         -        -
CT0.TMP24  ok             -         -     24     -           32 C         -        -
CT0.TMP25  ok             -         -     25     -           33 C         -        -
CT0.TMP26  ok             -         -     26     -           30 C         -        -
CT1        ok             off       -     1      -           -            -        -
CT1.ETH0   ok             -         -     0      1.00 Gb/s   -            -        -
CT1.ETH1   ok             -         -     1      0.00 b/s    -            -        -
CT1.ETH2   ok             -         -     2      10.00 Gb/s  -            -        -
CT1.ETH3   ok             -         -     3      0.00 b/s    -            -        -
CT1.ETH4   ok             -         -     4      0.00 b/s    -            -        -
CT1.ETH5   ok             -         -     5      0.00 b/s    -            -        -
CT1.ETH6   ok             -         -     6      0.00 b/s    -            -        -
CT1.ETH7   ok             -         -     7      0.00 b/s    -            -        -
CT1.ETH8   ok             -         -     8      0.00 b/s    -            -        -
CT1.ETH9   ok             -         -     9      0.00 b/s    -            -        -
CT1.ETH10  ok             -         0     10     10.00 Gb/s  -            -        -
CT1.ETH11  ok             -         0     11     10.00 Gb/s  -            -        -
CT1.FAN0   ok             -         -     0      -           -            -        -
CT1.FAN1   ok             -         -     1      -           -            -        -
CT1.FAN2   ok             -         -     2      -           -            -        -
CT1.FAN3   ok             -         -     3      -           -            -        -
CT1.FAN4   ok             -         -     4      -           -            -        -
CT1.FAN5   ok             -         -     5      -           -            -        -
CT1.FC8    ok             -         2     8      0.00 b/s    -            -        -
CT1.FC9    ok             -         2     9      0.00 b/s    -            -        -
CT1.TMP0   ok             -         -     0      -           35 C         -        -
CT1.TMP1   ok             -         -     1      -           35 C         -        -
CT1.TMP2   ok             -         -     2      -           32 C         -        -
CT1.TMP3   ok             -         -     3      -           47 C         -        -
CT1.TMP4   ok             -         -     4      -           46 C         -        -
CT1.TMP5   ok             -         -     5      -           36 C         -        -
CT1.TMP6   ok             -         -     6      -           42 C         -        -
CT1.TMP7   ok             -         -     7      -           32 C         -        -
CT1.TMP8   ok             -         -     8      -           32 C         -        -
CT1.TMP9   ok             -         -     9      -           32 C         -        -
CT1.TMP10  ok             -         -     10     -           32 C         -        -
CT1.TMP11  ok             -         -     11     -           31 C         -        -
CT1.TMP12  ok             -         -     12     -           31 C         -        -
CT1.TMP13  ok             -         -     13     -           33 C         -        -
CT1.TMP14  ok             -         -     14     -           33 C         -        -
CT1.TMP15  ok             -         -     15     -           32 C         -        -
CT1.TMP16  ok             -         -     16     -           31 C         -        -
CT1.TMP17  ok             -         -     17     -           32 C         -        -
CT1.TMP18  ok             -         -     18     -           32 C         -        -
CT1.TMP19  ok             -         -     19     -           32 C         -        -
CT1.TMP20  ok             -         -     20     -           29 C         -        -
CT1.TMP21  ok             -         -     21     -           36 C         -        -
CT1.TMP22  ok             -         -     22     -           35 C         -        -
CT1.TMP23  ok             -         -     23     -           37 C         -        -
CT1.TMP24  ok             -         -     24     -           38 C         -        -
CT1.TMP25  ok             -         -     25     -           40 C         -        -
CT1.TMP26  ok             -         -     26     -           33 C         -        -
pureeng@MOPURE01-ct0:~$ upuremessage list --open
pureeng@MOPURE01-ct0:~$ purealert tag --timeout 300m --maintenance
Name         Created                  Expires
maintenance  2025-07-28 10:14:26 EDT  2025-07-28 15:14:26 EDT
pureeng@MOPURE01-ct0:~$ purearray list --controller
Name     Type              Mode       Model     Version  Status  Internal Details
CT0      array_controller  secondary  FA-X20R3  6.5.10   ready   
CT1      array_controller  primary    FA-X20R3  6.5.10   ready   
SH9.SC0  shelf_controller  -          DFSC2     2.2.0    -       -
SH9.SC1  shelf_controller  -          DFSC2     2.2.0    -       -
pureeng@MOPURE01-ct0:~$ sotorage_view.py config
Start time: 2025-07-28 10:23:12

Command line: ['/opt/Purity/bin/storage_view.py', 'config']
Version: 0.999.1
ERROR: This tool needs to be executed as root.

End time: 2025-07-28 10:23:12
pureeng@MOPURE01-ct0:~$ sudo su
     root@MOPURE01-ct0:/var/home/pureeng# purearrastorage_vew.pyiew.py config
Start time: 2025-07-28 10:25:47

Command line: ['/opt/Purity/bin/storage_view.py', 'config']
Version: 0.999.1
Working at ct0 to look over cables between ct0 and shelves

Slot listing:
 CT    Slot#   Type     Vendor       Model        FW Rev       Tracer       Assembly    
----------------------------------------------------------------------------------------
 ct0     15     SAS   LSI Logic   SAS_HGA-24i  14.00.03.00  PPPCFJ230500  PSO400051003  
 ct0    eth6    ETH    Mellanox     MT27710    14.28.1002 (PST0020110036)                             
 ct0    eth7    ETH    Mellanox     MT27710    14.28.1002 (PST0020110036)                             
 ct0    eth8    ETH    Mellanox     MT27710    14.28.1002 (PST0020110036)                             
 ct0    eth9    ETH    Mellanox     MT27710    14.28.1002 (PST0020110036)                             

Slot summary information:
-------------------------
ct0.eth7. (eth7 )] *

ct0.eth9. (eth9 )] *

ct0.eth6. (eth6 )] <---> [0.eth0 (eth0) SH9 .0     ]

ct0.eth8. (eth8 )] <---> [1.eth0 (eth0) SH9 .1     ]

Configuration status
--------------------
Configuration check started for FA-X20R3

SUCCESS: No errors detected.

End time: 2025-07-28 10:25:53
     root@MOPURE01-ct0:/var/home/pureeng# purearray phoneremoeteassist --connect
Name          Status      Opened                   Expires
MOPURE01-ct0  connecting  2025-07-28 10:26:04 EDT  2025-07-30 10:26:04 EDT
     root@MOPURE01-ct0:/var/home/pureeng# ssh peer
Last login: Thu Jun  1 16:30:31 2023
storage
Mon Jul 28 10:26:10 2025
Welcome root. This is Purity Version 6.5.10 on FlashArray MOPURE01
http://www.purestorage.com/
_     root@MOPURE01-ct1:~# storage_view.py config
Start time: 2025-07-28 10:26:17

Command line: ['/opt/Purity/bin/storage_view.py', 'config']
Version: 0.999.1
Working at ct1 to look over cables between ct1 and shelves

Slot listing:
 CT    Slot#   Type     Vendor       Model        FW Rev       Tracer       Assembly    
----------------------------------------------------------------------------------------
 ct1     15     SAS   LSI Logic   SAS_HGA-24i  14.00.03.00  PPPCFJ22340B  PSO400051003  
 ct1    eth6    ETH    Mellanox     MT27710    14.28.1002 (PST0020110036)                             
 ct1    eth7    ETH    Mellanox     MT27710    14.28.1002 (PST0020110036)                             
 ct1    eth8    ETH    Mellanox     MT27710    14.28.1002 (PST0020110036)                             
 ct1    eth9    ETH    Mellanox     MT27710    14.28.1002 (PST0020110036)                             

Slot summary information:
-------------------------
ct1.eth7. (eth7 )] *

ct1.eth9. (eth9 )] *

ct1.eth6. (eth6 )] <---> [0.eth1 (eth1) SH9 .0     ]

ct1.eth8. (eth8 )] <---> [1.eth1 (eth1) SH9 .1     ]

Configuration status
--------------------
Configuration check started for FA-X20R3

SUCCESS: No errors detected.

End time: 2025-07-28 10:26:26
     root@MOPURE01-ct1:~# purehw list
Name          Status         Identify  Slot  Index  Speed       Temperature  Voltage  Details
CH0           ok             off       -     0      -           -            -        -
CH0.BAY0      ok             off       -     0      -           -            -        -
CH0.BAY1      ok             off       -     1      -           -            -        -
CH0.BAY2      ok             off       -     2      -           -            -        -
CH0.BAY3      ok             off       -     3      -           -            -        -
CH0.BAY4      ok             off       -     4      -           -            -        -
CH0.BAY5      ok             off       -     5      -           -            -        -
CH0.BAY6      ok             off       -     6      -           -            -        -
CH0.BAY7      ok             off       -     7      -           -            -        -
CH0.BAY8      ok             off       -     8      -           -            -        -
CH0.BAY9      ok             off       -     9      -           -            -        -
CH0.BAY10     ok             off       -     10     -           -            -        -
CH0.BAY11     ok             off       -     11     -           -            -        -
CH0.BAY12     ok             off       -     12     -           -            -        -
CH0.BAY13     ok             off       -     13     -           -            -        -
CH0.BAY14     ok             off       -     14     -           -            -        -
CH0.BAY15     ok             off       -     15     -           -            -        -
CH0.BAY16     ok             off       -     16     -           -            -        -
CH0.BAY17     ok             off       -     17     -           -            -        -
CH0.BAY18     ok             off       -     18     -           -            -        -
CH0.BAY19     ok             off       -     19     -           -            -        -
CH0.NVB0      ok             off       -     0      -           -            -        -
CH0.NVB1      ok             off       -     1      -           -            -        -
CH0.NVB2      not_installed  off       -     2      -           -            -        -
CH0.NVB3      not_installed  off       -     3      -           -            -        -
CH0.PWR0      ok             -         -     0      -           -            236 V    -
CH0.PWR1      ok             -         -     1      -           -            236 V    -
CH0.TMP0      ok             -         -     0      -           22 C         -        -
CT0           ok             off       -     0      -           -            -        -
CT0.ETH0      ok             -         -     0      1.00 Gb/s   -            -        -
CT0.ETH1      ok             -         -     1      0.00 b/s    -            -        -
CT0.ETH2      ok             -         -     2      10.00 Gb/s  -            -        -
CT0.ETH3      ok             -         -     3      0.00 b/s    -            -        -
CT0.ETH4      ok             -         -     4      0.00 b/s    -            -        -
CT0.ETH5      ok             -         -     5      0.00 b/s    -            -        -
CT0.ETH6      ok             -         -     6      50.00 Gb/s  -            -        -
CT0.ETH7      ok             -         -     7      0.00 b/s    -            -        -
CT0.ETH8      ok             -         -     8      50.00 Gb/s  -            -        -
CT0.ETH9      ok             -         -     9      0.00 b/s    -            -        -
CT0.ETH10     ok             -         0     10     10.00 Gb/s  -            -        -
CT0.ETH11     ok             -         0     11     10.00 Gb/s  -            -        -
CT0.FAN0      ok             -         -     0      -           -            -        -
CT0.FAN1      ok             -         -     1      -           -            -        -
CT0.FAN2      ok             -         -     2      -           -            -        -
CT0.FAN3      ok             -         -     3      -           -            -        -
CT0.FAN4      ok             -         -     4      -           -            -        -
CT0.FAN5      ok             -         -     5      -           -            -        -
CT0.FC8       ok             -         2     8      0.00 b/s    -            -        -
CT0.FC9       ok             -         2     9      0.00 b/s    -            -        -
CT0.TMP0      ok             -         -     0      -           32 C         -        -
CT0.TMP1      ok             -         -     1      -           33 C         -        -
CT0.TMP2      ok             -         -     2      -           28 C         -        -
CT0.TMP3      ok             -         -     3      -           37 C         -        -
CT0.TMP4      ok             -         -     4      -           40 C         -        -
CT0.TMP5      ok             -         -     5      -           32 C         -        -
CT0.TMP6      ok             -         -     6      -           38 C         -        -
CT0.TMP7      ok             -         -     7      -           28 C         -        -
CT0.TMP8      ok             -         -     8      -           28 C         -        -
CT0.TMP9      ok             -         -     9      -           29 C         -        -
CT0.TMP10     ok             -         -     10     -           28 C         -        -
CT0.TMP11     ok             -         -     11     -           28 C         -        -
CT0.TMP12     ok             -         -     12     -           28 C         -        -
CT0.TMP13     ok             -         -     13     -           31 C         -        -
CT0.TMP14     ok             -         -     14     -           31 C         -        -
CT0.TMP15     ok             -         -     15     -           30 C         -        -
CT0.TMP16     ok             -         -     16     -           30 C         -        -
CT0.TMP17     ok             -         -     17     -           30 C         -        -
CT0.TMP18     ok             -         -     18     -           30 C         -        -
CT0.TMP19     ok             -         -     19     -           31 C         -        -
CT0.TMP20     ok             -         -     20     -           30 C         -        -
CT0.TMP21     ok             -         -     21     -           35 C         -        -
CT0.TMP22     ok             -         -     22     -           32 C         -        -
CT0.TMP23     ok             -         -     23     -                  -         -     1      0.00 b/s    -            -        -
CT1.ETH2      ok             -         -     2      10.00 Gb/s  -            -        -
CT1.ETH3      ok             -         -     3      0.00 b/s    -            -        -
CT1.ETH4      ok             -         -     4      0.00 b/s    -            -        -
CT1.ETH5      ok             -         -     5      0.00 b/s    -            -        -
CT1.ETH6      ok             -         -     6      50.00 Gb/s  -            -        -
CT1.ETH7      ok             -         -     7      0.00 b/s    -            -        -
CT1.ETH8      ok             -         -     8      50.00 Gb/s  -            -        -
CT1.ETH9      ok             -         -     9      0.00 b/s    -            -        -
CT1.ETH10     ok             -         0     10     10.00 Gb/s  -            -        -
CT1.ETH11     ok             -         0     11     10.00 Gb/s  -            -        -
CT1.FAN0      ok             -         -     0      -           -            -        -
CT1.FAN1      ok             -         -     1      -           -            -        -
CT1.FAN2      ok             -         -     2      -           -            -        -
CT1.FAN3      ok             -         -     3      -           -            -        -
CT1.FAN4      ok             -         -     4      -           -            -        -
CT1.FAN5      ok             -         -     5      -           -            -        -
CT1.FC8       ok             -         2     8      0.00 b/s    -            -        -
CT1.FC9       ok             -         2     9      0.00 b/s    -            -        -
CT1.TMP0      ok             -         -     0      -           36 C         -        -
CT1.TMP1      ok             -         -     1      -           37 C         -        -
CT1.TMP2      ok             -         -     2      -           32 C         -        -
CT1.TMP3      ok             -         -     3      -           50 C         -        -
CT1.TMP4      ok             -         -     4      -           51 C         -        -
CT1.TMP5      ok             -         -     5      -           37 C         -        -
CT1.TMP6      ok             -         -     6      -           45 C         -        -
CT1.TMP7      ok             -         -     7      -           33 C         -        -
CT1.TMP8      ok             -         -     8      -           33 C         -        -
CT1.TMP9      ok             -         -     9      -           33 C         -        -
CT1.TMP10     ok             -         -     10     -           33 C         -        -
CT1.TMP11     ok             -         -     11     -           32 C         -        -
CT1.TMP12     ok             -         -     12     -           31 C         -        -
CT1.TMP13     ok             -         -     13     -           34 C         -        -
CT1.TMP14     ok             -         -     14     -           34 C         -        -
CT1.TMP15     ok             -         -     15     -           33 C         -        -
CT1.TMP16     ok             -         -     16     -           33 C         -        -
CT1.TMP17     ok             -         -     17     -           33 C         -        -
CT1.TMP18     ok             -         -     18     -           33 C         -        -
CT1.TMP19     ok             -         -     19     -           32 C         -        -
CT1.TMP20     ok             -         -     20     -           29 C         -        -
CT1.TMP21     ok             -         -     21     -           38 C         -        -
CT1.TMP22     ok             -         -     22     -           37 C         -        -
CT1.TMP23     ok             -         -     23     -           39 C         -        -
CT1.TMP24     ok             -         -     24     -           40 C         -        -
CT1.TMP25     ok             -         -     25     -           42 C         -        -
CT1.TMP26     ok             -         -     26     -           33 C         -        -
SH9           ok             off       -     9      -           22 C         -        -
SH9.BAY0      not_installed  off       -     0      -           -            -        -
SH9.BAY1      not_installed  off       -     1      -           -            -        -
SH9.BAY2      not_installed  off       -     2      -           -            -        -
SH9.BAY3      not_installed  off       -     3      -           -            -        -
SH9.BAY4      not_installed  off       -     4      -           -            -        -
SH9.BAY5      not_installed  off       -     5      -           -            -        -
SH9.BAY6      not_installed  off       -     6      -           -            -        -
SH9.BAY7      not_installed  off       -     7      -           -            -        -
SH9.BAY8      not_installed  off       -     8      -           -            -        -
SH9.BAY9      not_installed  off       -     9      -           -            -        -
SH9.BAY10     not_installed  off       -     10     -           -            -        -
SH9.BAY11     not_installed  off       -     11     -           -            -        -
SH9.BAY12     not_installed  off       -     12     -           -            -        -
SH9.BAY13     not_installed  off       -     13     -           -            -        -
SH9.BAY14     not_installed  off       -     14     -           -            -        -
SH9.BAY15     not_installed  off       -     15     -           -            -        -
SH9.BAY16     not_installed  off       -     16     -           -            -        -
SH9.BAY17     not_installed  off       -     17     -           -            -        -
SH9.BAY18     not_installed  off       -     18     -           -            -        -
SH9.BAY19     not_installed  off       -     19     -           -            -        -
SH9.BAY20     not_installed  off       -     20     -           -            -        -
SH9.BAY21     not_installed  off       -     21     -           -            -        -
SH9.BAY22     not_installed  off       -     22     -           -            -        -
SH9.BAY23     not_installed  off       -     23     -           -            -        -
SH9.BAY24     not_installed  off       -     24     -           -            -        -
SH9.BAY25     not_installed  off       -     25     -           -            -        -
SH9.BAY26     not_installed  off       -     26     -           -            -        -
SH9.BAY27     not_installed  off       -     27     -           -            -        -
SH9.PWR0      ok             -         -     0      -           -            237 V    -
SH9.PWR1      ok             -         -     1      -           -            237 V    -
SH9.SC0       ok             off       -     0      -           27 C         -        -
SH9.SC0.ETH0  ok             -         -     0      50.00 Gb/s  -            -        -
SH9.SC0.ETH1  ok             -         -     1      50.00 Gb/s  -            -        -
SH9.SC0.ETH2  ok             -         -     2      0.00 b/s    -            -        -
SH9.SC0.FAN0  ok             -         -     0      -           -            -        -
SH9.SC0.FAN1  ok             -         -     1      -           -            -        -
SH9.SC0.FAN2  ok             -         -     2      -           -            -        -
SH9.SC0.FAN3  ok             -         -     3      -           -            -        -
SH9.SC0.FAN4  ok             -         -     4      -           -            -        -
SH9.SC0.FAN5  ok             -         -     5      -           -            -        -
SH9.SC1       ok             off       -     1      -           27 C         -        -
SH9.SC1.ETH0  ok             -         -     0      50.00 Gb/s  -            -        -
SH9.SC1.ETH1  ok             -         -     1      50.00 Gb/s  -            -        -
SH9.SC1.ETH2  ok             -         -     2      0.00 b/s    -            -        -
SH9.SC1.FAN0  ok             -         -     0      -           -            -        -
SH9.SC1.FAN1  ok             -         -     1      -           -            -        -
SH9.SC1.FAN2  ok             -         -     2      -           -            -        -
SH9.SC1.FAN3  ok             -         -     3      -           -            -        -
SH9.SC1.FAN4  ok             -         -     4      -           -            -        -
SH9.SC1.FAN5  ok             -         -     5      -           -            -        -
     root@MOPURE01-ct1:~# purearray raemoteassist --connect
Name          Status      Opened                   Expires
MOPURE01-ct1  connecting  2025-07-28 10:26:45 EDT  2025-07-30 10:26:45 EDT
     root@MOPURE01-ct1:~# exit
logout
     root@MOPURE01-ct0:/var/home/pureeng# ssh peerpurearray remoteassist --connectstatus
Name          Status     Opened                   Expires
MOPURE01-ct0  connected  2025-07-28 10:26:04 EDT  2025-07-30 10:26:04 EDT
     root@MOPURE01-ct0:/var/home/pureeng# puredrive list
Name       Type   Status    Capacity  Details
CH0.BAY0   SSD    healthy   2.05T     -
CH0.BAY1   SSD    healthy   2.05T     -
CH0.BAY2   SSD    healthy   2.05T     -
CH0.BAY3   SSD    healthy   2.05T     -
CH0.BAY4   SSD    healthy   2.05T     -
CH0.BAY5   SSD    healthy   2.05T     -
CH0.BAY6   SSD    healthy   2.05T     -
CH0.BAY7   SSD    healthy   2.05T     -
CH0.BAY8   SSD    healthy   2.05T     -
CH0.BAY9   SSD    healthy   2.05T     -
CH0.BAY10  SSD    healthy   2.05T     -
CH0.BAY11  SSD    healthy   2.05T     -
CH0.BAY12  SSD    healthy   2.05T     -
CH0.BAY13  SSD    healthy   2.05T     -
CH0.BAY14  SSD    healthy   2.05T     -
CH0.BAY15  SSD    healthy   2.05T     -
CH0.BAY16  SSD    healthy   2.05T     -
CH0.BAY17  SSD    healthy   2.05T     -
CH0.BAY18  SSD    healthy   2.05T     -
CH0.BAY19  SSD    healthy   2.05T     -
CH0.NVB0   NVRAM  healthy   7.52G     -
CH0.NVB1   NVRAM  healthy   7.52G     -
CH0.NVB2   NVRAM  unused    0.00      -
CH0.NVB3   NVRAM  unused    0.00      -
SH9.BAY0   SSD    updating  0.00      -
SH9.BAY1   -      unused    0.00      -
SH9.BAY2   -      unused    0.00      -
SH9.BAY3   -      unused    0.00      -
SH9.BAY4   -      unused    0.00      -
SH9.BAY5   -      unused    0.00      -
SH9.BAY6   -      unused    0.00      -
SH9.BAY7   -      unused    0.00      -
SH9.BAY8   -      unused    0.00      -
SH9.BAY9   -      unused    0.00      -
SH9.BAY10  -      unused    0.00      -
SH9.BAY11  -      unused    0.00      -
SH9.BAY12  -      unused    0.00      -
SH9.BAY13  -      unused    0.00      -
SH9.BAY14  -      unused    0.00      -
SH9.BAY15  -      unused    0.00      -
SH9.BAY16  -      unused    0.00      -
SH9.BAY17  -      unused    0.00      -
SH9.BAY18  -      unused    0.00      -
SH9.BAY19  -      unused    0.00      -
SH9.BAY20  -      unused    0.00      -
SH9.BAY21  -      unused    0.00      -
SH9.BAY22  -      unused    0.00      -
SH9.BAY23  -      unused    0.00      -
SH9.BAY24  -      unused    0.00      -
SH9.BAY25  -      unused    0.00      -
SH9.BAY26  -      unused    0.00      -
SH9.BAY27  -      unused    0.00      -
     root@MOPURE01-ct0:/var/home/pureeng# puredrive list
Name       Type   Status    Capacity  Details
CH0.BAY0   SSD    healthy   2.05T     -
CH0.BAY1   SSD    healthy   2.05T     -
CH0.BAY2   SSD    healthy   2.05T     -
CH0.BAY3   SSD    healthy   2.05T     -
CH0.BAY4   SSD    healthy   2.05T     -
CH0.BAY5   SSD    healthy   2.05T     -
CH0.BAY6   SSD    healthy   2.05T     -
CH0.BAY7   SSD    healthy   2.05T     -
CH0.BAY8   SSD    healthy   2.05T     -
CH0.BAY9   SSD    healthy   2.05T     -
CH0.BAY10  SSD    healthy   2.05T     -
CH0.BAY11  SSD    healthy   2.05T     -
CH0.BAY12  SSD    healthy   2.05T     -
CH0.BAY13  SSD    healthy   2.05T     -
CH0.BAY14  SSD    healthy   2.05T     -
CH0.BAY15  SSD    healthy   2.05T     -
CH0.BAY16  SSD    healthy   2.05T     -
CH0.BAY17  SSD    healthy   2.05T     -
CH0.BAY18  SSD    healthy   2.05T     -
CH0.BAY19  SSD    healthy   2.05T     -
CH0.NVB0   NVRAM  healthy   7.52G     -
CH0.NVB1   NVRAM  healthy   7.52G     -
CH0.NVB2   NVRAM  unused    0.00      -
CH0.NVB3   NVRAM  unused    0.00      -
SH9.BAY0   SSD    updating  0.00      -
SH9.BAY1   -      unused    0.00      -
SH9.BAY2   -      unused    0.00      -
SH9.BAY3   -      unused    0.00      -
SH9.BAY4   -      unused    0.00      -
SH9.BAY5   -      unused    0.00      -
SH9.BAY6   -      unused    0.00      -
SH9.BAY7   -      unused    0.00      -
SH9.BAY8   -      unused    0.00      -
SH9.BAY9   -      unused    0.00      -
SH9.BAY10  -      unused    0.00      -
SH9.BAY11  -      unused    0.00      -
SH9.BAY12  -      unused    0.00      -
SH9.BAY13  -      unused    0.00      -
SH9.BAY14  -      unused    0.00      -
SH9.BAY15  -      unused    0.00      -
SH9.BAY16  -      unused    0.00      -
SH9.BAY17  -      unused    0.00      -
SH9.BAY18  -      unused    0.00      -
SH9.BAY19  -      unused    0.00      -
SH9.BAY20  -      unused    0.00      -
SH9.BAY21  -      unused    0.00      -
SH9.BAY22  -      unused    0.00      -
SH9.BAY23  -      unused    0.00      -
SH9.BAY24  -      unused    0.00      -
SH9.BAY25  -      unused    0.00      -
SH9.BAY26  -      unused    0.00      -
SH9.BAY27  -      unused    0.00      -
     root@MOPURE01-ct0:/var/home/pureeng# puredrive list
Name       Type   Status    Capacity  Details
CH0.BAY0   SSD    healthy   2.05T     -
CH0.BAY1   SSD    healthy   2.05T     -
CH0.BAY2   SSD    healthy   2.05T     -
CH0.BAY3   SSD    healthy   2.05T     -
CH0.BAY4   SSD    healthy   2.05T     -
CH0.BAY5   SSD    healthy   2.05T     -
CH0.BAY6   SSD    healthy   2.05T     -
CH0.BAY7   SSD    healthy   2.05T     -
CH0.BAY8   SSD    healthy   2.05T     -
CH0.BAY9   SSD    healthy   2.05T     -
CH0.BAY10  SSD    healthy   2.05T     -
CH0.BAY11  SSD    healthy   2.05T     -
CH0.BAY12  SSD    healthy   2.05T     -
CH0.BAY13  SSD    healthy   2.05T     -
CH0.BAY14  SSD    healthy   2.05T     -
CH0.BAY15  SSD    healthy   2.05T     -
CH0.BAY16  SSD    healthy   2.05T     -
CH0.BAY17  SSD    healthy   2.05T     -
CH0.BAY18  SSD    healthy   2.05T     -
CH0.BAY19  SSD    healthy   2.05T     -
CH0.NVB0   NVRAM  healthy   7.52G     -
CH0.NVB1   NVRAM  healthy   7.52G     -
CH0.NVB2   NVRAM  unused    0.00      -
CH0.NVB3   NVRAM  unused    0.00      -
SH9.BAY0   SSD    updating  0.00      -
SH9.BAY1   -      unused    0.00      -
SH9.BAY2   -      unused    0.00      -
SH9.BAY3   -      unused    0.00      -
SH9.BAY4   -      unused    0.00      -
SH9.BAY5   -      unused    0.00      -
SH9.BAY6   -      unused    0.00      -
SH9.BAY7   -      unused    0.00      -
SH9.BAY8   -      unused    0.00      -
SH9.BAY9   -      unused    0.00      -
SH9.BAY10  -      unused    0.00      -
SH9.BAY11  -      unused    0.00      -
SH9.BAY12  -      unused    0.00      -
SH9.BAY13  -      unused    0.00      -
SH9.BAY14  -      unused    0.00      -
SH9.BAY15  -      unused    0.00      -
SH9.BAY16  -      unused    0.00      -
SH9.BAY17  -      unused    0.00      -
SH9.BAY18  -      unused    0.00      -
SH9.BAY19  -      unused    0.00      -
SH9.BAY20  -      unused    0.00      -
SH9.BAY21  -      unused    0.00      -
SH9.BAY22  -      unused    0.00      -
SH9.BAY23  -      unused    0.00      -
SH9.BAY24  -      unused    0.00      -
SH9.BAY25  -      unused    0.00      -
SH9.BAY26  -      unused    0.00      -
SH9.BAY27  -      unused    0.00      -
     root@MOPURE01-ct0:/var/home/pureeng# puredrive list
Name       Type   Status      Capacity  Details
CH0.BAY0   SSD    healthy     2.05T     -
CH0.BAY1   SSD    healthy     2.05T     -
CH0.BAY2   SSD    healthy     2.05T     -
CH0.BAY3   SSD    healthy     2.05T     -
CH0.BAY4   SSD    healthy     2.05T     -
CH0.BAY5   SSD    healthy     2.05T     -
CH0.BAY6   SSD    healthy     2.05T     -
CH0.BAY7   SSD    healthy     2.05T     -
CH0.BAY8   SSD    healthy     2.05T     -
CH0.BAY9   SSD    healthy     2.05T     -
CH0.BAY10  SSD    healthy     2.05T     -
CH0.BAY11  SSD    healthy     2.05T     -
CH0.BAY12  SSD    healthy     2.05T     -
CH0.BAY13  SSD    healthy     2.05T     -
CH0.BAY14  SSD    healthy     2.05T     -
CH0.BAY15  SSD    healthy     2.05T     -
CH0.BAY16  SSD    healthy     2.05T     -
CH0.BAY17  SSD    healthy     2.05T     -
CH0.BAY18  SSD    healthy     2.05T     -
CH0.BAY19  SSD    healthy     2.05T     -
CH0.NVB0   NVRAM  healthy     7.52G     -
CH0.NVB1   NVRAM  healthy     7.52G     -
CH0.NVB2   NVRAM  unused      0.00      -
CH0.NVB3   NVRAM  unused      0.00      -
SH9.BAY0   SSD    unadmitted  0.00      waiting for user
SH9.BAY1   SSD    updating    0.00      -
SH9.BAY2   SSD    updating    0.00      -
SH9.BAY3   SSD    failed      0.00      -
SH9.BAY4   SSD    updating    0.00      -
SH9.BAY5   SSD    updating    0.00      Not accessible from SC0
SH9.BAY6   SSD    failed      0.00      -
SH9.BAY7   SSD    updating    0.00      -
SH9.BAY8   SSD    unhealthy   0.00      Firmware upgrade in progress. Current firmware: 4.1.20(http://go/zh)
SH9.BAY9   SSD    unhealthy   0.00      Firmware upgrade in progress. Current firmware: 4.1.20(http://go/zh)
SH9.BAY10  SSD    unhealthy   0.00      Firmware upgrade in progress. Current firmware: 2.8.30(http://go/zh)
SH9.BAY11  -      unused      0.00      -
SH9.BAY12  -      unused      0.00      -
SH9.BAY13  -      unused      0.00      -
SH9.BAY14  -      unused      0.00      -
SH9.BAY15  -      unused      0.00      -
SH9.BAY16  -      unused      0.00      -
SH9.BAY17  -      unused      0.00      -
SH9.BAY18  -      unused      0.00      -
SH9.BAY19  -      unused      0.00      -
SH9.BAY20  -      unused      0.00      -
SH9.BAY21  -      unused      0.00      -
SH9.BAY22  -      unused      0.00      -
SH9.BAY23  -      unused      0.00      -
SH9.BAY24  -      unused      0.00      -
SH9.BAY25  -      unused      0.00      -
SH9.BAY26  -      unused      0.00      -
SH9.BAY27  -      unused      0.00      -
     root@MOPURE01-ct0:/var/home/pureeng# puredrive list
Name       Type   Status      Capacity  Details
CH0.BAY0   SSD    healthy     2.05T     -
CH0.BAY1   SSD    healthy     2.05T     -
CH0.BAY2   SSD    healthy     2.05T     -
CH0.BAY3   SSD    healthy     2.05T     -
CH0.BAY4   SSD    healthy     2.05T     -
CH0.BAY5   SSD    healthy     2.05T     -
CH0.BAY6   SSD    healthy     2.05T     -
CH0.BAY7   SSD    healthy     2.05T     -
CH0.BAY8   SSD    healthy     2.05T     -
CH0.BAY9   SSD    healthy     2.05T     -
CH0.BAY10  SSD    healthy     2.05T     -
CH0.BAY11  SSD    healthy     2.05T     -
CH0.BAY12  SSD    healthy     2.05T     -
CH0.BAY13  SSD    healthy     2.05T     -
CH0.BAY14  SSD    healthy     2.05T     -
CH0.BAY15  SSD    healthy     2.05T     -
CH0.BAY16  SSD    healthy     2.05T     -
CH0.BAY17  SSD    healthy     2.05T     -
CH0.BAY18  SSD    healthy     2.05T     -
CH0.BAY19  SSD    healthy     2.05T     -
CH0.NVB0   NVRAM  healthy     7.52G     -
CH0.NVB1   NVRAM  healthy     7.52G     -
CH0.NVB2   NVRAM  unused      0.00      -
CH0.NVB3   NVRAM  unused      0.00      -
SH9.BAY0   SSD    unadmitted  0.00      waiting for user
SH9.BAY1   SSD    unadmitted  0.00      waiting for user
SH9.BAY2   SSD    unadmitted  0.00      waiting for user
SH9.BAY3   SSD    unadmitted  0.00      waiting for user
SH9.BAY4   SSD    unadmitted  0.00      waiting for user
SH9.BAY5   SSD    unadmitted  0.00      waiting for user
SH9.BAY6   SSD    unadmitted  0.00      waiting for user
SH9.BAY7   SSD    unadmitted  0.00      waiting for user
SH9.BAY8   SSD    unhealthy   0.00      Firmware upgrade in progress. Current firmware: 4.1.20(http://go/zh)
SH9.BAY9   SSD    unhealthy   0.00      Firmware upgrade in progress. Current firmware: 4.1.20(http://go/zh)
SH9.BAY10  SSD    unhealthy   0.00      Firmware upgrade in progress. Current firmware: 2.8.30(http://go/zh)
SH9.BAY11  SSD    unhealthy   0.00      Firmware upgrade in progress. Current firmware: 2.8.30(http://go/zh)
SH9.BAY12  SSD    unhealthy   0.00      Firmware upgrade in progress. Current firmware: 2.8.30(http://go/zh)
SH9.BAY13  SSD    unhealthy   0.00      Not accessible from SC0
SH9.BAY14  -      unused      0.00      -
SH9.BAY15  -      unused      0.00      -
SH9.BAY16  -      unused      0.00      -
SH9.BAY17  -      unused      0.00      -
SH9.BAY18  -      unused      0.00      -
SH9.BAY19  -      unused      0.00      -
SH9.BAY20  -      unused      0.00      -
SH9.BAY21  -      unused      0.00      -
SH9.BAY22  -      unused      0.00      -
SH9.BAY23  -      unused      0.00      -
SH9.BAY24  -      unused      0.00      -
SH9.BAY25  -      unused      0.00      -
SH9.BAY26  -      unused      0.00      -
SH9.BAY27  -      unused      0.00      -
     root@MOPURE01-ct0:/var/home/pureeng# pureararay list --conetroller
Name     Type              Mode       Model     Version  Status  Internal Details
CT0      array_controller  secondary  FA-X20R3  6.5.10   ready   
CT1      array_controller  primary    FA-X20R3  6.5.10   ready   
SH9.SC0  shelf_controller  -          DFSC2     2.2.0    -       -
SH9.SC1  shelf_controller  -          DFSC2     2.2.0    -       -
     root@MOPURE01-ct0:/var/home/pureeng# puearrrearray list --space
Name      Capacity  Parity  Provisioned Size  Virtual  Thin Provisioning  Data Reduction  Total Reduction  Unique  Snapshots  Shared  System  Replication  Total
MOPURE01  22.33T    100%    68265G            39.49T   41%                13.6 to 1       28.8 to 1        10.97T  4.11T      2.67T   0.00    0.00         17.74T
     root@MOPURE01-ct0:/var/home/pureeng# purearray list
Name      ID                                    OS          Version
MOPURE01  1ac6fa3b-b130-46e2-b8f3-c93a527f2e82  Purity//FA  6.5.10
     root@MOPURE01-ct0:/var/home/pureeng# pureboot list

Marked entry (*) is currently running
Marked entry (-->) will run at next reboot
*-->0. Purity 6.5.10 (202503222031+c6937a2616b9) with kernel 5.15.123+ (202502120717+4e5bb8230c85) on first (/dev/sda3)
    1. Purity 6.5.8 (202408090136+b967c2f84655) with kernel 5.15.123+ (202407140227+e4052619b975) on second (/dev/sda4)
     root@MOPURE01-ct0:/var/home/pureeng# puredrive list
Name       Type   Status      Capacity  Details
CH0.BAY0   SSD    healthy     2.05T     -
CH0.BAY1   SSD    healthy     2.05T     -
CH0.BAY2   SSD    healthy     2.05T     -
CH0.BAY3   SSD    healthy     2.05T     -
CH0.BAY4   SSD    healthy     2.05T     -
CH0.BAY5   SSD    healthy     2.05T     -
CH0.BAY6   SSD    healthy     2.05T     -
CH0.BAY7   SSD    healthy     2.05T     -
CH0.BAY8   SSD    healthy     2.05T     -
CH0.BAY9   SSD    healthy     2.05T     -
CH0.BAY10  SSD    healthy     2.05T     -
CH0.BAY11  SSD    healthy     2.05T     -
CH0.BAY12  SSD    healthy     2.05T     -
CH0.BAY13  SSD    healthy     2.05T     -
CH0.BAY14  SSD    healthy     2.05T     -
CH0.BAY15  SSD    healthy     2.05T     -
CH0.BAY16  SSD    healthy     2.05T     -
CH0.BAY17  SSD    healthy     2.05T     -
CH0.BAY18  SSD    healthy     2.05T     -
CH0.BAY19  SSD    healthy     2.05T     -
CH0.NVB0   NVRAM  healthy     7.52G     -
CH0.NVB1   NVRAM  healthy     7.52G     -
CH0.NVB2   NVRAM  unused      0.00      -
CH0.NVB3   NVRAM  unused      0.00      -
SH9.BAY0   SSD    unadmitted  0.00      waiting for user
SH9.BAY1   SSD    unadmitted  0.00      waiting for user
SH9.BAY2   SSD    unadmitted  0.00      waiting for user
SH9.BAY3   SSD    unadmitted  0.00      waiting for user
SH9.BAY4   SSD    unadmitted  0.00      waiting for user
SH9.BAY5   SSD    unadmitted  0.00      waiting for user
SH9.BAY6   SSD    unadmitted  0.00      waiting for user
SH9.BAY7   SSD    unadmitted  0.00      waiting for user
SH9.BAY8   SSD    unadmitted  0.00      waiting for user
SH9.BAY9   SSD    unadmitted  0.00      waiting for user
SH9.BAY10  SSD    unadmitted  0.00      waiting for user
SH9.BAY11  SSD    unadmitted  0.00      waiting for user
SH9.BAY12  SSD    unadmitted  0.00      waiting for user
SH9.BAY13  SSD    unadmitted  0.00      waiting for user
SH9.BAY14  -      unused      0.00      -
SH9.BAY15  -      unused      0.00      -
SH9.BAY16  -      unused      0.00      -
SH9.BAY17  -      unused      0.00      -
SH9.BAY18  -      unused      0.00      -
SH9.BAY19  -      unused      0.00      -
SH9.BAY20  -      unused      0.00      -
SH9.BAY21  -      unused      0.00      -
SH9.BAY22  -      unused      0.00      -
SH9.BAY23  -      unused      0.00      -
SH9.BAY24  -      unused      0.00      -
SH9.BAY25  -      unused      0.00      -
SH9.BAY26  -      unused      0.00      -
SH9.BAY27  -      unused      0.00      -
     root@MOPURE01-ct0:/var/home/pureeng# =~=~=~=~=~=~=~=~=~=~=~= PuTTY log 2025.07.28 11:18:56 =~=~=~=~=~=~=~=~=~=~=~=

     root@MOPURE01-ct0:/var/home/pureeng# purearray remoteassist --status
Name          Status     Opened                   Expires
MOPURE01-ct0  connected  2025-07-28 10:26:04 EDT  2025-07-30 10:26:04 EDT
     root@MOPURE01-ct0:/var/home/pureeng# puredrive list
Name       Type   Status      Capacity  Details
CH0.BAY0   SSD    healthy     2.05T     -
CH0.BAY1   SSD    healthy     2.05T     -
CH0.BAY2   SSD    healthy     2.05T     -
CH0.BAY3   SSD    healthy     2.05T     -
CH0.BAY4   SSD    healthy     2.05T     -
CH0.BAY5   SSD    healthy     2.05T     -
CH0.BAY6   SSD    healthy     2.05T     -
CH0.BAY7   SSD    healthy     2.05T     -
CH0.BAY8   SSD    healthy     2.05T     -
CH0.BAY9   SSD    healthy     2.05T     -
CH0.BAY10  SSD    healthy     2.05T     -
CH0.BAY11  SSD    healthy     2.05T     -
CH0.BAY12  SSD    healthy     2.05T     -
CH0.BAY13  SSD    healthy     2.05T     -
CH0.BAY14  SSD    healthy     2.05T     -
CH0.BAY15  SSD    healthy     2.05T     -
CH0.BAY16  SSD    healthy     2.05T     -
CH0.BAY17  SSD    healthy     2.05T     -
CH0.BAY18  SSD    healthy     2.05T     -
CH0.BAY19  SSD    healthy     2.05T     -
CH0.NVB0   NVRAM  healthy     7.52G     -
CH0.NVB1   NVRAM  healthy     7.52G     -
CH0.NVB2   NVRAM  unused      0.00      -
CH0.NVB3   NVRAM  unused      0.00      -
SH9.BAY0   SSD    unadmitted  0.00      waiting for user
SH9.BAY1   SSD    unadmitted  0.00      waiting for user
SH9.BAY2   SSD    unadmitted  0.00      waiting for user
SH9.BAY3   SSD    unadmitted  0.00      waiting for user
SH9.BAY4   SSD    unadmitted  0.00      waiting for user
SH9.BAY5   SSD    unadmitted  0.00      waiting for user
SH9.BAY6   SSD    unadmitted  0.00      waiting for user
SH9.BAY7   SSD    unadmitted  0.00      waiting for user
SH9.BAY8   SSD    unadmitted  0.00      waiting for user
SH9.BAY9   SSD    unadmitted  0.00      waiting for user
SH9.BAY10  SSD    unadmitted  0.00      waiting for user
SH9.BAY11  SSD    unadmitted  0.00      waiting for user
SH9.BAY12  SSD    unadmitted  0.00      waiting for user
SH9.BAY13  SSD    unadmitted  0.00      waiting for user
SH9.BAY14  -      unused      0.00      -
SH9.BAY15  -      unused      0.00      -
SH9.BAY16  -      unused      0.00      -
SH9.BAY17  -      unused      0.00      -
SH9.BAY18  -      unused      0.00      -
SH9.BAY19  -      unused      0.00      -
SH9.BAY20  -      unused      0.00      -
SH9.BAY21  -      unused      0.00      -
SH9.BAY22  -      unused      0.00      -
SH9.BAY23  -      unused      0.00      -
SH9.BAY24  -      unused      0.00      -
SH9.BAY25  -      unused      0.00      -
SH9.BAY26  -      unused      0.00      -
SH9.BAY27  -      unused      0.00      -
     root@MOPURE01-ct0:/var/home/pureeng# puredrive listarray remoteassist --status
Name          Status     Opened                   Expires
MOPURE01-ct0  connected  2025-07-28 10:26:04 EDT  2025-07-30 10:26:04 EDT
     root@MOPURE01-ct0:/var/home/pureeng# purearray list -pureararay list --space
Name      Capacity  Parity  Provisioned Size  Virtual  Thin Provisioning  Data Reduction  Total Reduction  Unique  Snapshots  Shared  System  Replication  Total
MOPURE01  22.33T    100%    68265G            39.49T   41%                13.7 to 1       28.8 to 1        10.96T  4.11T      2.67T   0.00    0.00         17.74T
     root@MOPURE01-ct0:/var/home/pureeng# purearray list --space
Name      Capacity  Parity  Provisioned Size  Virtual  Thin Provisioning  Data Reduction  Total Reduction  Unique  Snapshots  Shared  System  Replication  Total
MOPURE01  22.33T    100%    68265G            39.49T   41%                13.7 to 1       28.8 to 1        10.96T  4.11T      2.67T   0.00    0.00         17.74T
     root@MOPURE01-ct0:/var/home/pureeng# puredrive admit
Name       Type  Status   Capacity  Installed Capacity  Details
SH9.BAY0   SSD   healthy  -         -                   -
SH9.BAY1   SSD   healthy  -         -                   -
SH9.BAY2   SSD   healthy  -         -                   -
SH9.BAY3   SSD   healthy  -         -                   -
SH9.BAY4   SSD   healthy  -         -                   -
SH9.BAY5   SSD   healthy  -         -                   -
SH9.BAY6   SSD   healthy  -         -                   -
SH9.BAY7   SSD   healthy  -         -                   -
SH9.BAY8   SSD   healthy  -         -                   -
SH9.BAY9   SSD   healthy  -         -                   -
SH9.BAY10  SSD   healthy  -         -                   -
SH9.BAY11  SSD   healthy  -         -                   -
SH9.BAY12  SSD   healthy  -         -                   -
SH9.BAY13  SSD   healthy  -         -                   -
     root@MOPURE01-ct0:/var/home/pureeng# puredrive list
Name       Type   Status   Capacity  Details
CH0.BAY0   SSD    healthy  2.05T     -
CH0.BAY1   SSD    healthy  2.05T     -
CH0.BAY2   SSD    healthy  2.05T     -
CH0.BAY3   SSD    healthy  2.05T     -
CH0.BAY4   SSD    healthy  2.05T     -
CH0.BAY5   SSD    healthy  2.05T     -
CH0.BAY6   SSD    healthy  2.05T     -
CH0.BAY7   SSD    healthy  2.05T     -
CH0.BAY8   SSD    healthy  2.05T     -
CH0.BAY9   SSD    healthy  2.05T     -
CH0.BAY10  SSD    healthy  2.05T     -
CH0.BAY11  SSD    healthy  2.05T     -
CH0.BAY12  SSD    healthy  2.05T     -
CH0.BAY13  SSD    healthy  2.05T     -
CH0.BAY14  SSD    healthy  2.05T     -
CH0.BAY15  SSD    healthy  2.05T     -
CH0.BAY16  SSD    healthy  2.05T     -
CH0.BAY17  SSD    healthy  2.05T     -
CH0.BAY18  SSD    healthy  2.05T     -
CH0.BAY19  SSD    healthy  2.05T     -
CH0.NVB0   NVRAM  healthy  7.52G     -
CH0.NVB1   NVRAM  healthy  7.52G     -
CH0.NVB2   NVRAM  unused   0.00      -
CH0.NVB3   NVRAM  unused   0.00      -
SH9.BAY0   SSD    healthy  4.56T     -
SH9.BAY1   SSD    healthy  4.56T     -
SH9.BAY2   SSD    healthy  4.56T     -
SH9.BAY3   SSD    healthy  4.56T     -
SH9.BAY4   SSD    healthy  4.56T     -
SH9.BAY5   SSD    healthy  4.56T     -
SH9.BAY6   SSD    healthy  4.56T     -
SH9.BAY7   SSD    healthy  4.56T     -
SH9.BAY8   SSD    healthy  4.56T     -
SH9.BAY9   SSD    healthy  4.56T     -
SH9.BAY10  SSD    healthy  4.56T     -
SH9.BAY11  SSD    healthy  4.56T     -
SH9.BAY12  SSD    healthy  4.56T     -
SH9.BAY13  SSD    healthy  4.56T     -
SH9.BAY14  -      unused   0.00      -
SH9.BAY15  -      unused   0.00      -
SH9.BAY16  -      unused   0.00      -
SH9.BAY17  -      unused   0.00      -
SH9.BAY18  -      unused   0.00      -
SH9.BAY19  -      unused   0.00      -
SH9.BAY20  -      unused   0.00      -
SH9.BAY21  -      unused   0.00      -
SH9.BAY22  -      unused   0.00      -
SH9.BAY23  -      unused   0.00      -
SH9.BAY24  -      unused   0.00      -
SH9.BAY25  -      unused   0.00      -
SH9.BAY26  -      unused   0.00      -
SH9.BAY27  -      unused   0.00      -
     root@MOPURE01-ct0:/var/home/pureeng# purearray phonehome --send-today
Status   Action
running  send_today
     root@MOPURE01-ct0:/var/home/pureeng# ssh peer
Last login: Mon Jul 28 10:26:08 2025 from fe80::26a9:37ff:fe55:b537%haeth0

Mon Jul 28 11:27:49 2025
Welcome root. This is Purity Version 6.5.10 on FlashArray MOPURE01
http://www.purestorage.com/
     root@MOPURE01-ct1:~# purearray phonehome --steend-today
phonehome is already running
Status   Action
running  send_today
     root@MOPURE01-ct1:~# purearrayy list -s-space
Name      Capacity  Parity  Provisioned Size  Virtual  Thin Provisioning  Data Reduction  Total Reduction  Unique  Snapshots  Shared  System  Replication  Total
MOPURE01  22.33T    100%    68265G            39.49T   41%                13.7 to 1       28.8 to 1        10.96T  4.11T      2.67T   0.00    0.00         17.74T
     root@MOPURE01-ct1:~# purearray list --space
Name      Capacity  Parity  Provisioned Size  Virtual  Thin Provisioning  Data Reduction  Total Reduction  Unique  Snapshots  Shared  System  Replication  Total
MOPURE01  22.33T    100%    68265G            39.49T   41%                13.7 to 1       28.8 to 1        10.96T  4.11T      2.67T   0.00    0.00         17.74T
     root@MOPURE01-ct1:~# 