=~=~=~=~=~=~=~=~=~=~=~= PuTTY log 2025.08.05 09:36:37 =~=~=~=~=~=~=~=~=~=~=~=

FlashBlade on Ubuntu

irsled login: ir
Password: 

Welcome to Purity//FB! This is component irsled
If you're seeing this message, it means that the system is not ready for use, and core system software is not running.
If you are not expecting this message, please try logging out and logging back in. If the message persists, please
contact Pure support. 
http://www.purestorage.com/
ir@irsled:~$ mount /dev/sdb1 /mnt
mount: only root can do that
ir@irsled:~$ sudo mount /dev/sdb1 /mnt
ir@irsled:~$ ls /mnt
ls: cannot open directory '/mnt': Permission denied
ir@irsled:~$ sudo /ls ?/mnt
 4.5.11   6.6.11   DFS FB  'System Volume Information'
ir@irsled:~$ sudo mkdir /sssdb/releases
ir@irsled:~$ sudo chown ir:ir /ssd/releases
ir@irsled:~$ cd /ssd re/releases/
ir@irsled:/ssd/releases$ lmcp /mnt/4.5.11ls /mnt
ls: cannot open directory '/mnt': Permission denied
ir@irsled:/ssd/releases$ sudo cp /mnt/4.5.11/* .
cp: cannot stat '/mnt/4.5.11/*': No such file or directory
ir@irsled:/ssd/releases$ sudo ls /mnt
 4.5.11   6.6.11   DFS FB  'System Volume Information'
ir@irsled:/ssd/releases$ soudo ls/ /mnt/4.5.11
elasticity_4.5.11_23bffa26895aabce264ab51c053720bb178f3677.run
fbtools-2.2.0.101.tar.gz
ir@irsled:/ssd/releases$ sudo cp /mnt/4.5.11/* .
cp: cannot stat '/mnt/4.5.11/*': No such file or directory
ir@irsled:/ssd/releases$ sudo cp /mnt/4.5.11/elassudo su
root@irsled:/ssd/releases# ls /mnt/4.5.11/* .
/mnt/4.5.11/elasticity_4.5.11_23bffa26895aabce264ab51c053720bb178f3677.run
/mnt/4.5.11/fbtools-2.2.0.101.tar.gz

.:
root@irsled:/ssd/releases# ls
root@irsled:/ssd/releases# ls /mnt/4.5.11/* . /mnt/4.5.11/* .cp
root@irsled:/ssd/releases# chmod u+xexit
exit
ir@irsled:/ssd/releases$ ll
total 4351408
drwxr-xr-x  2 ir   ir         4096 Aug  5 13:43 ./
drwxr-xr-x 12 root root       4096 Aug  5 13:38 ../
-r--------  1 root root 4314603108 Aug  5 13:43 elasticity_4.5.11_23bffa26895aabce264ab51c053720bb178f3677.run
-r--------  1 root root  141221623 Aug  5 13:43 fbtools-2.2.0.101.tar.gz
ir@irsled:/ssd/releases$ sudo chmod u+x elasticity_4.5.11_23bffa26895aabce264ab511c053720bb178f3677.run 
ir@irsled:/ssd/releases$ sudo chown ir:ir *
ir@irsled:/ssd/releases$ ll
total 4351408
drwxr-xr-x  2 ir   ir         4096 Aug  5 13:43 ./
drwxr-xr-x 12 root root       4096 Aug  5 13:38 ../
-r-x------  1 ir   ir   4314603108 Aug  5 13:43 elasticity_4.5.11_23bffa26895aabce264ab51c053720bb178f3677.run*
-r--------  1 ir   ir    141221623 Aug  5 13:43 fbtools-2.2.0.101.tar.gz
ir@irsled:/ssd/releases$ ir_version |grep build
Dec 31 23.59.60.000000 FEEDBABEFEED N ir_version Starting ir_version (RELEASE build "a3331e0b", elasticity "4.1.0.xfmcto1", user_email )
ir@irsled:/ssd/releases$ sudo ./elasticity_4.5.11_23bffa26895aabce264ab51c053720bbb178f3677.run upgrade --not-bootstrapped --disruptive --skip-upgrade-validity-c heck --skip-fbhealth-check --force -standby
Verifying checksum... done
Extracting Purity//FB 4.5.11... done
running /ssd/ndu/elasticity-contents.4.5.11-23bffa26/admin/fixups/python_shebang.fixup























[elasticit0:bash*                                       "irsled" 13:46 05-Aug-25-------------------------------------------------------------------------------






















[elasticit0:bash*                                       "irsled" 13:46 05-Aug-25For TMUX help, type ^B ?. To detach, ^B d. To re-attach, "sudo tmux attach".
Logging session to fbupgrade.log
-------------------------------------------------------------------------------
running /ssd/ndu/elasticity-contents.4.5.11-23bffa26/admin/fixups/python_shebang.fixup
FlashBlade Upgrade Stage 1: Gather System Information
Creating the NDU lock file /ssd/ndu/ndu_lock.txt on current controller
Successfully created the NDU lock file /ssd/ndu/ndu_lock.txt on current controller
NDU lock does not exist on am1
NDU lock is acquired on /ssd/ndu/ndu_lock.txt by process 11745.
current extract directory: elasticity-contents.4.5.11-23bffa26
Stray extract directories: []
No stray elasticity extract directories found to be deleted.
Checking if the user invoked the upgrade correctly
Discovering XFMs: 
1
Discovering supervisors: 

Discovering nodes: 


Discovering XFMs: 
1
Discovering supervisors: 

Discovering nodes: 

Discovering XFMs: 
1
Discovering supervisors: 

Discovering nodes: 

All targeted components are discoverable through HAL.
Starting run_all of ParallelTaskRunner
Finished run_all - parallel tasks completed in 3.963400001794071e-05 seconds.




finding topology_v3 failed: RPC connect error: HTTPConnectionPool(host='array', port=8000): Max retries exceeded with url: /jsonrpc (Caused by ConnectTimeoutError(<urllib3.connection.HTTPConnection object at 0x7f0a055b0d90>, 'Connection to array timed out. (connect timeout=10)'))
will try fallback of calling topology




finding topology_v3/topology failed: RPC connect error: HTTPConnectionPool(host='array', port=8000): Max retries exceeded with url: /jsonrpc (Caused by ConnectTimeoutError(<urllib3.connection.HTTPConnection object at 0x7f0a055b2230>, 'Connection to array timed out. (connect timeout=10)'))
etcd may be unavailable or cluster may not be bootstrapped
upgrade without peer with current controller am1
Discovering XFMs: 
1
Discovering supervisors: 

Discovering nodes: 

Checking that the total disk usage on root (/) of ['am1'] is not over 90 percent
am1's disk usage on root (/): 4%
Installing tools on all components
Checking if target hosts can be pinged
Pinging target hosts
Received ping response from am1
Cleaning temporary admin tools from []
Successfully removed /ssd/ndu/elasticity-contents.4.5.11-23bffa26/admin from 
Installing temporary admin tools on []
Successfully setup  for tool install
Succesfully copied /ssd/ndu/elasticity-contents.4.5.11-23bffa26/admin to 
Creating symlinks /opt/ir/binD -> /opt/ir/bin and /opt/ir/libD -> /opt/ir/lib
Successfully created Debug bin and lib symlinks on am1
Checking if we need to setup rssh
Release package compatibility check for current cluster
Checking if target hosts can be pinged
Pinging target hosts
Received ping response from am1


Release package is compatible with current cluster. Please be advised that this guard does NOT protect against invalid cluster configuration even though release package may be compatible for components present on the cluster.

Disruptive upgrade on a non-bootstrapped cluster, skipping NFS persistent forms check.
Performing Version Health Check to validate upgrade

Make sure pre-upgrade task CheckShamir16BitShardsPresent passes for every upgrade.
Not bootstrapped, CheckShamir16BitShardsPresent will pass
Pre-upgrade CheckShamir16BitShardsPresent task finished.
Skip fbhealth log check due to --skip-fbhealth-check flag.









Release requested for install:
{
    "_comment": "Overall release information for elasticity",
    "date": "2025-07-24",
    "gitref": "23bffa26895aabce264ab51c053720bb178f3677",
    "version": "4.5.11"
}
Target Version: 4.5.11
IrOS: "23bffa26895aabce264ab51c053720bb178f3677" "99.99.99"


Version health check results:

Level 0: OS Versions Evaluation





OS Config Resolution: {
  "failure_msg": null,
  "os_config_cmpnt_map": null,
  "os_config_file_exists": false,
  "resolved": true
}

Level 1: Version consistency
deploy            : version a3331e0b unknown            on hosts: am1
elasticity_version: version 4.1.0.xfmcto1               on hosts: am1
iros              : version a3331e0b 5.119.0            on hosts: am1

Level 2: Upgrade state





{
  "last_successful_file_exists": false,
  "last_successful_file_synced": false,
  "no_last_attempted_manifest": true,
  "no_upgrades_in_progress": true
}

Level 3: Expected versions
{}

Summary:
Level 0: OS Versions Evaluation       Pass
Level 1: Version consistency          Pass
Level 2: Upgrade state                Warning
Level 3: Expected versions            Pass

Performing Upgrade Validity Check.
Performing NDU sanity checks
Checking for running rssh NDU commands
Checking chassis0 vlan
Checking for collisions with protected vlans
[elasticit0:bash*                                       "irsled" 13:47 05-Aug-25
[elasticit0:bash*                                       "irsled" 13:48 05-Aug-25

finding topology_v3 failed: RPC timeout
will try fallback of calling topology

finding topology_v3/topology failed: RPC timeout
etcd may be unavailable or cluster may not be bootstrapped
[elasticit0:bash*                                       "irsled" 13:49 05-Aug-25
Checking if fbupgrade was invoked just to restart software and exit
Checking array health before upgrade
  0.00 trying sup-ping
  0.02 trying sup-login
  0.14 trying host-ping
  0.16 trying host-login
  0.27 trying host-ssd
  0.40 trying host-bios
  0.41 trying host-fastrak
  0.41 trying wssd-nvme
  0.42 trying su-regs
  0.42 trying su-upgrade
  0.43 Succeeded
Checking cluster data sanity

finding topology_v3 failed: RPC timeout
will try fallback of calling topology

finding topology_v3/topology failed: RPC timeout
etcd may be unavailable or cluster may not be bootstrapped
check_bootstrapped failed: no blades in cluster
Upgrading from 4.1.0 to 4.5.11
Trying to auto-convert from Smb-Adapter to Native if applicable
Skipping auto-convert from Smb-Adapter to Native
Skipping Samba mode check
Generating customer confirmation prompt
----------------------
SYSTEM INFO: 
----------------------
Hostname (sys):  irsled
Hostname (conf): unknown
Appliance ID:    unknown
----------------------
UPGRADE INFO: 
----------------------
Start version: 4.1.0.xfmcto1
Start git revision: a3331e0b
End version: 4.5.11
End git revision: 23bffa26895aabce264ab51c053720bb178f3677
Upgrade Log functionality disabled, no state to initialize from previous upgrade
First upgrade step is going to be persist_upgrade_manifest
remove stale work dirs
caching os config resolution not required - /ssd/os/os_config_v2 does not exist.
iros_install_map: {'ubuntu2404': [XFMSpec(1)]}
Skipping preupgrade ECMP check in disruptive mode
Skipping preupgrade LACP check in disruptive mode
Skipping preupgrade BGP check in disruptive mode
Start upgrade step: persist_upgrade_manifest
FlashBlade Upgrade Stage 2: Upgrade software and restart

Software will be upgraded and restarted. Upgrade tasks will execute as necessary.
Persisting last_attempted_upgrade_manifest
'/ssd/ndu/last_attempted_upgrade_manifest.txt' => './manifest.txt'
End upgrade step: persist_upgrade_manifest
Start upgrade step: run_pre_upgrade_tasks
tunables_service_ndu: No blades in the cluster. Skipping tunables service NDU
End upgrade step: run_pre_upgrade_tasks
Start upgrade step: run_pre_master_upgrade_tasks
End upgrade step: run_pre_master_upgrade_tasks
Start upgrade step: upgrade_iros
iros_install_map: {'ubuntu2404': [XFMSpec(1)]}

Upgrade IrOS: Stage IrOS image(s) ['./23bffa26895aabce264ab51c053720bb178f3677_ubuntu2404_iros.img.gz']

Calling replace_iros --stage with img: ./23bffa26895aabce264ab51c053720bb178f3677_ubuntu2404_iros.img.gz
[elasticit0:bash*                                       "irsled" 13:50 05-Aug-25






local_info: {'image_git_rev': '23bffa26', 'image_version': '99.99.99', 'os': 'ubuntu2404'}, remote_info: {XFMSpec(1): {'installed_git_rev': 'a3331e0b', 'installed_os': 'ubuntu1804', 'installed_version': '5.119.0', 'running_git_rev': 'a3331e0b', 'running_os': 'ubuntu1804', 'running_version': '5.119.0'}}, replace_cmd_base: /ssd/ndu/elasticity-contents.4.5.11-23bffa26/admin/fbupgrade replace-iros, image_filename: /ssd/ndu/elasticity-contents.4.5.11-23bffa26/23bffa26895aabce264ab51c053720bb178f3677_ubuntu2404_iros.img.gz ips: [XFMSpec(1)], flags: -v
Stage iros will happen for: am1
Hosts not eligible for Staging iros: []


Copying /ssd/ndu/elasticity-contents.4.5.11-23bffa26/23bffa26895aabce264ab51c053720bb178f3677_ubuntu2404_iros.img.gz to ['am1']:/ssd/tmp/iros_dist.11745/23bffa26895aabce264ab51c053720bb178f3677_ubuntu2404_iros.img.gz
retrieved host ips to argparse: -x 1  from ips: ['am1']
Running fbupgrade replace-iros --stage on [XFMSpec(1)]
running iros parallel upgrade
[elasticit0:bash*                                       "irsled" 13:51 05-Aug-25
[elasticit0:bash*                                       "irsled" 13:52 05-Aug-25
[elasticit0:bash*                                       "irsled" 13:53 05-Aug-25

[am1] Replace IrOS(stage) with image /ssd/tmp/iros_dist.11745/23bffa26895aabce264ab51c053720bb178f3677_ubuntu2404_iros.img.gz


[am1] Verified that both /sysimg/casper/iros-id.sh and /sysimg/casper/lsb-release exist on the current component. Will use them to extract installed revision details
[am1] Versions (git revision, Ubuntu OS version, IrOS version):
[am1] Installed: a3331e0b, ubuntu1804, 5.119.0
[am1] Running:   a3331e0b, ubuntu1804, 5.119.0
[am1] Requested: 23bffa26, ubuntu2404, 99.99.99
[am1] Start staging IrOS with version 23bffa26 built for ubuntu2404
[am1] Staging new IrOS with version 23bffa26

[am1] Updating ucode to version: 0x0e000014 date: 09182021, current version: 0xe000012

[am1] Stage complete for new IrOS: SHA 23bffa26895aabce264ab51c053720bb178f3677_ubuntu2404_iros.img, version 23bffa26
[am1] all_ok

[am1] Replace IrOS(stage) with image /ssd/tmp/iros_dist.11745/23bffa26895aabce264ab51c053720bb178f3677_ubuntu2404_iros.img.gz


[am1] Verified that both /sysimg/casper/iros-id.sh and /sysimg/casper/lsb-release exist on the current component. Will use them to extract installed revision details
[am1] Versions (git revision, Ubuntu OS version, IrOS version):
[am1] Installed: a3331e0b, ubuntu1804, 5.119.0
[am1] Running:   a3331e0b, ubuntu1804, 5.119.0
[am1] Requested: 23bffa26, ubuntu2404, 99.99.99
[am1] Start staging IrOS with version 23bffa26 built for ubuntu2404
[am1] Staging new IrOS with version 23bffa26

[am1] Updating ucode to version: 0x0e000014 date: 09182021, current version: 0xe000012

[am1] Stage complete for new IrOS: SHA 23bffa26895aabce264ab51c053720bb178f3677_ubuntu2404_iros.img, version 23bffa26
[am1] all_ok
iros_install_map: {'ubuntu2404': [XFMSpec(1)]}

Upgrade IrOS: Activate IrOS image(s) ['./23bffa26895aabce264ab51c053720bb178f3677_ubuntu2404_iros.img.gz']

Calling replace_iros --activate with img: ./23bffa26895aabce264ab51c053720bb178f3677_ubuntu2404_iros.img.gz
[elasticit0:bash*                                       "irsled" 13:54 05-Aug-25






local_info: {'image_git_rev': '23bffa26', 'image_version': '99.99.99', 'os': 'ubuntu2404'}, remote_info: {XFMSpec(1): {'installed_git_rev': 'a3331e0b', 'installed_os': 'ubuntu1804', 'installed_version': '5.119.0', 'running_git_rev': 'a3331e0b', 'running_os': 'ubuntu1804', 'running_version': '5.119.0'}}, replace_cmd_base: /ssd/ndu/elasticity-contents.4.5.11-23bffa26/admin/fbupgrade replace-iros, image_filename: /ssd/ndu/elasticity-contents.4.5.11-23bffa26/23bffa26895aabce264ab51c053720bb178f3677_ubuntu2404_iros.img.gz ips: [XFMSpec(1)], flags: -v
Hosts not eligible to activate iros: []
Running fbupgrade replace-iros --activate on [XFMSpec(1)]
running iros parallel upgrade

[am1] Replace IrOS(activate) with image ./23bffa26895aabce264ab51c053720bb178f3677_ubuntu2404_iros.img.gz


[am1] Verified that both /sysimg/casper/iros-id.sh and /sysimg/casper/lsb-release exist on the current component. Will use them to extract installed revision details
[am1] Versions (git revision, Ubuntu OS version, IrOS version):
[am1] Installed: a3331e0b, ubuntu1804, 5.119.0
[am1] Running:   a3331e0b, ubuntu1804, 5.119.0
[am1] Requested: 23bffa26, ubuntu2404, 99.99.99


[am1] NOTE: Replacing IrOS with a different OS than                                     currently running. Provided IrOS OS ubuntu2404 and running                                     OS ubuntu1804
[am1] Start activating IrOS with version 23bffa26
[am1] Activating new IrOS with version 23bffa26
[am1] casper_link: changing casper link from casperA to casperB

[am1] removed staged iros image file: /ssd/tmp/iros_staged_image_23bffa26895aabce264ab51c053720bb178f3677_ubuntu2404_iros.img

[am1] Activation complete for new IrOS (23bffa26895aabce264ab51c053720bb178f3677_ubuntu2404_iros.img) with version 23bffa26
[am1] Removing existing overlays
[am1] reboot_required

[am1] Replace IrOS(activate) with image ./23bffa26895aabce264ab51c053720bb178f3677_ubuntu2404_iros.img.gz


[am1] Verified that both /sysimg/casper/iros-id.sh and /sysimg/casper/lsb-release exist on the current component. Will use them to extract installed revision details
[am1] Versions (git revision, Ubuntu OS version, IrOS version):
[am1] Installed: a3331e0b, ubuntu1804, 5.119.0
[am1] Running:   a3331e0b, ubuntu1804, 5.119.0
[am1] Requested: 23bffa26, ubuntu2404, 99.99.99


[am1] NOTE: Replacing IrOS with a different OS than                                     currently running. Provided IrOS OS ubuntu2404 and running                                     OS ubuntu1804
[am1] Start activating IrOS with version 23bffa26
[am1] Activating new IrOS with version 23bffa26
[am1] casper_link: changing casper link from casperA to casperB

[am1] removed staged iros image file: /ssd/tmp/iros_staged_image_23bffa26895aabce264ab51c053720bb178f3677_ubuntu2404_iros.img

[am1] Activation complete for new IrOS (23bffa26895aabce264ab51c053720bb178f3677_ubuntu2404_iros.img) with version 23bffa26
[am1] Removing existing overlays
[am1] reboot_required
End upgrade step: upgrade_iros
Start upgrade step: run_post_deploy_upgrade_tasks
End upgrade step: run_post_deploy_upgrade_tasks
Start upgrade step: reboot_controllers_phase1
Skipping phase1 controller reboot, upgrade transfer not required
End upgrade step: reboot_controllers_phase1
Start upgrade step: transfer_upgrade_leadership_to_peer
Upgrade does not need to transfer to peer
End upgrade step: transfer_upgrade_leadership_to_peer
Start upgrade step: reboot_controllers_phase2
Disruptive upgrade, skipping reboot_controllers_phase2 step
End upgrade step: reboot_controllers_phase2
Start upgrade step: kexec_blades
Disruptive upgrade, skipping kexec_blades step
End upgrade step: kexec_blades
Start upgrade step: disruptive_reboots
Disruptive rebooting remaining components
Prepare upgrade to resume after controller reboot.


'/ssd/ndu/upgrade_workdir-8d9a9bc1720211f08b25114e48b2526d/in_progress_elasticity.run' => '/ssd/releases/elasticity_4.5.11_23bffa26895aabce264ab51c053720bb178f3677.run'

'/ssd/ndu/monitor-upgrade' => '/ssd/ndu/elasticity-contents.4.5.11-23bffa26/admin/internal/monitor-upgrade'
=================================================================

Upgrade not finished yet, will resume on reboot. Continue to monitor progress with:
       /ssd/ndu/monitor-upgrade
=================================================================
Rebooting current controller for the upgrade

Running power cycle command on am1: /ssd/ndu/elasticity-contents.4.5.11-23bffa26/admin/fbupgrade power-ctl -v -x 1 cycle
Exit upgrade step: disruptive_reboots

Flashblade upgrade exited as planned: Rebooting current controller for the upgrade
Lock released on /ssd/ndu/ndu_lock.txt by pid 11745Press RETURN to exit TMUX: BIOS version :  3.01.00

BIOS boot start...
POST: BMC Enabled.
BMC Support.
Intel(R) Xeon(R) CPU D-1627 @ 2.90GHz

Boot from Primary BIOS...
Reset cause(0x11): Power on reset.
CPLD_BaseBoard version : 1.8
CPLD_COMe version : 1.7
POST: Memory init start...
Total Memory Size = 16GB
Memory Speed = 2133MHz
9892A0A2Version 2.20.1276. Copyright (C) 2023 American Megatrends, Inc.                 BIOS Date: 11/06/2023 15:08:54 Ver: 0ACOH009                                                                                                                                                                                                                                                                                                                                                                                                                                                                                                                                                                                                                                                                                                                                                                                                                                                                                                                                                                                                                                                                                                                                                                                                                                                                                                                                                                                                                                                                                                                                                                                                                                                                                                                                                                                                                                                                                                                                                   Press <F2> or <DEL> to enter setup.Press <F11> to enter boot menu.Welcome to GRUB!

GNU GRUB  version 2.02

+----------------------------------------------------------------------------+||||||||||||||||||||||||+----------------------------------------------------------------------------+     Use the ^ and v keys to select which entry is highlighted.          
      Press enter to boot the selected OS, `e' to edit the commands       
      before booting or `c' for a command-line.                            *IrOS-OS-a3331e0b7bd25eaa5954cbebba172d52f688a1bf                            ONIE                                                                                                                                                                                                                                                                                                                                                                                                                                                                                                                                                                                                                                                                                                                                                                                                                                                                   The highlighted entry will be executed automatically in 5s.                    The highlighted entry will be executed automatically in 4s.                    The highlighted entry will be executed automatically in 3s.                    The highlighted entry will be executed automatically in 2s.                    The highlighted entry will be executed automatically in 1s.                    The highlighted entry will be executed automatically in 0s.                   Booting `IrOS-OS-a3331e0b7bd25eaa5954cbebba172d52f688a1bf'

Press F3 to view casper grub boot menu  Booting `casper'

[    0.197844,003] ipmi:dmi: Base address is zero, assuming no IPMI interface
boot IrOS on SSD
Waiting for sy[    0.743163,001] EXT4-fs: Mount option(s) incompatible with ext2
simg done.
[    1.285277,002] systemd[1]: Failed to find module 'autofs4'
[    2.012019,000] cls-ocores-i2c cls-ocores-i2c.1: error -ENXIO: IRQ index 0 not found
[    2.020822,004] cls-ocores-i2c cls-ocores-i2c.2: error -ENXIO: IRQ index 0 not found
[    2.029618,004] cls-ocores-i2c cls-ocores-i2c.3: error -ENXIO: IRQ index 0 not found
[    2.038453,000] cls-ocores-i2c cls-ocores-i2c.4: error -ENXIO: IRQ index 0 not found
[    2.047904,002] cls-ocores-i2c cls-ocores-i2c.5: error -ENXIO: IRQ index 0 not found
[    2.093002,000] Error: Driver 'cls-switchboard' is already registered, aborting...
[    3.411732] kdump-tools[822]: Starting kdump-tools:
[    3.419376] kdump-tools[867]:  * loaded kdump kernel

FlashBlade on Purity//FB

irsled login: ir
Password: 

Welcome to Purity//FB! This is component irsled
If you're seeing this message, it means that the system is not ready for use, and core system software is not running.
If you are not expecting this message, please try logging out and logging back in. If the message persists, please
contact Pure support. 
http://www.purestorage.com/

==========================================================
An upgrade is in progress on this controller, monitor with
         /ssd/ndu/monitor-upgrade
==========================================================
ir@irsled:~$ ./ssd/ndu/monitor-upgrade
-bash: ./ssd/ndu/monitor-upgrade: No such file or directory
ir@irsled:~$ ./ssd/ndu/monitor-upgrade/ssd/ndu/monitor-upgrade
+ date +%s
+ stat -c %Y /ssd/ndu/resume_upgrade.sh
+ script_age=131
+ [ 131 -lt 86400 ]
+ EXIT_STATUS=0
+ /ssd/ndu/upgrade_workdir-8d9a9bc1720211f08b25114e48b2526d/in_progress_elasticity.run upgrade -v --not-bootstrapped --disruptive --skip-upgrade-validity-check --skip-fbhealth-check --force-standby --resume-single-controller-upgrade
Extract directory already exists.Verifying checksum... done
Extracting Purity//FB 4.5.11... done
running /ssd/ndu/elasticity-contents.4.5.11-23bffa26/admin/fixups/python_shebang.fixup
-------------------------------------------------------------------------------
Logging session to fbupgrade.log
-------------------------------------------------------------------------------
running /ssd/ndu/elasticity-contents.4.5.11-23bffa26/admin/fixups/python_shebang.fixup
Resuming Upgrade With Single Controller
NDU lock is acquired on /ssd/ndu/ndu_lock.txt by process 6811.
Upgrade has read and set the state info
Checking if the user invoked the upgrade correctly
Discovering XFMs: 
1
Discovering supervisors: 

Discovering nodes: 

Discovering XFMs: 
1
Discovering supervisors: 

Discovering nodes: 

Discovering XFMs: 
1
Discovering supervisors: 

Discovering nodes: 

All targeted components are discoverable through HAL.
Starting run_all of ParallelTaskRunner
Finished run_all - parallel tasks completed in 4.458800000861629e-05 seconds.
finding topology_v3 failed: RPC bad status 400. {"jsonrpc": "2.0", "error": {"code": -32602, "message": "The array is not clustered yet, not ready to service this RPC"}, "id": 2819790820}
will try fallback of calling topology
finding topology_v3/topology failed: RPC bad status 404. {"jsonrpc": "2.0", "error": {"code": -32601, "message": "Method not found", "data": "topology"}, "id": 3883345581}
etcd may be unavailable or cluster may not be bootstrapped
Resuming upgrade with current controller only, no peer controller included
Checking if we need to setup rssh
Checking array health before upgrade
  0.00 trying sup-ping
  0.02 trying sup-login
  0.39 trying host-ping
  0.41 trying host-login
  0.55 trying host-ssd
  0.72 trying host-bios
  0.73 trying host-fastrak
  0.73 trying wssd-nvme
  0.74 trying su-regs
  0.74 trying su-upgrade
  0.75 Succeeded
Upgrade Log functionality disabled, no state to initialize from previous upgrade
First upgrade step is going to be disruptive_reboots
Continue upgrade step: disruptive_reboots
Resuming single controller upgrade after reboot on am1
End upgrade step: disruptive_reboots
Start upgrade step: upgrade_ssdfw
SSD Firmware {
    "_comment": "SSD Firmware for boot drives",
    "firmwares": [
        {
            "platform": "Intel-SSDSCKJW180H6",
            "version": "RG30"
        },
        {
            "platform": "Intel-SSDSCKJW240H6",
            "version": "RG30"
        }
    ]
}
SSD Firmware image ./ssdfw_Intel-SSDSCKJW180H6_vRG30.tar.gz
local_info: {'image_platform': 'INTEL-SSDSCKJW180H6', 'image_version': 'RG30 INTEL-SSDSCKJW180H6'}, remote_info: {XFMSpec(1): {'current_platform': 'INNODISK-3IE2/3ME2/3MG2/3SE2/3TG6-SSDS\nDEVICE-MODEL', 'current_version': 'A21412M INNODISK-3IE2/3ME2/3MG2/3SE2/3TG6-SSDS\nDEVICE-MODEL'}}, replace_cmd_base: /ssd/ndu/elasticity-contents.4.5.11-23bffa26/admin/fbupgrade replace-ssdfw, image_filename: /ssd/ndu/elasticity-contents.4.5.11-23bffa26/ssdfw_Intel-SSDSCKJW180H6_vRG30.tar.gz ips: (XFMSpec(1),), flags: -v
'fbupgrade replace-ssdfw' will happen in 
Given hosts [XFMSpec(1)] are not eligible for fbupgrade replace-ssdfw
Skipping fbupgrade replace-ssdfw
SSD Firmware image ./ssdfw_Intel-SSDSCKJW240H6_vRG30.tar.gz
local_info: {'image_platform': 'INTEL-SSDSCKJW240H6', 'image_version': 'RG30 INTEL-SSDSCKJW240H6'}, remote_info: {XFMSpec(1): {'current_platform': 'INNODISK-3IE2/3ME2/3MG2/3SE2/3TG6-SSDS\nDEVICE-MODEL', 'current_version': 'A21412M INNODISK-3IE2/3ME2/3MG2/3SE2/3TG6-SSDS\nDEVICE-MODEL'}}, replace_cmd_base: /ssd/ndu/elasticity-contents.4.5.11-23bffa26/admin/fbupgrade replace-ssdfw, image_filename: /ssd/ndu/elasticity-contents.4.5.11-23bffa26/ssdfw_Intel-SSDSCKJW240H6_vRG30.tar.gz ips: (XFMSpec(1),), flags: -v
'fbupgrade replace-ssdfw' will happen in 
Given hosts [XFMSpec(1)] are not eligible for fbupgrade replace-ssdfw
Skipping fbupgrade replace-ssdfw
End upgrade step: upgrade_ssdfw
Start upgrade step: upgrade_mlxfw
Mellanox NIC firmware {
    "_comment": "Mellanox NIC firmware for Skyforce, Thor & Zeus",
    "firmwares": [
        {
            "platform": "PST0000000001",
            "version": "14.27.1016"
        },
        {
            "platform": "PST0000000002",
            "version": "16.35.2000"
        },
        {
            "platform": "PST0000000009",
            "version": "22.39.1002"
        }
    ]
}
Mellanox firmware image ./mlxfw_PST0000000001_v14.27.1016.tar.gz
local_info: {'image_platform': 'PST0000000001', 'image_version': '14.27.1016 PST0000000001'}, remote_info: {XFMSpec(1): {'current_platform': 'N/A', 'current_version': 'N/A N/A'}}, replace_cmd_base: /ssd/ndu/elasticity-contents.4.5.11-23bffa26/admin/fbupgrade replace-mlxfw, image_filename: /ssd/ndu/elasticity-contents.4.5.11-23bffa26/mlxfw_PST0000000001_v14.27.1016.tar.gz ips: (XFMSpec(1),), flags: -v
'fbupgrade replace-mlxfw' will happen in 
Given hosts [XFMSpec(1)] are not eligible for fbupgrade replace-mlxfw
Skipping fbupgrade replace-mlxfw
Mellanox firmware image ./mlxfw_PST0000000002_v16.35.2000.tar.gz
local_info: {'image_platform': 'PST0000000002', 'image_version': '16.35.2000 PST0000000002'}, remote_info: {XFMSpec(1): {'current_platform': 'N/A', 'current_version': 'N/A N/A'}}, replace_cmd_base: /ssd/ndu/elasticity-contents.4.5.11-23bffa26/admin/fbupgrade replace-mlxfw, image_filename: /ssd/ndu/elasticity-contents.4.5.11-23bffa26/mlxfw_PST0000000002_v16.35.2000.tar.gz ips: (XFMSpec(1),), flags: -v
'fbupgrade replace-mlxfw' will happen in 
Given hosts [XFMSpec(1)] are not eligible for fbupgrade replace-mlxfw
Skipping fbupgrade replace-mlxfw
Mellanox firmware image ./mlxfw_PST0000000009_v22.39.1002.tar.gz
local_info: {'image_platform': 'PST0000000009', 'image_version': '22.39.1002 PST0000000009'}, remote_info: {XFMSpec(1): {'current_platform': 'N/A', 'current_version': 'N/A N/A'}}, replace_cmd_base: /ssd/ndu/elasticity-contents.4.5.11-23bffa26/admin/fbupgrade replace-mlxfw, image_filename: /ssd/ndu/elasticity-contents.4.5.11-23bffa26/mlxfw_PST0000000009_v22.39.1002.tar.gz ips: (XFMSpec(1),), flags: -v
'fbupgrade replace-mlxfw' will happen in 
Given hosts [XFMSpec(1)] are not eligible for fbupgrade replace-mlxfw
Skipping fbupgrade replace-mlxfw
End upgrade step: upgrade_mlxfw
Start upgrade step: upgrade_bios
BIOS {
    "_comment": "BIOS for the EFM-310",
    "amiversion": "00100",
    "dateversion": "05-19-2016",
    "gitref": "f7ff3ef327de8e9603ab57fc3e9489292fcbc9a8",
    "platform": "vardo",
    "prefix": "bios_vardo"
}
BIOS image ./bios_vardo_00100_v05-19-2016.bin installing on :[] 
local_info: {'image_version': '05-19-2016', 'platform': 'vardo'}, remote_info: {}, replace_cmd_base: /ssd/ndu/elasticity-contents.4.5.11-23bffa26/admin/fbupgrade replace-bios, image_filename: /ssd/ndu/elasticity-contents.4.5.11-23bffa26/bios_vardo_00100_v05-19-2016.bin ips: [], flags: -v
'fbupgrade replace-bios' will happen in 
Given hosts [] are not eligible for fbupgrade replace-bios
Skipping fbupgrade replace-bios
BIOS {
    "_comment": "BIOS for the rest of x86 platforms",
    "amiversion": "00400",
    "dateversion": "05-19-2016",
    "gitref": "f7ff3ef327de8e9603ab57fc3e9489292fcbc9a8",
    "platform": "default",
    "prefix": "bios_default"
}
BIOS image ./bios_default_00400_v05-19-2016.bin installing on :[] 
local_info: {'image_version': '05-19-2016', 'platform': 'default'}, remote_info: {}, replace_cmd_base: /ssd/ndu/elasticity-contents.4.5.11-23bffa26/admin/fbupgrade replace-bios, image_filename: /ssd/ndu/elasticity-contents.4.5.11-23bffa26/bios_default_00400_v05-19-2016.bin ips: [], flags: -v
'fbupgrade replace-bios' will happen in 
Given hosts [] are not eligible for fbupgrade replace-bios
Skipping fbupgrade replace-bios
End upgrade step: upgrade_bios
Start upgrade step: upgrade_bmc
BMC {
    "_comment": "BMC firmware for XFMs. Version field must be different to trigger upgrade.",
    "gitref": "71b713a6aff35abbd2c20f5f4be4c197c60bb86c",
    "platform": "am",
    "version": "20191119"
}
Legacy BMC image ./bmc_71b713a6aff35abbd2c20f5f4be4c197c60bb86c_v20191119.zip installing on :[] 
local_info: {'image_version': '20191119', 'platform': 'am'}, remote_info: {}, replace_cmd_base: /ssd/ndu/elasticity-contents.4.5.11-23bffa26/admin/fbupgrade replace-bmc, image_filename: /ssd/ndu/elasticity-contents.4.5.11-23bffa26/bmc_71b713a6aff35abbd2c20f5f4be4c197c60bb86c_v20191119.zip ips: [], flags: -v
'fbupgrade replace-bmc' will happen in 
Given hosts [] are not eligible for fbupgrade replace-bmc
Skipping fbupgrade replace-bmc
Felcher BMC image ./felcher-and-sons_71b713a6aff35abbd2c20f5f4be4c197c60bb86c_v20191119.img installing on :[] 
local_info: {'image_version': '20191119', 'platform': 'am'}, remote_info: {}, replace_cmd_base: /ssd/ndu/elasticity-contents.4.5.11-23bffa26/admin/fbupgrade replace-bmc, image_filename: /ssd/ndu/elasticity-contents.4.5.11-23bffa26/felcher-and-sons_71b713a6aff35abbd2c20f5f4be4c197c60bb86c_v20191119.img ips: [], flags: -v
'fbupgrade replace-bmc' will happen in 
Given hosts [] are not eligible for fbupgrade replace-bmc
Skipping fbupgrade replace-bmc
End upgrade step: upgrade_bmc
Start upgrade step: upgrade_fastrak
Fastrak {
    "_comment": "Firmware image for NXP microcontrollers",
    "gitref": "aaf89814bf7e2e5769510e3e6ebefa32484eeeab",
    "version": "2.2"
}
Fastrak image ./fastrak_aaf89814bf7e2e5769510e3e6ebefa32484eeeab_v2.2.bin
No components to upgrade for fastrak, skipping
End upgrade step: upgrade_fastrak
Start upgrade step: upgrade_ipmi_bmc
BMC IPMI manifest {
    "_comment": "BMC Firmwares for platforms supporting IPMI.",
    "firmwares": [
        {
            "_comment": "BMC firmware for Thor blades.",
            "platform": "thor",
            "version": "0017A0170P"
        },
        {
            "_comment": "BMC firmware for Idun XFMs.",
            "platform": "idun",
            "version": "0332"
        },
        {
            "_comment": "BMC firmware for Idun2.1 XFMs.",
            "platform": "idun2.1",
            "version": "0332"
        }
    ]
}
Thor BMC manifest {
    "_comment": "BMC firmware for Thor blades.",
    "platform": "thor",
    "version": "0017A0170P"
}
Thor BMC image = ./bmc_thor_0017A0170P.rom
local_info: {'image_version': '0.17A', 'platform': 'thor'}, remote_info: {}, replace_cmd_base: /ssd/ndu/elasticity-contents.4.5.11-23bffa26/admin/fbupgrade replace-bmc, image_filename: /ssd/ndu/elasticity-contents.4.5.11-23bffa26/bmc_thor_0017A0170P.rom ips: [], flags: -v
'fbupgrade replace-bmc' will happen in 
Given hosts [] are not eligible for fbupgrade replace-bmc
Skipping fbupgrade replace-bmc
Idun BMC manifest {
    "_comment": "BMC firmware for Idun XFMs.",
    "platform": "idun",
    "version": "0332"
}
Idun BMC image = ./bmc_idun_0332.ima
local_info: {'image_version': '3.50', 'platform': 'idun'}, remote_info: {XFMSpec(1): {'active_part': 0, 'current_version': '3.40', 'in_progress': False, 'inactive_version': '3.40', 'next_boot': '0 (active)', 'platform': 'idun'}}, replace_cmd_base: /ssd/ndu/elasticity-contents.4.5.11-23bffa26/admin/fbupgrade replace-bmc, image_filename: /ssd/ndu/elasticity-contents.4.5.11-23bffa26/bmc_idun_0332.ima ips: [XFMSpec(1)], flags: -v
'fbupgrade replace-bmc' will happen in am1
Given hosts [] are not eligible for fbupgrade replace-bmc
Copying /ssd/ndu/elasticity-contents.4.5.11-23bffa26/bmc_idun_0332.ima to ['am1']:/ssd/tmp/bmc_dist.6811/bmc_idun_0332.ima
retrieved host ips to argparse: -x 1  from ips: ['am1']
Running fbupgrade replace-bmc on [XFMSpec(1)]
running bmc fully serial upgrade
[am1] Replace BMC with image /ssd/tmp/bmc_dist.6811/bmc_idun_0332.ima
[am1] Running   BMC version: 3.40 on idun (SPI part 0)
[am1] Inactive  BMC version: 3.40
[am1] Requested BMC version: 3.50 on idun
[am1] Reading version of /usr/local/bin/CFUFLASH
[am1] Supported version of /usr/local/bin/CFUFLASH: 6.81.6
[am1] Executing FW update command: /usr/local/bin/CFUFLASH -cd -d 1 -mse 0 -non-interactive -q /ssd/tmp/bmc_dist.6811/bmc_idun_0332.ima
[am1] Waiting for BMC to boot
[am1] BMC booted successfully
[am1] Disabling virtual USB device
[am1] Setting next boot to inactive part
[am1] idun 3.40 (active, SPI part 0) / 3.50 (inactive, SPI part 1, next boot)
[am1] all_ok
[am1] Replace BMC with image /ssd/tmp/bmc_dist.6811/bmc_idun_0332.ima
[am1] Running   BMC version: 3.40 on idun (SPI part 0)
[am1] Inactive  BMC version: 3.40
[am1] Requested BMC version: 3.50 on idun
[am1] Reading version of /usr/local/bin/CFUFLASH
[am1] Supported version of /usr/local/bin/CFUFLASH: 6.81.6
[am1] Executing FW update command: /usr/local/bin/CFUFLASH -cd -d 1 -mse 0 -non-interactive -q /ssd/tmp/bmc_dist.6811/bmc_idun_0332.ima
[am1] Waiting for BMC to boot
[am1] BMC booted successfully
[am1] Disabling virtual USB device
[am1] Setting next boot to inactive part
[am1] idun 3.40 (active, SPI part 0) / 3.50 (inactive, SPI part 1, next boot)
[am1] all_ok
Idun2.1 BMC manifest {
    "_comment": "BMC firmware for Idun2.1 XFMs.",
    "platform": "idun2.1",
    "version": "0332"
}
Idun2.1 BMC image = ./bmc_idun2.1_0332.ima
local_info: {'image_version': '3.50', 'platform': 'idun2.1'}, remote_info: {}, replace_cmd_base: /ssd/ndu/elasticity-contents.4.5.11-23bffa26/admin/fbupgrade replace-bmc, image_filename: /ssd/ndu/elasticity-contents.4.5.11-23bffa26/bmc_idun2.1_0332.ima ips: [], flags: -v
'fbupgrade replace-bmc' will happen in 
Given hosts [] are not eligible for fbupgrade replace-bmc
Skipping fbupgrade replace-bmc
End upgrade step: upgrade_ipmi_bmc
Start upgrade step: upgrade_bmc_redfish
BMC {
    "_comment": "BMC firmware for Zeus blades.",
    "platform": "zeus",
    "version": "3.0-d28"
}
Skipping BMC Firmware upgrade for Redfish as it is not supported on any of the platforms for the following components: [XFMSpec(1)]
End upgrade step: upgrade_bmc_redfish
Start upgrade step: reset_bmc_ipmi
Get current active SPI part
[am1]  01
Get next active SPI part
[am1]  02
Bmc reset will happen on ['am1']
BMC reset for am1
[am1] Resetting BMC now
[am1] Waiting 180s for BMC to restart
[am1] Waiting for BMC to become reachable
[am1] [localhost]  20 81 03 50 02 bf 02 30 00 c4 0f 00 00 00 00
[am1] BMC is now reachable
End upgrade step: reset_bmc_ipmi
Start upgrade step: upgrade_ipmi_bios
BIOS IPMI manifest {
    "_comment": "Bios Firmwares for platforms supporting IPMI.",
    "firmwares": [
        {
            "_comment": "Thor Bios Firmware.",
            "platform": "thor",
            "version": "K13P1N12"
        },
        {
            "_comment": "Idun Bios Firmware.",
            "platform": "idun",
            "version": "030100"
        }
    ]
}
Thor BIOS manifest {
    "_comment": "Thor Bios Firmware.",
    "platform": "thor",
    "version": "K13P1N12"
}
Thor BIOS image = ./bios_thor_K13P1N12.bin
local_info: {'image_version': 'K13P1N12', 'platform': 'thor'}, remote_info: {}, replace_cmd_base: /ssd/ndu/elasticity-contents.4.5.11-23bffa26/admin/fbupgrade replace-bios, image_filename: /ssd/ndu/elasticity-contents.4.5.11-23bffa26/bios_thor_K13P1N12.bin ips: [], flags: -v
'fbupgrade replace-bios' will happen in 
Given hosts [] are not eligible for fbupgrade replace-bios
Skipping fbupgrade replace-bios
Idun BIOS manifest {
    "_comment": "Idun Bios Firmware.",
    "platform": "idun",
    "version": "030100"
}
Idun BIOS image = ./bios_idun_030100.bin
local_info: {'image_version': '3.1.0', 'platform': 'idun'}, remote_info: {XFMSpec(1): {'active_part': 0, 'current_version': '3.1.0', 'in_progress': False, 'platform': 'idun'}}, replace_cmd_base: /ssd/ndu/elasticity-contents.4.5.11-23bffa26/admin/fbupgrade replace-bios, image_filename: /ssd/ndu/elasticity-contents.4.5.11-23bffa26/bios_idun_030100.bin ips: [XFMSpec(1)], flags: -v
'fbupgrade replace-bios' will happen in 
Given hosts [XFMSpec(1)] are not eligible for fbupgrade replace-bios
Skipping fbupgrade replace-bios
End upgrade step: upgrade_ipmi_bios
Start upgrade step: upgrade_ipmi_cpld
CPLD IPMI manifest {
    "_comment": "CPLD Firmwares for platforms supporting IPMI.",
    "firmwares": [
        {
            "_comment": "CPLD Firmware for Idun XFMs.",
            "platform": "idun",
            "version": "0108"
        }
    ]
}
Idun CPLD manifest {
    "_comment": "CPLD Firmware for Idun XFMs.",
    "platform": "idun",
    "version": "0108"
}
Idun CPLD image = ./cpld_idun_0108.vme
local_info: {'image_version': '1.08', 'platform': 'idun'}, remote_info: {XFMSpec(1): {'current_version': '1.08', 'in_progress': False, 'platform': 'idun'}}, replace_cmd_base: /ssd/ndu/elasticity-contents.4.5.11-23bffa26/admin/fbupgrade replace-cpld, image_filename: /ssd/ndu/elasticity-contents.4.5.11-23bffa26/cpld_idun_0108.vme ips: [XFMSpec(1)], flags: -v
'fbupgrade replace-cpld' will happen in 
Given hosts [XFMSpec(1)] are not eligible for fbupgrade replace-cpld
Skipping fbupgrade replace-cpld
End upgrade step: upgrade_ipmi_cpld
Start upgrade step: upgrade_bios_nxp
BIOS {
    "_comment": "BIOS for Odin (Legend FIOM)",
    "dateversion": "03-12-2024",
    "platform": "odin",
    "prefix": "bios_odin",
    "version": "0ACQH003_release"
}
BIOS image ./bios_odin_0ACQH003_release_v03-12-2024.bin installing on :[] 
local_info: {'image_version': '03-12-2024', 'platform': 'odin'}, remote_info: {}, replace_cmd_base: /ssd/ndu/elasticity-contents.4.5.11-23bffa26/admin/fbupgrade replace-bios, image_filename: /ssd/ndu/elasticity-contents.4.5.11-23bffa26/bios_odin_0ACQH003_release_v03-12-2024.bin ips: [], flags: -v
'fbupgrade replace-bios' will happen in 
Given hosts [] are not eligible for fbupgrade replace-bios
Skipping fbupgrade replace-bios
BIOS {
    "_comment": "BIOS for Skyforce Blades",
    "dateversion": "08-28-2024",
    "platform": "skyforce",
    "prefix": "bios_skyforce",
    "version": "0ACHK004_release"
}
BIOS image ./bios_skyforce_0ACHK004_release_v08-28-2024.bin installing on :[] 
local_info: {'image_version': '08-28-2024', 'platform': 'skyforce'}, remote_info: {}, replace_cmd_base: /ssd/ndu/elasticity-contents.4.5.11-23bffa26/admin/fbupgrade replace-bios, image_filename: /ssd/ndu/elasticity-contents.4.5.11-23bffa26/bios_skyforce_0ACHK004_release_v08-28-2024.bin ips: [], flags: -v
'fbupgrade replace-bios' will happen in 
Given hosts [] are not eligible for fbupgrade replace-bios
Skipping fbupgrade replace-bios
End upgrade step: upgrade_bios_nxp
Start upgrade step: upgrade_bios_redfish
BIOS {
    "_comment": "Zeus Bios Firmware.",
    "platform": "zeus",
    "version": "N13P1N0A"
}
Skipping BIOS Firmware upgrade for Redfish as it is not supported on any of the platforms for the following components: [XFMSpec(1)]
End upgrade step: upgrade_bios_redfish
Start upgrade step: upgrade_cpld_redfish
CPLD {
    "_comment": "CPLD firmware for Zeus blades.",
    "platform": "zeus",
    "version": "R10"
}
Skipping CPLD Firmware upgrade for Redfish as it is not supported on any of the platforms for the following components: [XFMSpec(1)]
End upgrade step: upgrade_cpld_redfish
Start upgrade step: upgrade_fpga
Skipping FPGA upgrade, not needed.
End upgrade step: upgrade_fpga
Start upgrade step: upgrade_fpga_switch
FPGA SWITCH manifest {
    "_comment": "FPGA Firmware Image for Switches platforms",
    "firmwares": [
        {
            "_comment": "FPGA Firmware Image for XFMs on the Idun Platform",
            "platform": "idun",
            "version": "0108"
        }
    ]
}
Idun FPGA manifest {
    "_comment": "FPGA Firmware Image for XFMs on the Idun Platform",
    "platform": "idun",
    "version": "0108"
}
Idun FPGA image = ./fpga_idun_0108.bin
local_info: {'image_version': '1.08', 'platform': 'idun'}, remote_info: {XFMSpec(1): {'current_version': '1.08', 'in_progress': False, 'platform': 'idun'}}, replace_cmd_base: /ssd/ndu/elasticity-contents.4.5.11-23bffa26/admin/fbupgrade replace-fpga-switch, image_filename: /ssd/ndu/elasticity-contents.4.5.11-23bffa26/fpga_idun_0108.bin ips: [XFMSpec(1)], flags: -v
'fbupgrade replace-fpga_switch' will happen in 
Given hosts [XFMSpec(1)] are not eligible for fbupgrade replace-fpga_switch
Skipping fbupgrade replace-fpga_switch
End upgrade step: upgrade_fpga_switch
Start upgrade step: upgrade_legend_wssdfw
Not a legend cluster or simulation, skipping upgrade_legend_wssdfw
End upgrade step: upgrade_legend_wssdfw
Start upgrade step: check_reboot_required
End upgrade step: check_reboot_required
Start upgrade step: run_post_local_upgrade_tasks
End upgrade step: run_post_local_upgrade_tasks
Start upgrade step: reboot_non_master_components
End upgrade step: reboot_non_master_components
Start upgrade step: check_and_persist_elasticity_file
Persisting runfile on am1
attempt to persist using /ssd/ndu/upgrade_workdir-8d9a9bc1720211f08b25114e48b2526d/in_progress_elasticity.run
renamed '/ssd/ndu/upgrade_workdir-8d9a9bc1720211f08b25114e48b2526d/in_progress_elasticity.run' -> '/ssd/ndu/last_successful_upgrade_elasticity.run' 
Persist elasticity.run on am1: Succeeded
Total time to persist runfile: 0.0
End upgrade step: check_and_persist_elasticity_file
Start upgrade step: cleanup_tools
End upgrade step: cleanup_tools
Start upgrade step: reboot_master_controller
End upgrade step: reboot_master_controller
Start upgrade step: complete_upgrade
FlashBlade upgrade complete! Upgrade completed at Aug 05 2025 14:10:38. Took 1464.7724306583405 seconds.
End upgrade step: complete_upgrade
Lock released on /ssd/ndu/ndu_lock.txt by pid 6811
+ echo exit_code:exited exit_status:0
status file was written at 2025-08-05 14:10:38.829380253 +0000
exit_code:exited exit_status:0
===============================================
Upgrade succeeded, details in /logs/fbupgrade.log
===============================================
ir@irsled:~$ fbadmin config-slot-id 1
Configured current XFM slot id as 1
ir@irsled:~$ sync; sync; sync && sudo reboot

Broadcast message from root@irsled on pts/1 (Tue 2025-08-05 14:16:38 UTC):

The system will rebo[ 1231.053496] kdump-tools[89886]: Stopping kdump-tools:
[ 1231.061245] kdump-tools[89968]:  * unloaded kdump kernel
[FAILED] Failed unmounting sysimg.mount - /sysimg.
[FAILED] Failed unmounting ssd.mount.
[FAILED] Failed unmounting var.mount.
[ 1234.441438,007] (sd-umount)[90324]: Failed to unmount /run/shutdown/mounts/92a9cd925490b41f: Device or resource busy
[ 1234.455118,002] systemd-shutdown[1]: Could not detach loopback /dev/loop0: Device or resource busy
[ 1234.465353,003] systemd-shutdown[1]: Unable to finalize remaining file systems, loop devices, ignoring.
[ 1234.561961,000] reboot: Restarting system
BIOS version :  3.01.00

BIOS boot start...
POST: BMC Enabled.
BMC Support.
Intel(R) Xeon(R) CPU D-1627 @ 2.90GHz

Boot from Primary BIOS...
Reset cause(0x44): CPU warm reset.
CPLD_BaseBoard version : 1.8
CPLD_COMe version : 1.7
POST: Memory init start...
Total Memory Size = 16GB
Memory Speed = 2133MHz
9892A0A2Version 2.20.1276. Copyright (C) 2023 American Megatrends, Inc.                 BIOS Date: 11/06/2023 15:08:54 Ver: 0ACOH009                                                                                                                                                                                                                                                                                                                                                                                                                                                                                                                                                                                                                                                                                                                                                                                                                                                                                                                                                                                                                                                                                                                                                                                                                                                                                                                                                                                                                                                                                                                                                                                                                                                                                                                                                                                                                                                                                                                                                   Press <F2> or <DEL> to enter setup.Press <F11> to enter boot menu.Welcome to GRUB!

GNU GRUB  version 2.02

+----------------------------------------------------------------------------+||||||||||||||||||||||||+----------------------------------------------------------------------------+     Use the ^ and v keys to select which entry is highlighted.          
      Press enter to boot the selected OS, `e' to edit the commands       
      before booting or `c' for a command-line.                            *IrOS-OS-a3331e0b7bd25eaa5954cbebba172d52f688a1bf                            ONIE                                                                                                                                                                                                                                                                                                                                                                                                                                                                                                                                                                                                                                                                                                                                                                                                                                                                   The highlighted entry will be executed automatically in 5s.                    The highlighted entry will be executed automatically in 4s.                    The highlighted entry will be executed automatically in 3s.                    The highlighted entry will be executed automatically in 2s.                    The highlighted entry will be executed automatically in 1s.                    The highlighted entry will be executed automatically in 0s.                   Booting `IrOS-OS-a3331e0b7bd25eaa5954cbebba172d52f688a1bf'

Press F3 to view casper grub boot menu  Booting `casper'

[    0.197798,003] ipmi:dmi: Base address is zero, assuming no IPMI interface
boot IrOS on SSD
Waiting for sy[    0.739236,005] EXT4-fs: Mount option(s) incompatible with ext2
simg done.
[    1.129423,004] systemd[1]: Failed to find module 'autofs4'
[    1.800611,002] cls-ocores-i2c cls-ocores-i2c.1: error -ENXIO: IRQ index 0 not found
[    1.809417,002] cls-ocores-i2c cls-ocores-i2c.2: error -ENXIO: IRQ index 0 not found
[    1.818213,002] cls-ocores-i2c cls-ocores-i2c.3: error -ENXIO: IRQ index 0 not found
[    1.827026,002] cls-ocores-i2c cls-ocores-i2c.4: error -ENXIO: IRQ index 0 not found
[    1.835901,002] cls-ocores-i2c cls-ocores-i2c.5: error -ENXIO: IRQ index 0 not found
[    1.873017,005] Error: Driver 'cls-switchboard' is already registered, aborting...
[    3.775146] kdump-tools[825]: Starting kdump-tools:
[    3.782162] kdump-tools[967]:  * loaded kdump kernel

FlashBlade on Purity//FB

irsled login: 