=~=~=~=~=~=~=~=~=~=~=~= PuTTY log 2025.07.13 11:51:21 =~=~=~=~=~=~=~=~=~=~=~=

mfgpurex101nyf-ct0 login: pureeng
1) Authenticate via CloudAssist
2) Authenticate via command line
3) Restore challenge
Type the number corresponding to the authentication method you want to use.

Selection: 1

An email for identity verification will be sent once email is entered.
Please follow the authentication instructions provided there and return to this screen when finished or if email has not been received.


Enter an email address: fharris@purestorage.com
Successfully authenticated
Last login: Tue Jun  3 19:02:43 EDT 2025 on ttyS0

Sun Jul 13 11:52:07 2025
Welcome pureeng. This is Purity Version 6.6.11 on FlashArray mfgpurex101nyf
http://www.purestorage.com/
pureeng@mfgpurex101nyf-ct0:~$ iobalance --samplesudo su
     root@mfgpurex101nyf-ct0:/var/home/pureeng# iobalance --sampletime 15
sampling host I/O for 15 seconds...
                Host  CT0 I/O Count  CT1 I/O Count  
       mfgesx0601nyf      34.15K       4.42K  ! unbalanced I/O
       mfgesx0602nyf      77.69K      18.14K  ! unbalanced I/O
       mfgesx0603nyf      12.97K       2.80K  ! unbalanced I/O
       mfgesx0604nyf       3.94K       1.54K  ! unbalanced I/O
       mfgesx0605nyf      37.95K      14.12K  ! unbalanced I/O
       mfgesx0606nyf       7.38K       2.63K  ! unbalanced I/O
       mfgesx0607nyf      37.70K      12.06K  ! unbalanced I/O
       mfgesx0608nyf      36.82K      10.52K  ! unbalanced I/O
       mfgesx0609nyf      59.90K      21.30K  ! unbalanced I/O
      mfgesxn0101nyf       1.26K       1.26K  
      mfgesxn0102nyf       5.29K       5.37K  
      mfgesxn0103nyf       4.24K       4.23K  
     root@mfgpurex101nyf-ct0:/var/home/pureeng# iscsipureportlist=`pureport list --initiator | grep -v FC | awk -F' CT' '{print "CT"$2,$8}' | grep -v 'CT ' | awk -F '.ETH' '{print $1, $2}' | awk '{print $1, $5, $6}' | sort | uniq -c; echo`; iscsipureportlistcount=`echo "$iscsipureportlist" | awk '{total += $1} END {print total}'`; echo -e "$iscsipureportlist\n\n"; echo -e "\tTotal iSCSI connections: $iscsipureportlistcount\n\n";
     30 CT0 iqn.2010-06.com.purestorage:flasharray.21101c6419a3d407 -
     30 CT1 iqn.2010-06.com.purestorage:flasharray.21101c6419a3d407 -


Total iSCSI connections: 60


     root@mfgpurex101nyf-ct0:/var/home/pureeng# fcpureportlist=`pureport list --initiator | awk '/Target/,0' | cut -d. -f1 | awk '{print $1,$5}' | grep -v '-' | grep -v "Initiator" | uniq -c; echo`; fcpureportlistcount=`echo "$fcpureportlist" | awk '{total += $1} END {print total}'`; echo -e "$fcpureportlist\n\n"; echo -e "\tTotal FC connections: $fcpureportlistcount\n\n";



Total FC connections: 0


     root@mfgpurex101nyf-ct0:/var/home/pureeng# purearray list --controller
Name     Type              Mode       Model     Version  Status  Current Mode Since       Internal Details
CT0      array_controller  primary    FA-X50R4  6.6.11   ready   2024-11-23 16:01:19 EST  
CT1      array_controller  secondary  FA-X50R4  6.6.11   ready   2024-11-23 16:24:35 EST  
SH9.SC1  shelf_controller  -          DFSC1     2.2.3    -       -                        -
SH9.SC0  shelf_controller  -          DFSC1     2.2.3    -       -                        -
     root@mfgpurex101nyf-ct0:/var/home/pureeng# purehw list
Name          Status         Identify  Slot  Index  Speed       Temperature  Voltage  Details
CH0           ok             off       -     0      -           -            -        -
CH0.BAY0      ok             off       -     0      -           -            -        -
CH0.BAY1      ok             off       -     1      -           -            -        -
CH0.BAY2      ok             off       -     2      -           -            -        -
CH0.BAY3      ok             off       -     3      -           -            -        -
CH0.BAY4      ok             off       -     4      -           -            -        -
CH0.BAY5      ok             off       -     5      -           -            -        -
CH0.BAY6      ok             off       -     6      -           -            -        -
CH0.BAY7      ok             off       -     7      -           -            -        -
CH0.BAY8      ok             off       -     8      -           -            -        -
CH0.BAY9      ok             off       -     9      -           -            -        -
CH0.BAY10     ok             off       -     10     -           -            -        -
CH0.BAY11     ok             off       -     11     -           -            -        -
CH0.BAY12     ok             off       -     12     -           -            -        -
CH0.BAY13     ok             off       -     13     -           -            -        -
CH0.BAY14     ok             off       -     14     -           -            -        -
CH0.BAY15     ok             off       -     15     -           -            -        -
CH0.BAY16     ok             off       -     16     -           -            -        -
CH0.BAY17     ok             off       -     17     -           -            -        -
CH0.BAY18     ok             off       -     18     -           -            -        -
CH0.BAY19     ok             off       -     19     -           -            -        -
CH0.NVB0      ok             off       -     0      -           -            -        -
CH0.NVB1      ok             off       -     1      -           -            -        -
CH0.NVB2      not_installed  off       -     2      -           -            -        -
CH0.NVB3      not_installed  off       -     3      -           -            -        -
CH0.PWR0      ok             -         -     0      -           -            239 V    -
CH0.PWR1      ok             -         -     1      -           -            239 V    -
CH0.TMP0      ok             -         -     0      -           21 C         -        -
CT0           ok             off       -     0      -           -            -        -
CT0.ETH0      ok             -         -     0      50.00 Gb/s  -            -        -
CT0.ETH1      ok             -         -     1      50.00 Gb/s  -            -        -
CT0.ETH2      ok             -         -     2      25.00 Gb/s  -            -        -
CT0.ETH3      ok             -         -     3      25.00 Gb/s  -            -        -
CT0.ETH4      ok             -         -     4      1.00 Gb/s   -            -        -
CT0.ETH5      ok             -         0     5      0.00 b/s    -            -        -
CT0.ETH7      ok             -         0     7      0.00 b/s    -            -        -
CT0.ETH14     ok             -         2     14     25.00 Gb/s  -            -        -
CT0.ETH15     ok             -         2     15     25.00 Gb/s  -            -        -
CT0.FAN0      ok             -         -     0      -           -            -        -
CT0.FAN1      ok             -         -     1      -           -            -        -
CT0.FAN2      ok             -         -     2      -           -            -        -
CT0.FAN3      ok             -         -     3      -           -            -        -
CT0.FAN4      ok             -         -     4      -           -            -        -
CT0.FAN5      ok             -         -     5      -           -            -        -
CT0.FC4       ok             -         1     4      0.00 b/s    -            -        -
CT0.FC5       ok             -         1     5      0.00 b/s    -            -        -
CT0.FC6       ok             -         1     6      0.00 b/s    -            -        -
CT0.FC7       ok             -         1     7      0.00 b/s    -            -        -
CT0.TMP0      ok             -         -     0      -           33 C         -        -
CT0.TMP1      ok             -         -     1      -           36 C         -        -
CT0.TMP2      ok             -         -     2      -           63 C         -        -
CT0.TMP3      ok             -         -     3      -           60 C         -        -
CT0.TMP4      ok             -         -     4      -           46 C         -        -
CT0.TMP5      ok             -         -     5      -           44 C         -        -
CT0.TMP6      ok             -         -     6      -           25 C         -        -
CT0.TMP7      ok             -         -     7      -           28 C         -        -
CT0.TMP8      ok             -         -     8      -           51 C         -        -
CT0.TMP9      ok             -         -     9      -           38 C         -        -
CT0.TMP11     ok             -         -     11     -           36 C         -        -
CT0.TMP12     ok             -         -     12     -           35 C         -        -
CT0.TMP13     ok             -         -     13     -           38 C         -        -
CT0.TMP14     ok             -         -     14     -           37 C         -        -
CT0.TMP15     ok             -         -     15     -           36 C         -        -
CT0.TMP17     ok             -         -     17     -           36 C         -        -
CT0.TMP19     ok             -         -     19     -           36 C         -        -
CT0.TMP20     ok             -         -     20     -           35 C         -        -
CT0.TMP21     ok             -         -     21     -           39 C         -        -
CT0.TMP22     ok             -         -     22     -           39 C         -        -
CT0.TMP23     ok             -         -     23     -           37 C         -        -
CT1           ok             off       -     1      -           -            -        -
CT1.ETH0      ok             -         -     0      50.00 Gb/s  -            -        -
CT1.ETH1      ok             -         -     1      50.00 Gb/s  -            -        -
CT1.ETH2      ok             -         -     2      25.00 Gb/s  -            -        -
CT1.ETH3      ok             -         -     3      25.00 Gb/s  -            -        -
CT1.ETH4      ok             -         -     4      1.00 Gb/s   -            -        -
CT1.ETH5      ok             -         0     5      0.00 b/s    -            -        -
CT1.ETH7      ok             -         0     7      0.00 b/s    -            -        -
CT1.ETH14     ok             -         2     14     25.00 Gb/s  -            -        -
CT1.ETH15     ok             -         2     15     25.00 Gb/s  -            -        -
CT1.FAN0      ok             -         -     0      -           -            -        -
CT1.FAN1      ok             -         -     1      -           -            -        -
CT1.FAN2      ok             -         -     2      -           -            -        -
CT1.FAN3      ok             -         -     3      -           -            -        -
CT1.FAN4      ok             -         -     4      -           -            -        -
CT1.FAN5      ok             -         -     5      -           -            -        -
CT1.FC4       ok             -         1     4      0.00 b/s    -            -        -
CT1.FC5       ok             -         1     5      0.00 b/s    -            -        -
CT1.FC6       ok             -         1     6      0.00 b/s    -            -        -
CT1.FC7       ok             -         1     7      0.00 b/s    -            -        -
CT1.TMP0      ok             -         -     0      -           36 C         -        -
CT1.TMP1      ok             -         -     1      -           37 C         -        -
CT1.TMP2      ok             -         -     2      -           59 C         -        -
CT1.TMP3      ok             -         -     3      -           52 C         -        -
CT1.TMP4      ok             -         -     4      -           47 C         -        -
CT1.TMP5      ok             -         -     5      -           44 C         -        -
CT1.TMP6      ok             -         -     6      -           27 C         -        -
CT1.TMP7      ok             -         -     7      -           29 C         -        -
CT1.TMP8      ok             -         -     8      -           50 C         -        -
CT1.TMP9      ok             -         -     9      -           37 C         -        -
CT1.TMP11     ok             -         -     11     -           35 C         -        -
CT1.TMP12     ok             -         -     12     -           34 C         -        -
CT1.TMP13     ok             -         -     13     -           36 C         -        -
CT1.TMP14     ok             -         -     14     -           35 C         -        -
CT1.TMP15     ok             -         -     15     -           34 C         -        -
CT1.TMP17     ok             -         -     17     -           33 C         -        -
CT1.TMP19     ok             -         -     19     -           32 C         -        -
CT1.TMP20     ok             -         -     20     -           33 C         -        -
CT1.TMP21     ok             -         -     21     -           36 C         -        -
CT1.TMP22     ok             -         -     22     -           35 C         -        -
CT1.TMP23     ok             -         -     23     -           34 C         -        -
SH9           ok             off       -     9      -           21 C         -        -
SH9.BAY0      ok             off       -     0      -           -            -        -
SH9.BAY1      ok             off       -     1      -           -            -        -
SH9.BAY2      ok             off       -     2      -           -            -        -
SH9.BAY3      ok             off       -     3      -           -            -        -
SH9.BAY4      ok             off       -     4      -           -            -        -
SH9.BAY5      ok             off       -     5      -           -            -        -
SH9.BAY6      ok             off       -     6      -           -            -        -
SH9.BAY7      ok             off       -     7      -           -            -        -
SH9.BAY8      ok             off       -     8      -           -            -        -
SH9.BAY9      ok             off       -     9      -           -            -        -
SH9.BAY10     not_installed  off       -     10     -           -            -        -
SH9.BAY11     not_installed  off       -     11     -           -            -        -
SH9.BAY12     not_installed  off       -     12     -           -            -        -
SH9.BAY13     not_installed  off       -     13     -           -            -        -
SH9.BAY14     not_installed  off       -     14     -           -            -        -
SH9.BAY15     not_installed  off       -     15     -           -            -        -
SH9.BAY16     not_installed  off       -     16     -           -            -        -
SH9.BAY17     not_installed  off       -     17     -           -            -        -
SH9.BAY18     not_installed  off       -     18     -           -            -        -
SH9.BAY19     not_installed  off       -     19     -           -            -        -
SH9.BAY20     not_installed  off       -     20     -           -            -        -
SH9.BAY21     not_installed  off       -     21     -           -            -        -
SH9.BAY22     not_installed  off       -     22     -           -            -        -
SH9.BAY23     not_installed  off       -     23     -           -            -        -
SH9.BAY24     not_installed  off       -     24     -           -            -        -
SH9.BAY25     not_installed  off       -     25     -           -            -        -
SH9.BAY26     not_installed  off       -     26     -           -            -        -
SH9.BAY27     not_installed  off       -     27     -           -            -        -
SH9.PWR0      ok             -         -     0      -           -            239 V    -
SH9.PWR1      ok             -         -     1      -           -            238 V    -
SH9.SC0       ok             off       -     0      -           27 C         -        -
SH9.SC0.ETH0  ok             -         -     0      50.00 Gb/s  -            -        -
SH9.SC0.ETH1  ok             -         -     1      0.00 b/s    -            -        -
SH9.SC0.ETH2  ok             -         -     2      50.00 Gb/s  -            -        -
SH9.SC0.ETH3  ok             -         -     3      0.00 b/s    -            -        -
SH9.SC0.FAN0  ok             -         -     0      -           -            -        -
SH9.SC0.FAN1  ok             -         -     1      -           -            -        -
SH9.SC0.FAN2  ok             -         -     2      -           -            -        -
SH9.SC0.FAN3  ok             -         -     3      -           -            -        -
SH9.SC0.FAN4  ok             -         -     4      -           -            -        -
SH9.SC0.FAN5  ok             -         -     5      -           -            -        -
SH9.SC1       ok             off       -     1      -           28 C         -        -
SH9.SC1.ETH0  ok             -         -     0      50.00 Gb/s  -            -        -
SH9.SC1.ETH1  ok             -         -     1      0.00 b/s    -            -        -
SH9.SC1.ETH2  ok             -         -     2      50.00 Gb/s  -            -        -
SH9.SC1.ETH3  ok             -         -     3      0.00 b/s    -            -        -
SH9.SC1.FAN0  ok             -         -     0      -           -            -        -
SH9.SC1.FAN1  ok             -         -     1      -           -            -        -
SH9.SC1.FAN2  ok             -         -     2      -           -            -        -
SH9.SC1.FAN3  ok             -         -     3      -           -            -        -
SH9.SC1.FAN4  ok             -         -     4      -           -            -        -
SH9.SC1.FAN5  ok             -         -     5      -           -            -        -
     root@mfgpurex101nyf-ct0:/var/home/pureeng# puremessage list --open
ID        Time                     Severity  Category  Code   Component  Name                  Event                                           Expected  Actual  Details
17559381  2025-07-03 14:05:54 EDT  warning   array     10137  array      inflight_cat_sec_svc  Recommend upgrading to 6.7.2+, 6.8.3+ or above  -         -       Upgrade to Purity 6.7.2+, 6.8.3+ or above
     root@mfgpurex101nyf-ct0:/var/home/pureeng# puremessage list --open
ID        Time                     Severity  Category  Code   Component  Name                  Event                                           Expected  Actual  Details
17559381  2025-07-03 14:05:54 EDT  warning   array     10137  array      inflight_cat_sec_svc  Recommend upgrading to 6.7.2+, 6.8.3+ or above  -         -       Upgrade to Purity 6.7.2+, 6.8.3+ or above
     root@mfgpurex101nyf-ct0:/var/home/pureeng# puredrive list
Name       Type   Status   Capacity  Details
CH0.BAY0   SSD    healthy  4.56T     -
CH0.BAY1   SSD    healthy  4.56T     -
CH0.BAY2   SSD    healthy  4.56T     -
CH0.BAY3   SSD    healthy  4.56T     -
CH0.BAY4   SSD    healthy  4.56T     -
CH0.BAY5   SSD    healthy  4.56T     -
CH0.BAY6   SSD    healthy  4.56T     -
CH0.BAY7   SSD    healthy  4.56T     -
CH0.BAY8   SSD    healthy  4.56T     -
CH0.BAY9   SSD    healthy  4.56T     -
CH0.BAY10  SSD    healthy  9.10T     -
CH0.BAY11  SSD    healthy  9.10T     -
CH0.BAY12  SSD    healthy  9.10T     -
CH0.BAY13  SSD    healthy  9.10T     -
CH0.BAY14  SSD    healthy  9.10T     -
CH0.BAY15  SSD    healthy  9.10T     -
CH0.BAY16  SSD    healthy  9.10T     -
CH0.BAY17  SSD    healthy  9.10T     -
CH0.BAY18  SSD    healthy  9.10T     -
CH0.BAY19  SSD    healthy  9.10T     -
CH0.NVB0   NVRAM  healthy  7.52G     -
CH0.NVB1   NVRAM  healthy  7.52G     -
CH0.NVB2   NVRAM  unused   0.00      -
CH0.NVB3   NVRAM  unused   0.00      -
SH9.BAY0   SSD    healthy  4.56T     -
SH9.BAY1   SSD    healthy  4.56T     -
SH9.BAY2   SSD    healthy  4.56T     -
SH9.BAY3   SSD    healthy  4.56T     -
SH9.BAY4   SSD    healthy  4.56T     -
SH9.BAY5   SSD    healthy  4.56T     -
SH9.BAY6   SSD    healthy  4.56T     -
SH9.BAY7   SSD    healthy  4.56T     -
SH9.BAY8   SSD    healthy  4.56T     -
SH9.BAY9   SSD    healthy  4.56T     -
SH9.BAY10  -      unused   0.00      -
SH9.BAY11  -      unused   0.00      -
SH9.BAY12  -      unused   0.00      -
SH9.BAY13  -      unused   0.00      -
SH9.BAY14  -      unused   0.00      -
SH9.BAY15  -      unused   0.00      -
SH9.BAY16  -      unused   0.00      -
SH9.BAY17  -      unused   0.00      -
SH9.BAY18  -      unused   0.00      -
SH9.BAY19  -      unused   0.00      -
SH9.BAY20  -      unused   0.00      -
SH9.BAY21  -      unused   0.00      -
SH9.BAY22  -      unused   0.00      -
SH9.BAY23  -      unused   0.00      -
SH9.BAY24  -      unused   0.00      -
SH9.BAY25  -      unused   0.00      -
SH9.BAY26  -      unused   0.00      -
SH9.BAY27  -      unused   0.00      -
     root@mfgpurex101nyf-ct0:/var/home/pureeng# 
     root@mfgpurex101nyf-ct0:/var/home/pureeng# purealert list --tag
Name          Created                  Expires
suppress_25   2024-12-16 05:01:59 EST  -
suppress_46   2024-10-24 03:50:47 EDT  -
suppress_231  2024-10-10 14:29:53 EDT  -
suppress_213  2024-10-10 14:29:53 EDT  -
suppress_123  2024-10-10 14:29:52 EDT  -
     root@mfgpurex101nyf-ct0:/var/home/pureeng# date
Sun Jul 13 12:04:41 PM EDT 2025
     root@mfgpurex101nyf-ct0:/var/home/pureeng# stty columns 250;stty rows 80
     root@mfgpurex101nyf-ct0:/var/home/pureeng# purealert tag --timeout 300m --maintenance
Name         Created                  Expires
maintenance  2025-07-13 12:05:14 EDT  2025-07-13 17:05:14 EDT
     root@mfgpurex101nyf-ct0:/var/home/pureeng# purealert tag --timeout 300m --maintenancestty columns 250;stty rows 80datepurealert list --tag
Name          Created                  Expires
maintenance   2025-07-13 12:05:14 EDT  2025-07-13 17:05:14 EDT
suppress_25   2024-12-16 05:01:59 EST  -
suppress_46   2024-10-24 03:50:47 EDT  -
suppress_231  2024-10-10 14:29:53 EDT  -
suppress_213  2024-10-10 14:29:53 EDT  -
suppress_123  2024-10-10 14:29:52 EDT  -
     root@mfgpurex101nyf-ct0:/var/home/pureeng# purearray list --controller
Name     Type              Mode       Model     Version  Status  Current Mode Since       Internal Details
CT0      array_controller  primary    FA-X50R4  6.6.11   ready   2024-11-23 16:01:19 EST  
CT1      array_controller  secondary  FA-X50R4  6.6.11   ready   2024-11-23 16:24:35 EST  
SH9.SC1  shelf_controller  -          DFSC1     2.2.3    -       -                        -
SH9.SC0  shelf_controller  -          DFSC1     2.2.3    -       -                        -
     root@mfgpurex101nyf-ct0:/var/home/pureeng# purewes controller setattr --verify-array mfgpurex101nyf ct0 --mode secondary;date
Run checks before making changes ...
Check peer purity status...... SUCCESS
Check pureport list........... 
==========    FC connections    ==========

CT     NumOfPort  PortId                                  

Total FC connections: 0

==========    iSCSI connections    ==========

CT      NumOfPort  PortId                                                     
CT1     30         iqn.2010-06.com.purestorage:flasharray.21101c6419a3d407    
CT0     30         iqn.2010-06.com.purestorage:flasharray.21101c6419a3d407    

Total iSCSI connections: 60

==========    NVMe-RoCE connections    ==========

CT     NumOfPort  PortId                                  

Total NVMe-RoCE connections: 0

SUCCESS
Check IO balance.............. Checking iobalance before proceeding, sampling for 30 seconds, retrying 3 times, adding 30 seconds with each retry
Try 1/4: Sampling I/O for 30 seconds
Sampling finished, I/O is not yet balanced
Try 2/4: Sampling I/O for 60 seconds
Sampling finished, I/O is not yet balanced
Try 3/4: Sampling I/O for 90 seconds
Sampling finished, I/O is not yet balanced
Try 4/4: Sampling I/O for 120 seconds
Sampling finished, I/O is not yet balanced
I/O is not balanced after 4 run(s).
iobalance reports the following: 
sampling host I/O for 120 seconds...
                Host  CT0 I/O Count  CT1 I/O Count  
       mfgesx0601nyf     174.00K      33.96K  ! unbalanced I/O
       mfgesx0602nyf     559.63K     160.94K  ! unbalanced I/O
       mfgesx0603nyf     359.70K      75.34K  ! unbalanced I/O
       mfgesx0604nyf      58.79K      19.63K  ! unbalanced I/O
       mfgesx0605nyf     321.74K     136.88K  ! unbalanced I/O
       mfgesx0606nyf     270.69K      34.47K  ! unbalanced I/O
       mfgesx0607nyf     283.49K      96.64K  ! unbalanced I/O
       mfgesx0608nyf     295.77K      77.66K  ! unbalanced I/O
       mfgesx0609nyf     454.98K     157.45K  ! unbalanced I/O
      mfgesxn0101nyf      11.40K      11.96K  
      mfgesxn0102nyf      31.00K      31.88K  
      mfgesxn0103nyf      35.18K      32.86K  

Would you like to ignore this check?
WARNING: Unless the workload you are running is known to be imbalanced, ignoring this check could result in an outage and is NOT recommended.
Ignore anyway? (y/n): y
Overriding iobalance check based on user input
SUCCESS
Sun Jul 13 12:11:58 PM EDT 2025
     root@mfgpurex101nyf-ct0:/var/home/pureeng# purearray list --controller
Name     Type              Mode       Model     Version  Status  Current Mode Since       Internal Details
CT0      array_controller  secondary  FA-X50R4  6.6.11   ready   2025-07-13 12:12:03 EDT  
CT1      array_controller  primary    FA-X50R4  6.6.11   ready   2025-07-13 12:11:58 EDT  
SH9.SC0  shelf_controller  -          DFSC1     2.2.3    -       -                        -
SH9.SC1  shelf_controller  -          DFSC1     2.2.3    -       -                        -
     root@mfgpurex101nyf-ct0:/var/home/pureeng# purearray list --controller
Name     Type              Mode       Model     Version  Status  Current Mode Since       Internal Details
CT0      array_controller  secondary  FA-X50R4  6.6.11   ready   2025-07-13 12:12:03 EDT  
CT1      array_controller  primary    FA-X50R4  6.6.11   ready   2025-07-13 12:11:58 EDT  
SH9.SC0  shelf_controller  -          DFSC1     2.2.3    -       -                        -
SH9.SC1  shelf_controller  -          DFSC1     2.2.3    -       -                        -
     root@mfgpurex101nyf-ct0:/var/home/pureeng# puremessage list --open
ID        Time                     Severity  Category  Code   Component  Name                  Event                                           Expected  Actual  Details
17559381  2025-07-03 14:05:54 EDT  warning   array     10137  array      inflight_cat_sec_svc  Recommend upgrading to 6.7.2+, 6.8.3+ or above  -         -       Upgrade to Purity 6.7.2+, 6.8.3+ or above
     root@mfgpurex101nyf-ct0:/var/home/pureeng# purehw list
Name          Status         Identify  Slot  Index  Speed       Temperature  Voltage  Details
CH0           ok             off       -     0      -           -            -        -
CH0.BAY0      ok             off       -     0      -           -            -        -
CH0.BAY1      ok             off       -     1      -           -            -        -
CH0.BAY2      ok             off       -     2      -           -            -        -
CH0.BAY3      ok             off       -     3      -           -            -        -
CH0.BAY4      ok             off       -     4      -           -            -        -
CH0.BAY5      ok             off       -     5      -           -            -        -
CH0.BAY6      ok             off       -     6      -           -            -        -
CH0.BAY7      ok             off       -     7      -           -            -        -
CH0.BAY8      ok             off       -     8      -           -            -        -
CH0.BAY9      ok             off       -     9      -           -            -        -
CH0.BAY10     ok             off       -     10     -           -            -        -
CH0.BAY11     ok             off       -     11     -           -            -        -
CH0.BAY12     ok             off       -     12     -           -            -        -
CH0.BAY13     ok             off       -     13     -           -            -        -
CH0.BAY14     ok             off       -     14     -           -            -        -
CH0.BAY15     ok             off       -     15     -           -            -        -
CH0.BAY16     ok             off       -     16     -           -            -        -
CH0.BAY17     ok             off       -     17     -           -            -        -
CH0.BAY18     ok             off       -     18     -           -            -        -
CH0.BAY19     ok             off       -     19     -           -            -        -
CH0.NVB0      ok             off       -     0      -           -            -        -
CH0.NVB1      ok             off       -     1      -           -            -        -
CH0.NVB2      not_installed  off       -     2      -           -            -        -
CH0.NVB3      not_installed  off       -     3      -           -            -        -
CH0.PWR0      ok             -         -     0      -           -            238 V    -
CH0.PWR1      ok             -         -     1      -           -            239 V    -
CH0.TMP0      ok             -         -     0      -           21 C         -        -
CT0           ok             off       -     0      -           -            -        -
CT0.ETH0      ok             -         -     0      50.00 Gb/s  -            -        -
CT0.ETH1      ok             -         -     1      50.00 Gb/s  -            -        -
CT0.ETH2      ok             -         -     2      25.00 Gb/s  -            -        -
CT0.ETH3      ok             -         -     3      25.00 Gb/s  -            -        -
CT0.ETH4      ok             -         -     4      1.00 Gb/s   -            -        -
CT0.ETH5      ok             -         0     5      0.00 b/s    -            -        -
CT0.ETH7      ok             -         0     7      0.00 b/s    -            -        -
CT0.ETH14     ok             -         2     14     25.00 Gb/s  -            -        -
CT0.ETH15     ok             -         2     15     25.00 Gb/s  -            -        -
CT0.FAN0      ok             -         -     0      -           -            -        -
CT0.FAN1      ok             -         -     1      -           -            -        -
CT0.FAN2      ok             -         -     2      -           -            -        -
CT0.FAN3      ok             -         -     3      -           -            -        -
CT0.FAN4      ok             -         -     4      -           -            -        -
CT0.FAN5      ok             -         -     5      -           -            -        -
CT0.FC4       ok             -         1     4      0.00 b/s    -            -        -
CT0.FC5       ok             -         1     5      0.00 b/s    -            -        -
CT0.FC6       ok             -         1     6      0.00 b/s    -            -        -
CT0.FC7       ok             -         1     7      0.00 b/s    -            -        -
CT0.TMP0      ok             -         -     0      -           33 C         -        -
CT0.TMP1      ok             -         -     1      -           35 C         -        -
CT0.TMP2      ok             -         -     2      -           54 C         -        -
CT0.TMP3      ok             -         -     3      -           49 C         -        -
CT0.TMP4      ok             -         -     4      -           43 C         -        -
CT0.TMP5      ok             -         -     5      -           42 C         -        -
CT0.TMP6      ok             -         -     6      -           25 C         -        -
CT0.TMP7      ok             -         -     7      -           27 C         -        -
CT0.TMP8      ok             -         -     8      -           48 C         -        -
CT0.TMP9      ok             -         -     9      -           33 C         -        -
CT0.TMP11     ok             -         -     11     -           31 C         -        -
CT0.TMP12     ok             -         -     12     -           30 C         -        -
CT0.TMP13     ok             -         -     13     -           33 C         -        -
CT0.TMP14     ok             -         -     14     -           32 C         -        -
CT0.TMP15     ok             -         -     15     -           31 C         -        -
CT0.TMP17     ok             -         -     17     -           31 C         -        -
CT0.TMP19     ok             -         -     19     -           31 C         -        -
CT0.TMP20     ok             -         -     20     -           30 C         -        -
CT0.TMP21     ok             -         -     21     -           34 C         -        -
CT0.TMP22     ok             -         -     22     -           33 C         -        -
CT0.TMP23     ok             -         -     23     -           32 C         -        -
CT1           ok             off       -     1      -           -            -        -
CT1.ETH0      ok             -         -     0      50.00 Gb/s  -            -        -
CT1.ETH1      ok             -         -     1      50.00 Gb/s  -            -        -
CT1.ETH2      ok             -         -     2      25.00 Gb/s  -            -        -
CT1.ETH3      ok             -         -     3      25.00 Gb/s  -            -        -
CT1.ETH4      ok             -         -     4      1.00 Gb/s   -            -        -
CT1.ETH5      ok             -         0     5      0.00 b/s    -            -        -
CT1.ETH7      ok             -         0     7      0.00 b/s    -            -        -
CT1.ETH14     ok             -         2     14     25.00 Gb/s  -            -        -
CT1.ETH15     ok             -         2     15     25.00 Gb/s  -            -        -
CT1.FAN0      ok             -         -     0      -           -            -        -
CT1.FAN1      ok             -         -     1      -           -            -        -
CT1.FAN2      ok             -         -     2      -           -            -        -
CT1.FAN3      ok             -         -     3      -           -            -        -
CT1.FAN4      ok             -         -     4      -           -            -        -
CT1.FAN5      ok             -         -     5      -           -            -        -
CT1.FC4       ok             -         1     4      0.00 b/s    -            -        -
CT1.FC5       ok             -         1     5      0.00 b/s    -            -        -
CT1.FC6       ok             -         1     6      0.00 b/s    -            -        -
CT1.FC7       ok             -         1     7      0.00 b/s    -            -        -
CT1.TMP0      ok             -         -     0      -           37 C         -        -
CT1.TMP1      ok             -         -     1      -           38 C         -        -
CT1.TMP2      ok             -         -     2      -           66 C         -        -
CT1.TMP3      ok             -         -     3      -           63 C         -        -
CT1.TMP4      ok             -         -     4      -           49 C         -        -
CT1.TMP5      ok             -         -     5      -           45 C         -        -
CT1.TMP6      ok             -         -     6      -           27 C         -        -
CT1.TMP7      ok             -         -     7      -           29 C         -        -
CT1.TMP8      ok             -         -     8      -           54 C         -        -
CT1.TMP9      ok             -         -     9      -           41 C         -        -
CT1.TMP11     ok             -         -     11     -           40 C         -        -
CT1.TMP12     ok             -         -     12     -           38 C         -        -
CT1.TMP13     ok             -         -     13     -           41 C         -        -
CT1.TMP14     ok             -         -     14     -           41 C         -        -
CT1.TMP15     ok             -         -     15     -           38 C         -        -
CT1.TMP17     ok             -         -     17     -           38 C         -        -
CT1.TMP19     ok             -         -     19     -           37 C         -        -
CT1.TMP20     ok             -         -     20     -           37 C         -        -
CT1.TMP21     ok             -         -     21     -           41 C         -        -
CT1.TMP22     ok             -         -     22     -           40 C         -        -
CT1.TMP23     ok             -         -     23     -           38 C         -        -
SH9           ok             off       -     9      -           21 C         -        -
SH9.BAY0      ok             off       -     0      -           -            -        -
SH9.BAY1      ok             off       -     1      -           -            -        -
SH9.BAY2      ok             off       -     2      -           -            -        -
SH9.BAY3      ok             off       -     3      -           -            -        -
SH9.BAY4      ok             off       -     4      -           -            -        -
SH9.BAY5      ok             off       -     5      -           -            -        -
SH9.BAY6      ok             off       -     6      -           -            -        -
SH9.BAY7      ok             off       -     7      -           -            -        -
SH9.BAY8      ok             off       -     8      -           -            -        -
SH9.BAY9      ok             off       -     9      -           -            -        -
SH9.BAY10     not_installed  off       -     10     -           -            -        -
SH9.BAY11     not_installed  off       -     11     -           -            -        -
SH9.BAY12     not_installed  off       -     12     -           -            -        -
SH9.BAY13     not_installed  off       -     13     -           -            -        -
SH9.BAY14     not_installed  off       -     14     -           -            -        -
SH9.BAY15     not_installed  off       -     15     -           -            -        -
SH9.BAY16     not_installed  off       -     16     -           -            -        -
SH9.BAY17     not_installed  off       -     17     -           -            -        -
SH9.BAY18     not_installed  off       -     18     -           -            -        -
SH9.BAY19     not_installed  off       -     19     -           -            -        -
SH9.BAY20     not_installed  off       -     20     -           -            -        -
SH9.BAY21     not_installed  off       -     21     -           -            -        -
SH9.BAY22     not_installed  off       -     22     -           -            -        -
SH9.BAY23     not_installed  off       -     23     -           -            -        -
SH9.BAY24     not_installed  off       -     24     -           -            -        -
SH9.BAY25     not_installed  off       -     25     -           -            -        -
SH9.BAY26     not_installed  off       -     26     -           -            -        -
SH9.BAY27     not_installed  off       -     27     -           -            -        -
SH9.PWR0      ok             -         -     0      -           -            239 V    -
SH9.PWR1      ok             -         -     1      -           -            238 V    -
SH9.SC0       ok             off       -     0      -           27 C         -        -
SH9.SC0.ETH0  ok             -         -     0      50.00 Gb/s  -            -        -
SH9.SC0.ETH1  ok             -         -     1      0.00 b/s    -            -        -
SH9.SC0.ETH2  ok             -         -     2      50.00 Gb/s  -            -        -
SH9.SC0.ETH3  ok             -         -     3      0.00 b/s    -            -        -
SH9.SC0.FAN0  ok             -         -     0      -           -            -        -
SH9.SC0.FAN1  ok             -         -     1      -           -            -        -
SH9.SC0.FAN2  ok             -         -     2      -           -            -        -
SH9.SC0.FAN3  ok             -         -     3      -           -            -        -
SH9.SC0.FAN4  ok             -         -     4      -           -            -        -
SH9.SC0.FAN5  ok             -         -     5      -           -            -        -
SH9.SC1       ok             off       -     1      -           28 C         -        -
SH9.SC1.ETH0  ok             -         -     0      50.00 Gb/s  -            -        -
SH9.SC1.ETH1  ok             -         -     1      0.00 b/s    -            -        -
SH9.SC1.ETH2  ok             -         -     2      50.00 Gb/s  -            -        -
SH9.SC1.ETH3  ok             -         -     3      0.00 b/s    -            -        -
SH9.SC1.FAN0  ok             -         -     0      -           -            -        -
SH9.SC1.FAN1  ok             -         -     1      -           -            -        -
SH9.SC1.FAN2  ok             -         -     2      -           -            -        -
SH9.SC1.FAN3  ok             -         -     3      -           -            -        -
SH9.SC1.FAN4  ok             -         -     4      -           -            -        -
SH9.SC1.FAN5  ok             -         -     5      -           -            -        -
     root@mfgpurex101nyf-ct0:/var/home/pureeng# purenetwork eth list
Name            Enabled  Type      Subnet               Address         Mask           Gateway       MTU   MAC                Speed       Services     Subinterfaces
ct0.eth2        True     physical  -                    10.195.160.23   255.255.255.0  10.195.160.1  9000  24:a9:37:5e:72:49  25.00 Gb/s  replication  -
ct0.eth3        True     physical  -                    10.195.160.25   255.255.255.0  10.195.160.1  9000  24:a9:37:5e:72:4a  25.00 Gb/s  replication  -
ct0.eth4        True     physical  -                    10.195.0.23     255.255.255.0  10.195.0.1    1500  24:a9:37:5e:72:4b  2.00 Gb/s   management   -
ct0.eth5        False    physical  -                    -               -              -             1500  50:7c:6f:5c:f1:f9  10.00 Gb/s  management   -
ct0.eth7        False    physical  -                    -               -              -             1500  50:7c:6f:5c:f1:f8  10.00 Gb/s  -            -
ct0.eth14       True     physical  -                    -               -              -             9000  9c:63:c0:3c:59:23  25.00 Gb/s  iscsi        -
ct0.eth14.2320  True     vif       ocs-sds-local-ny5-1  192.168.100.23  255.255.254.0  -             9000  9c:63:c0:3c:59:23  25.00 Gb/s  iscsi        -
ct0.eth14.2330  True     vif       ocs-sds-fe-ny6-1     10.195.128.23   255.255.255.0  10.195.128.1  9000  9c:63:c0:3c:59:23  25.00 Gb/s  iscsi        -
ct0.eth15       True     physical  -                    -               -              -             9000  9c:63:c0:3c:59:22  25.00 Gb/s  iscsi        -
ct0.eth15.2320  True     vif       ocs-sds-local-ny5-1  192.168.100.24  255.255.254.0  -             9000  9c:63:c0:3c:59:22  25.00 Gb/s  iscsi        -
ct0.eth15.2330  True     vif       ocs-sds-fe-ny6-1     10.195.128.25   255.255.255.0  10.195.128.1  9000  9c:63:c0:3c:59:22  25.00 Gb/s  iscsi        -
ct1.eth2        True     physical  -                    10.195.160.24   255.255.255.0  10.195.160.1  9000  24:a9:37:5d:95:2b  25.00 Gb/s  replication  -
ct1.eth3        True     physical  -                    10.195.160.26   255.255.255.0  10.195.160.1  9000  24:a9:37:5d:95:2c  25.00 Gb/s  replication  -
ct1.eth4        True     physical  -                    10.195.0.24     255.255.255.0  10.195.0.1    1500  24:a9:37:5d:95:2d  2.00 Gb/s   management   -
ct1.eth5        False    physical  -                    -               -              -             1500  50:7c:6f:5c:f6:d9  10.00 Gb/s  management   -
ct1.eth7        False    physical  -                    -               -              -             1500  50:7c:6f:5c:f6:d8  10.00 Gb/s  -            -
ct1.eth14       True     physical  -                    -               -              -             9000  9c:63:c0:3c:58:67  25.00 Gb/s  iscsi        -
ct1.eth14.2320  True     vif       ocs-sds-local-ny5-1  192.168.101.23  255.255.254.0  -             9000  9c:63:c0:3c:58:67  25.00 Gb/s  iscsi        -
ct1.eth14.2330  True     vif       ocs-sds-fe-ny6-1     10.195.128.24   255.255.255.0  10.195.128.1  9000  9c:63:c0:3c:58:67  25.00 Gb/s  iscsi        -
ct1.eth15       True     physical  -                    -               -              -             9000  9c:63:c0:3c:58:66  25.00 Gb/s  iscsi        -
ct1.eth15.2320  True     vif       ocs-sds-local-ny5-1  192.168.101.24  255.255.254.0  -             9000  9c:63:c0:3c:58:66  25.00 Gb/s  iscsi        -
ct1.eth15.2330  True     vif       ocs-sds-fe-ny6-1     10.195.128.26   255.255.255.0  10.195.128.1  9000  9c:63:c0:3c:58:66  25.00 Gb/s  iscsi        -
replbond        False    bond      -                    -               -              -             1500  c6:d9:fc:52:b5:a7  0.00 b/s    replication  -
vir4            True     vif       -                    10.195.0.22     255.255.255.0  10.195.0.1    1500  8e:5f:d2:f5:49:dc  2.00 Gb/s   management   -
vir5            False    vif       -                    -               -              -             1500  2e:77:d6:57:b8:d2  10.00 Gb/s  management   -
     root@mfgpurex101nyf-ct0:/var/home/pureeng# purenetwork list
Name            Enabled  Speed       Services
CT0.FC4         True     32.00 Gb/s  scsi-fc
CT0.FC5         True     32.00 Gb/s  scsi-fc
CT0.FC6         True     32.00 Gb/s  scsi-fc
CT0.FC7         True     32.00 Gb/s  scsi-fc
CT1.FC4         True     32.00 Gb/s  scsi-fc
CT1.FC5         True     32.00 Gb/s  scsi-fc
CT1.FC6         True     32.00 Gb/s  scsi-fc
CT1.FC7         True     32.00 Gb/s  scsi-fc
ct0.eth2        True     25.00 Gb/s  replication
ct0.eth3        True     25.00 Gb/s  replication
ct0.eth4        True     2.00 Gb/s   management
ct0.eth5        False    10.00 Gb/s  management
ct0.eth7        False    10.00 Gb/s  -
ct0.eth14       True     25.00 Gb/s  iscsi
ct0.eth14.2320  True     25.00 Gb/s  iscsi
ct0.eth14.2330  True     25.00 Gb/s  iscsi
ct0.eth15       True     25.00 Gb/s  iscsi
ct0.eth15.2320  True     25.00 Gb/s  iscsi
ct0.eth15.2330  True     25.00 Gb/s  iscsi
ct1.eth2        True     25.00 Gb/s  replication
ct1.eth3        True     25.00 Gb/s  replication
ct1.eth4        True     2.00 Gb/s   management
ct1.eth5        False    10.00 Gb/s  management
ct1.eth7        False    10.00 Gb/s  -
ct1.eth14       True     25.00 Gb/s  iscsi
ct1.eth14.2320  True     25.00 Gb/s  iscsi
ct1.eth14.2330  True     25.00 Gb/s  iscsi
ct1.eth15       True     25.00 Gb/s  iscsi
ct1.eth15.2320  True     25.00 Gb/s  iscsi
ct1.eth15.2330  True     25.00 Gb/s  iscsi
replbond        False    0.00 b/s    replication
vir4            True     2.00 Gb/s   management
vir5            False    10.00 Gb/s  management
     root@mfgpurex101nyf-ct0:/var/home/pureeng# purenetwork fprtort list
Name            WWN                      Portal               IQN                                                      NQN  Failover
CT0.ETH14.2320  -                        192.168.100.23:3260  iqn.2010-06.com.purestorage:flasharray.21101c6419a3d407  -    -
CT0.ETH14.2330  -                        10.195.128.23:3260   iqn.2010-06.com.purestorage:flasharray.21101c6419a3d407  -    -
CT0.ETH15.2320  -                        192.168.100.24:3260  iqn.2010-06.com.purestorage:flasharray.21101c6419a3d407  -    -
CT0.ETH15.2330  -                        10.195.128.25:3260   iqn.2010-06.com.purestorage:flasharray.21101c6419a3d407  -    -
CT0.FC4         52:4A:93:75:16:57:8A:04  -                    -                                                        -    -
CT0.FC5         52:4A:93:75:16:57:8A:05  -                    -                                                        -    -
CT0.FC6         52:4A:93:75:16:57:8A:06  -                    -                                                        -    -
CT0.FC7         52:4A:93:75:16:57:8A:07  -                    -                                                        -    -
CT1.ETH14.2320  -                        192.168.101.23:3260  iqn.2010-06.com.purestorage:flasharray.21101c6419a3d407  -    -
CT1.ETH14.2330  -                        10.195.128.24:3260   iqn.2010-06.com.purestorage:flasharray.21101c6419a3d407  -    -
CT1.ETH15.2320  -                        192.168.101.24:3260  iqn.2010-06.com.purestorage:flasharray.21101c6419a3d407  -    -
CT1.ETH15.2330  -                        10.195.128.26:3260   iqn.2010-06.com.purestorage:flasharray.21101c6419a3d407  -    -
CT1.FC4         52:4A:93:75:16:57:8A:14  -                    -                                                        -    -
CT1.FC5         52:4A:93:75:16:57:8A:15  -                    -                                                        -    -
CT1.FC6         52:4A:93:75:16:57:8A:16  -                    -                                                        -    -
CT1.FC7         52:4A:93:75:16:57:8A:17  -                    -                                                        -    -
     root@mfgpurex101nyf-ct0:/var/home/pureeng# cat /etc/timezone 
America/New_York     root@mfgpurex101nyf-ct0:/var/home/pureeng# purearray list --space
Name            Capacity  Parity  Provisioned Size  Virtual  Thin Provisioning  Data Reduction  Total Reduction  Unique  Snapshots  Shared  System  Replication  Total
mfgpurex101nyf  102.39T   100%    702160000M        209.82T  69%                13.7 to 1       38.9 to 1        15.06T  12.29T     46.35T  0.00    0.00         73.70T
     root@mfgpurex101nyf-ct0:/var/home/pureeng# purevol list --connect | grep "protocol-endpoint"
pure-protocol-endpoint                                                 0         254      -     NYF-MFG-GOLD-0001  mfgesx0601nyf
pure-protocol-endpoint                                                 0         254      -     NYF-MFG-GOLD-0001  mfgesx0602nyf
pure-protocol-endpoint                                                 0         254      -     NYF-MFG-GOLD-0001  mfgesx0603nyf
pure-protocol-endpoint                                                 0         254      -     NYF-MFG-GOLD-0001  mfgesx0604nyf
pure-protocol-endpoint                                                 0         254      -     NYF-MFG-GOLD-0002  mfgesx0605nyf
pure-protocol-endpoint                                                 0         254      -     NYF-MFG-GOLD-0002  mfgesx0606nyf
pure-protocol-endpoint                                                 0         254      -     NYF-MFG-GOLD-0002  mfgesx0607nyf
pure-protocol-endpoint                                                 0         254      -     NYF-MFG-GOLD-0002  mfgesx0608nyf
pure-protocol-endpoint                                                 0         254      -     NYF-MFG-GOLD-0002  mfgesx0609nyf
pure-protocol-endpoint                                                 0         254      -     NYF-MFG-NSX-0001   mfgesxn0101nyf
pure-protocol-endpoint                                                 0         254      -     NYF-MFG-NSX-0001   mfgesxn0102nyf
pure-protocol-endpoint                                                 0         254      -     NYF-MFG-NSX-0001   mfgesxn0103nyf
     root@mfgpurex101nyf-ct0:/var/home/pureeng# sssh peer
Last login: Fri Feb  7 20:34:21 2025 from fe80::26a9:37ff:fe5e:7246%haeth0

Sun Jul 13 12:18:54 2025
Welcome root. This is Purity Version 6.6.11 on FlashArray mfgpurex101nyf
http://www.purestorage.com/
     root@mfgpurex101nyf-ct1:~# purevol list --connect | grep "protocol-endpoint"
pure-protocol-endpoint                                                 0         254      -     NYF-MFG-GOLD-0001  mfgesx0601nyf
pure-protocol-endpoint                                                 0         254      -     NYF-MFG-GOLD-0001  mfgesx0602nyf
pure-protocol-endpoint                                                 0         254      -     NYF-MFG-GOLD-0001  mfgesx0603nyf
pure-protocol-endpoint                                                 0         254      -     NYF-MFG-GOLD-0001  mfgesx0604nyf
pure-protocol-endpoint                                                 0         254      -     NYF-MFG-GOLD-0002  mfgesx0605nyf
pure-protocol-endpoint                                                 0         254      -     NYF-MFG-GOLD-0002  mfgesx0606nyf
pure-protocol-endpoint                                                 0         254      -     NYF-MFG-GOLD-0002  mfgesx0607nyf
pure-protocol-endpoint                                                 0         254      -     NYF-MFG-GOLD-0002  mfgesx0608nyf
pure-protocol-endpoint                                                 0         254      -     NYF-MFG-GOLD-0002  mfgesx0609nyf
pure-protocol-endpoint                                                 0         254      -     NYF-MFG-NSX-0001   mfgesxn0101nyf
pure-protocol-endpoint                                                 0         254      -     NYF-MFG-NSX-0001   mfgesxn0102nyf
pure-protocol-endpoint                                                 0         254      -     NYF-MFG-NSX-0001   mfgesxn0103nyf
     root@mfgpurex101nyf-ct1:~# exit
logout
     root@mfgpurex101nyf-ct0:/var/home/pureeng# storage_view.py config && ssh peer storage_view.py config
Start time: 2025-07-13 12:19:14

Command line: ['/opt/Purity/bin/storage_view.py', 'config']
Version: 0.999.1
Working at ct0 to look over cables between ct0 and shelves

Slot listing:
 CT    Slot#   Type     Vendor           Model                     FW Rev                Tracer       Assembly    
------------------------------------------------------------------------------------------------------------------
 ct0    eth0    ETH    Mellanox          MT2892          22.37.1014 (PST0000000005)                               
 ct0    eth1    ETH    Mellanox          MT2892          22.37.1014 (PST0000000005)                               
 ct0   eth14    ETH    Mellanox          MT2894          26.35.2000 (MT_0000000575)                               
 ct0   eth15    ETH    Mellanox          MT2894          26.35.2000 (MT_0000000575)                               
 ct0    eth2    ETH    Mellanox          MT2894          26.37.1014 (PST0000000006)                               
 ct0    eth3    ETH    Mellanox          MT2894          26.37.1014 (PST0000000006)                               

Slot summary information:
-------------------------
ct0.eth0. (eth0 )] <---> [0.eth0 (eth0) SH9 .0     ]

ct0.eth1. (eth1 )] <---> [1.eth0 (eth0) SH9 .1     ]

Configuration status
--------------------
Configuration check started for FA-X50R4

SUCCESS: No errors detected.

End time: 2025-07-13 12:19:18
Start time: 2025-07-13 12:19:22

Command line: ['/opt/Purity/bin/storage_view.py', 'config']
Version: 0.999.1
Working at ct1 to look over cables between ct1 and shelves

Slot listing:
 CT    Slot#   Type     Vendor           Model                     FW Rev                Tracer       Assembly    
------------------------------------------------------------------------------------------------------------------
 ct1    eth0    ETH    Mellanox          MT2892          22.37.1014 (PST0000000005)                               
 ct1    eth1    ETH    Mellanox          MT2892          22.37.1014 (PST0000000005)                               
 ct1   eth14    ETH    Mellanox          MT2894          26.35.2000 (MT_0000000575)                               
 ct1   eth15    ETH    Mellanox          MT2894          26.35.2000 (MT_0000000575)                               
 ct1    eth2    ETH    Mellanox          MT2894          26.37.1014 (PST0000000006)                               
 ct1    eth3    ETH    Mellanox          MT2894          26.37.1014 (PST0000000006)                               

Slot summary information:
-------------------------
ct1.eth0. (eth0 )] <---> [0.eth2 (eth2) SH9 .0     ]

ct1.eth1. (eth1 )] <---> [1.eth2 (eth2) SH9 .1     ]

Configuration status
--------------------
Configuration check started for FA-X50R4

SUCCESS: No errors detected.

End time: 2025-07-13 12:19:30
     root@mfgpurex101nyf-ct0:/var/home/pureeng# purearray list --connect --path && ssh peer purearray list --connect --path
Name          Local Port  Local Address  Remote Port  Remote Address  Status     Transport  Encryption   Encryption Mode
mfgpurex101j  ct1.eth3    10.195.160.26  ct1.eth3     10.195.161.26   connected  ip         unencrypted  -
mfgpurex101j  ct1.eth2    10.195.160.24  ct1.eth3     10.195.161.26   connected  ip         unencrypted  -
mfgpurex101j  ct1.eth2    10.195.160.24  ct0.eth3     10.195.161.25   connected  ip         unencrypted  -
mfgpurex101j  ct1.eth3    10.195.160.26  ct0.eth3     10.195.161.25   connected  ip         unencrypted  -
mfgpurex101j  ct1.eth3    10.195.160.26  ct1.eth2     10.195.161.24   connected  ip         unencrypted  -
mfgpurex101j  ct1.eth3    10.195.160.26  ct0.eth2     10.195.161.23   connected  ip         unencrypted  -
mfgpurex101j  ct1.eth2    10.195.160.24  ct1.eth2     10.195.161.24   connected  ip         unencrypted  -
mfgpurex101j  ct1.eth2    10.195.160.24  ct0.eth2     10.195.161.23   connected  ip         unencrypted  -
Name          Local Port  Local Address  Remote Port  Remote Address  Status     Transport  Encryption   Encryption Mode
mfgpurex101j  ct1.eth3    10.195.160.26  ct1.eth3     10.195.161.26   connected  ip         unencrypted  -
mfgpurex101j  ct1.eth2    10.195.160.24  ct1.eth3     10.195.161.26   connected  ip         unencrypted  -
mfgpurex101j  ct1.eth2    10.195.160.24  ct0.eth3     10.195.161.25   connected  ip         unencrypted  -
mfgpurex101j  ct1.eth3    10.195.160.26  ct0.eth3     10.195.161.25   connected  ip         unencrypted  -
mfgpurex101j  ct1.eth3    10.195.160.26  ct1.eth2     10.195.161.24   connected  ip         unencrypted  -
mfgpurex101j  ct1.eth3    10.195.160.26  ct0.eth2     10.195.161.23   connected  ip         unencrypted  -
mfgpurex101j  ct1.eth2    10.195.160.24  ct1.eth2     10.195.161.24   connected  ip         unencrypted  -
mfgpurex101j  ct1.eth2    10.195.160.24  ct0.eth2     10.195.161.23   connected  ip         unencrypted  -
     root@mfgpurex101nyf-ct0:/var/home/pureeng# puretune list
usage: puretune [-h] (--set tunable value JIRA | --unset tunable | --list [LIST ...]) [--app NAME | --local | --cloud-store | --virtual-drives] [--csv] [--ignore-puredb] [--ignore-fe-fsck] [--verbose] [--verbose-debug]
puretune: error: one of the arguments --set --unset --list is required
     root@mfgpurex101nyf-ct0:/var/home/pureeng# puretune list-list-list
Consistently set tunables:
PS_DEDUP_NEARLINE_ENABLED : 0 ('ALERT_XYZ')
Inconsistently or unnecessarily set tunables:
PURITY_START_ON_BOOT:
local pureadm             - 1 
peer pureadm              - 1 
local puredb              - <unset> 
peer puredb               - <unset> 
local puredb --platform   - <unset> 
peer puredb --platform    - <unset> 
local puredb --chastity   - <unset> 
peer puredb --chastity    - <unset> 
PURE_359695:
local pureadm             - 1  (BIOS CMCI-SMI mitigation applied on upgrade to 6.6.11)
peer pureadm              - 1  (BIOS CMCI-SMI mitigation applied on upgrade to 6.6.11)
local puredb              - <unset> 
peer puredb               - <unset> 
local puredb --platform   - <unset> 
peer puredb --platform    - <unset> 
local puredb --chastity   - <unset> 
peer puredb --chastity    - <unset> 
ATOM_10072:
local pureadm             - GH  (CLOUD-152371)
peer pureadm              - GH  (CLOUD-152371)
local puredb              - <unset> 
peer puredb               - <unset> 
local puredb --platform   - <unset> 
peer puredb --platform    - <unset> 
local puredb --chastity   - <unset> 
peer puredb --chastity    - <unset> 
ATOM_SECURITY_PATCH_FA_2025_A:
local pureadm             - PCTFJ2401010E,PCTFJ24010150,6.6.11  (CLOUD-152371 set by atom-vats)
peer pureadm              - PCTFJ2401010E,PCTFJ24010150,6.6.11  (CLOUD-152371 set by atom-vats)
local puredb              - <unset> 
peer puredb               - <unset> 
local puredb --platform   - <unset> 
peer puredb --platform    - <unset> 
local puredb --chastity   - <unset> 
peer puredb --chastity    - <unset> 
PURESETUP_COMPLETED:
local pureadm             - <unset> 
peer pureadm              - 1 
local puredb              - <unset> 
peer puredb               - <unset> 
local puredb --platform   - <unset> 
peer puredb --platform    - <unset> 
local puredb --chastity   - <unset> 
peer puredb --chastity    - <unset> 
     root@mfgpurex101nyf-ct0:/var/home/pureeng# purearray list --controller
Name     Type              Mode       Model     Version  Status  Current Mode Since       Internal Details
CT0      array_controller  secondary  FA-X50R4  6.6.11   ready   2025-07-13 12:12:03 EDT  
CT1      array_controller  primary    FA-X50R4  6.6.11   ready   2025-07-13 12:11:58 EDT  
SH9.SC0  shelf_controller  -          DFSC1     2.2.3    -       -                        -
SH9.SC1  shelf_controller  -          DFSC1     2.2.3    -       -                        -
     root@mfgpurex101nyf-ct0:/var/home/pureeng# 
mfgpurex101nyf-ct0 login: pureeng
1) Authenticate via CloudAssist
2) Authenticate via command line
3) Restore challenge
Type the number corresponding to the authentication method you want to use.

Selection: 1

An email for identity verification will be sent once email is entered.
Please follow the authentication instructions provided there and return to this screen when finished or if email has not been received.


Enter an email address: fharris@purestorage.com
Successfully authenticated
Last login: Sun Jul 13 11:52:06 EDT 2025 on ttyS0

Sun Jul 13 12:54:22 2025
Welcome pureeng. This is Purity Version 6.6.11 on FlashArray mfgpurex101nyf
http://www.purestorage.com/
pureeng@mfgpurex101nyf-ct0:~$ purearray list --space
Name            Capacity  Parity  Provisioned Size  Virtual  Thin Provisioning  Data Reduction  Total Reduction  Unique  Snapshots  Shared  System  Replication  Total
mfgpurex101nyf  102.39T   100%    702160000M        209.83T  69%                13.7 to 1       38.9 to 1        15.04T  12.73T     46.31T  0.00    0.00         74.08T
pureeng@mfgpurex101nyf-ct0:~$ puredrive list
Name       Type   Status   Capacity  Details
CH0.BAY0   SSD    healthy  4.56T     -
CH0.BAY1   SSD    healthy  4.56T     -
CH0.BAY2   SSD    healthy  4.56T     -
CH0.BAY3   SSD    healthy  4.56T     -
CH0.BAY4   SSD    healthy  4.56T     -
CH0.BAY5   SSD    healthy  4.56T     -
CH0.BAY6   SSD    healthy  4.56T     -
CH0.BAY7   SSD    healthy  4.56T     -
CH0.BAY8   SSD    healthy  4.56T     -
CH0.BAY9   SSD    healthy  4.56T     -
CH0.BAY10  SSD    healthy  9.10T     -
CH0.BAY11  SSD    healthy  9.10T     -
CH0.BAY12  SSD    healthy  9.10T     -
CH0.BAY13  SSD    healthy  9.10T     -
CH0.BAY14  SSD    healthy  9.10T     -
CH0.BAY15  SSD    healthy  9.10T     -
CH0.BAY16  SSD    healthy  9.10T     -
CH0.BAY17  SSD    healthy  9.10T     -
CH0.BAY18  SSD    healthy  9.10T     -
CH0.BAY19  SSD    healthy  9.10T     -
CH0.NVB0   NVRAM  healthy  7.52G     -
CH0.NVB1   NVRAM  healthy  7.52G     -
CH0.NVB2   NVRAM  unused   0.00      -
CH0.NVB3   NVRAM  unused   0.00      -
SH9.BAY0   SSD    healthy  4.56T     -
SH9.BAY1   SSD    healthy  4.56T     -
SH9.BAY2   SSD    healthy  4.56T     -
SH9.BAY3   SSD    healthy  4.56T     -
SH9.BAY4   SSD    healthy  4.56T     -
SH9.BAY5   SSD    healthy  4.56T     -
SH9.BAY6   SSD    healthy  4.56T     -
SH9.BAY7   SSD    healthy  4.56T     -
SH9.BAY8   SSD    healthy  4.56T     -
SH9.BAY9   SSD    healthy  4.56T     -
SH9.BAY10  -      unused   0.00      -
SH9.BAY11  -      unused   0.00      -
SH9.BAY12  -      unused   0.00      -
SH9.BAY13  -      unused   0.00      -
SH9.BAY14  -      unused   0.00      -
SH9.BAY15  -      unused   0.00      -
SH9.BAY16  -      unused   0.00      -
SH9.BAY17  -      unused   0.00      -
SH9.BAY18  -      unused   0.00      -
SH9.BAY19  -      unused   0.00      -
SH9.BAY20  -      unused   0.00      -
SH9.BAY21  -      unused   0.00      -
SH9.BAY22  -      unused   0.00      -
SH9.BAY23  -      unused   0.00      -
SH9.BAY24  -      unused   0.00      -
SH9.BAY25  -      unused   0.00      -
SH9.BAY26  -      unused   0.00      -
SH9.BAY27  -      unused   0.00      -
pureeng@mfgpurex101nyf-ct0:~$ 
pureeng@mfgpurex101nyf-ct0:~$ puredrive list
Name       Type   Status   Capacity  Details
CH0.BAY0   SSD    healthy  4.56T     -
CH0.BAY1   SSD    healthy  4.56T     -
CH0.BAY2   SSD    healthy  4.56T     -
CH0.BAY3   SSD    healthy  4.56T     -
CH0.BAY4   SSD    healthy  4.56T     -
CH0.BAY5   SSD    healthy  4.56T     -
CH0.BAY6   SSD    healthy  4.56T     -
CH0.BAY7   SSD    healthy  4.56T     -
CH0.BAY8   SSD    healthy  4.56T     -
CH0.BAY9   SSD    healthy  4.56T     -
CH0.BAY10  SSD    healthy  9.10T     -
CH0.BAY11  SSD    healthy  9.10T     -
CH0.BAY12  SSD    healthy  9.10T     -
CH0.BAY13  SSD    healthy  9.10T     -
CH0.BAY14  SSD    healthy  9.10T     -
CH0.BAY15  SSD    healthy  9.10T     -
CH0.BAY16  SSD    healthy  9.10T     -
CH0.BAY17  SSD    healthy  9.10T     -
CH0.BAY18  SSD    healthy  9.10T     -
CH0.BAY19  SSD    healthy  9.10T     -
CH0.NVB0   NVRAM  healthy  7.52G     -
CH0.NVB1   NVRAM  healthy  7.52G     -
CH0.NVB2   NVRAM  unused   0.00      -
CH0.NVB3   NVRAM  unused   0.00      -
SH9.BAY0   SSD    healthy  4.56T     -
SH9.BAY1   SSD    healthy  4.56T     -
SH9.BAY2   SSD    healthy  4.56T     -
SH9.BAY3   SSD    healthy  4.56T     -
SH9.BAY4   SSD    healthy  4.56T     -
SH9.BAY5   SSD    healthy  4.56T     -
SH9.BAY6   SSD    healthy  4.56T     -
SH9.BAY7   SSD    healthy  4.56T     -
SH9.BAY8   SSD    healthy  4.56T     -
SH9.BAY9   SSD    healthy  4.56T     -
SH9.BAY10  -      unused   0.00      -
SH9.BAY11  -      unused   0.00      -
SH9.BAY12  -      unused   0.00      -
SH9.BAY13  -      unused   0.00      -
SH9.BAY14  -      unused   0.00      -
SH9.BAY15  -      unused   0.00      -
SH9.BAY16  -      unused   0.00      -
SH9.BAY17  -      unused   0.00      -
SH9.BAY18  -      unused   0.00      -
SH9.BAY19  -      unused   0.00      -
SH9.BAY20  -      unused   0.00      -
SH9.BAY21  -      unused   0.00      -
SH9.BAY22  -      unused   0.00      -
SH9.BAY23  -      unused   0.00      -
SH9.BAY24  -      unused   0.00      -
SH9.BAY25  -      unused   0.00      -
SH9.BAY26  -      unused   0.00      -
SH9.BAY27  -      unused   0.00      -
pureeng@mfgpurex101nyf-ct0:~$ iscsipureportlist=`pureport list --initiator | grep -v FC | awk -F' CT' '{print "CT"$2,$8}' | grep -v 'CT ' | awk -F '.ETH' '{print $1, $2}' | awk '{print $1, $5, $6}' | sort | uniq -c; echo`; iscsipureportlist count=`echo "$iscsipureportlist" | awk '{total += $1} END {print total}'`; echo -e "$iscsipureportlist\n\n"; echo -e "\tTotal iSCSI connections: $iscsipureportlistcount\n\n";
     30 CT0 iqn.2010-06.com.purestorage:flasharray.21101c6419a3d407 -
     30 CT1 iqn.2010-06.com.purestorage:flasharray.21101c6419a3d407 -


Total iSCSI connections: 60


pureeng@mfgpurex101nyf-ct0:~$ purearray remtoeoteassist --status
Name                Status     Opened                   Expires
mfgpurex101nyf-ct0  connected  2025-07-13 12:04:27 EDT  2025-07-15 12:04:27 EDT
pureeng@mfgpurex101nyf-ct0:~$ purearray list --cncontroller
Name     Type              Mode       Model     Version  Status  Current Mode Since       Internal Details
CT0      array_controller  secondary  FA-X50R4  6.6.11   ready   2025-07-13 12:48:41 EDT  
CT1      array_controller  primary    FA-X50R4  6.6.11   ready   2025-07-13 12:11:58 EDT  
SH9.SC0  shelf_controller  -          DFSC1     2.2.3    -       -                        -
SH9.SC1  shelf_controller  -          DFSC1     2.2.3    -       -                        -
pureeng@mfgpurex101nyf-ct0:~$ puremessage list --open
ID        Time                     Severity  Category  Code   Component  Name                  Event                                           Expected  Actual  Details
17559381  2025-07-03 14:05:54 EDT  warning   array     10137  array      inflight_cat_sec_svc  Recommend upgrading to 6.7.2+, 6.8.3+ or above  -         -       Upgrade to Purity 6.7.2+, 6.8.3+ or above
pureeng@mfgpurex101nyf-ct0:~$ iobalance --sampletime 30
sampling host I/O for 30 seconds...
                Host  CT0 I/O Count  CT1 I/O Count  
       mfgesx0601nyf      47.37K       9.71K  ! unbalanced I/O
       mfgesx0602nyf      43.69K      10.24K  ! unbalanced I/O
       mfgesx0603nyf      98.49K      17.54K  ! unbalanced I/O
       mfgesx0604nyf       9.90K       5.77K  ! unbalanced I/O
       mfgesx0605nyf      74.88K      28.93K  ! unbalanced I/O
       mfgesx0606nyf      85.25K      11.65K  ! unbalanced I/O
       mfgesx0607nyf      72.15K      27.82K  ! unbalanced I/O
       mfgesx0608nyf      48.16K      11.81K  ! unbalanced I/O
       mfgesx0609nyf     100.04K      38.77K  ! unbalanced I/O
      mfgesxn0101nyf       2.04K       2.69K  
      mfgesxn0102nyf       9.89K       7.63K  
      mfgesxn0103nyf       8.04K       6.56K  
pureeng@mfgpurex101nyf-ct0:~$ satorage_view.py config
Start time: 2025-07-13 14:41:29

Command line: ['/opt/Purity/bin/storage_view.py', 'config']
Version: 0.999.1
ERROR: This tool needs to be executed as root.

End time: 2025-07-13 14:41:29
pureeng@mfgpurex101nyf-ct0:~$ sudo su
     root@mfgpurex101nyf-ct0:/var/home/pureeng# storag_viewe_view.py config
Start time: 2025-07-13 14:41:44

Command line: ['/opt/Purity/bin/storage_view.py', 'config']
Version: 0.999.1
Working at ct0 to look over cables between ct0 and shelves

Slot listing:
 CT    Slot#   Type     Vendor           Model                     FW Rev                Tracer       Assembly    
------------------------------------------------------------------------------------------------------------------
 ct0    eth0    ETH    Mellanox          MT2892          22.37.1014 (PST0000000005)                               
 ct0    eth1    ETH    Mellanox          MT2892          22.37.1014 (PST0000000005)                               
 ct0   eth14    ETH    Mellanox          MT2894          26.35.2000 (MT_0000000575)                               
 ct0   eth15    ETH    Mellanox          MT2894          26.35.2000 (MT_0000000575)                               
 ct0    eth2    ETH    Mellanox          MT2894          26.37.1014 (PST0000000006)                               
 ct0    eth3    ETH    Mellanox          MT2894          26.37.1014 (PST0000000006)                               

Slot summary information:
-------------------------
ct0.eth0. (eth0 )] <---> [0.eth0 (eth0) SH9 .0     ]

ct0.eth1. (eth1 )] <---> [1.eth0 (eth0) SH9 .1     ]

Configuration status
--------------------
Configuration check started for FA-X50R4

SUCCESS: No errors detected.

End time: 2025-07-13 14:41:47
     root@mfgpurex101nyf-ct0:/var/home/pureeng# purearray list --connect --path && ssh peer purearray list --connect --path
Name          Local Port  Local Address  Remote Port  Remote Address  Status     Transport  Encryption   Encryption Mode
mfgpurex101j  ct1.eth3    10.195.160.26  ct1.eth3     10.195.161.26   connected  ip         unencrypted  -
mfgpurex101j  ct1.eth2    10.195.160.24  ct1.eth3     10.195.161.26   connected  ip         unencrypted  -
mfgpurex101j  ct1.eth2    10.195.160.24  ct0.eth3     10.195.161.25   connected  ip         unencrypted  -
mfgpurex101j  ct1.eth3    10.195.160.26  ct0.eth3     10.195.161.25   connected  ip         unencrypted  -
mfgpurex101j  ct1.eth3    10.195.160.26  ct1.eth2     10.195.161.24   connected  ip         unencrypted  -
mfgpurex101j  ct1.eth3    10.195.160.26  ct0.eth2     10.195.161.23   connected  ip         unencrypted  -
mfgpurex101j  ct1.eth2    10.195.160.24  ct1.eth2     10.195.161.24   connected  ip         unencrypted  -
mfgpurex101j  ct1.eth2    10.195.160.24  ct0.eth2     10.195.161.23   connected  ip         unencrypted  -
Name          Local Port  Local Address  Remote Port  Remote Address  Status     Transport  Encryption   Encryption Mode
mfgpurex101j  ct1.eth3    10.195.160.26  ct1.eth3     10.195.161.26   connected  ip         unencrypted  -
mfgpurex101j  ct1.eth2    10.195.160.24  ct1.eth3     10.195.161.26   connected  ip         unencrypted  -
mfgpurex101j  ct1.eth2    10.195.160.24  ct0.eth3     10.195.161.25   connected  ip         unencrypted  -
mfgpurex101j  ct1.eth3    10.195.160.26  ct0.eth3     10.195.161.25   connected  ip         unencrypted  -
mfgpurex101j  ct1.eth3    10.195.160.26  ct1.eth2     10.195.161.24   connected  ip         unencrypted  -
mfgpurex101j  ct1.eth3    10.195.160.26  ct0.eth2     10.195.161.23   connected  ip         unencrypted  -
mfgpurex101j  ct1.eth2    10.195.160.24  ct1.eth2     10.195.161.24   connected  ip         unencrypted  -
mfgpurex101j  ct1.eth2    10.195.160.24  ct0.eth2     10.195.161.23   connected  ip         unencrypted  -
     root@mfgpurex101nyf-ct0:/var/home/pureeng# purevol list --connect | grep "protocol-endpoint"
pure-protocol-endpoint                                                 0         254      -     NYF-MFG-GOLD-0001  mfgesx0601nyf
pure-protocol-endpoint                                                 0         254      -     NYF-MFG-GOLD-0001  mfgesx0602nyf
pure-protocol-endpoint                                                 0         254      -     NYF-MFG-GOLD-0001  mfgesx0603nyf
pure-protocol-endpoint                                                 0         254      -     NYF-MFG-GOLD-0001  mfgesx0604nyf
pure-protocol-endpoint                                                 0         254      -     NYF-MFG-GOLD-0002  mfgesx0605nyf
pure-protocol-endpoint                                                 0         254      -     NYF-MFG-GOLD-0002  mfgesx0606nyf
pure-protocol-endpoint                                                 0         254      -     NYF-MFG-GOLD-0002  mfgesx0607nyf
pure-protocol-endpoint                                                 0         254      -     NYF-MFG-GOLD-0002  mfgesx0608nyf
pure-protocol-endpoint                                                 0         254      -     NYF-MFG-GOLD-0002  mfgesx0609nyf
pure-protocol-endpoint                                                 0         254      -     NYF-MFG-NSX-0001   mfgesxn0101nyf
pure-protocol-endpoint                                                 0         254      -     NYF-MFG-NSX-0001   mfgesxn0102nyf
pure-protocol-endpoint                                                 0         254      -     NYF-MFG-NSX-0001   mfgesxn0103nyf
     root@mfgpurex101nyf-ct0:/var/home/pureeng# purenetwork list
Name            Enabled  Speed       Services
CT0.FC4         True     32.00 Gb/s  scsi-fc
CT0.FC5         True     32.00 Gb/s  scsi-fc
CT0.FC6         True     32.00 Gb/s  scsi-fc
CT0.FC7         True     32.00 Gb/s  scsi-fc
CT1.FC4         True     32.00 Gb/s  scsi-fc
CT1.FC5         True     32.00 Gb/s  scsi-fc
CT1.FC6         True     32.00 Gb/s  scsi-fc
CT1.FC7         True     32.00 Gb/s  scsi-fc
ct0.eth2        True     25.00 Gb/s  replication
ct0.eth3        True     25.00 Gb/s  replication
ct0.eth4        True     2.00 Gb/s   management
ct0.eth5        False    10.00 Gb/s  management
ct0.eth7        False    10.00 Gb/s  -
ct0.eth14       True     25.00 Gb/s  iscsi
ct0.eth14.2320  True     25.00 Gb/s  iscsi
ct0.eth14.2330  True     25.00 Gb/s  iscsi
ct0.eth15       True     25.00 Gb/s  iscsi
ct0.eth15.2320  True     25.00 Gb/s  iscsi
ct0.eth15.2330  True     25.00 Gb/s  iscsi
ct1.eth2        True     25.00 Gb/s  replication
ct1.eth3        True     25.00 Gb/s  replication
ct1.eth4        True     2.00 Gb/s   management
ct1.eth5        False    10.00 Gb/s  management
ct1.eth7        False    10.00 Gb/s  -
ct1.eth14       True     25.00 Gb/s  iscsi
ct1.eth14.2320  True     25.00 Gb/s  iscsi
ct1.eth14.2330  True     25.00 Gb/s  iscsi
ct1.eth15       True     25.00 Gb/s  iscsi
ct1.eth15.2320  True     25.00 Gb/s  iscsi
ct1.eth15.2330  True     25.00 Gb/s  iscsi
replbond        False    0.00 b/s    replication
vir4            True     2.00 Gb/s   management
vir5            False    10.00 Gb/s  management
     root@mfgpurex101nyf-ct0:/var/home/pureeng# 