=~=~=~=~=~=~=~=~=~=~=~= PuTTY log 2025.06.05 09:09:11 =~=~=~=~=~=~=~=~=~=~=~=

WO1Pure01-ct0 login: 
WO1Pure01-ct1 login: pureeng
1) Authenticate via CloudAssist
2) Authenticate via command line
3) Restore challenge
Type the number corresponding to the authentication method you want to use.

Selection: 1

An email for identity verification will be sent once email is entered.
Please follow the authentication instructions provided there and return to this screen when finished or if email has not been received.


Enter an email address: fharris@purestroage.com
An error occurred with CloudAssist authentication!

1) Authenticate via CloudAssist
2) Authenticate via command line
3) Restore challenge
Type the number corresponding to the authentication method you want to use.

Selection: 1

An email for identity verification will be sent once email is entered.
Please follow the authentication instructions provided there and return to this screen when finished or if email has not been received.


Enter an email address: fharris# @purestorage.com
Successfully authenticated
Last login: Thu May 22 09:08:14 EDT 2025 on ttyS0

Thu Jun 05 09:10:52 2025
Welcome pureeng. This is Purity Version 6.5.10 on FlashArray WO1Pure01
http://www.purestorage.com/
pureeng@WO1Pure01-ct1:~$ puredrive list
Name       Type   Status     Capacity  Details
CH0.BAY0   SSD    healthy    4.56T     -
CH0.BAY1   SSD    healthy    4.56T     -
CH0.BAY2   SSD    healthy    4.56T     -
CH0.BAY3   SSD    healthy    4.56T     -
CH0.BAY4   SSD    healthy    4.56T     -
CH0.BAY5   SSD    healthy    4.56T     -
CH0.BAY6   SSD    healthy    4.56T     -
CH0.BAY7   SSD    healthy    4.56T     -
CH0.BAY8   SSD    healthy    4.56T     -
CH0.BAY9   SSD    healthy    4.56T     -
CH0.BAY10  SSD    evacuated  0.00      -
CH0.BAY11  SSD    evacuated  0.00      -
CH0.BAY12  SSD    evacuated  0.00      -
CH0.BAY13  SSD    evacuated  0.00      -
CH0.BAY14  SSD    evacuated  0.00      -
CH0.BAY15  SSD    evacuated  0.00      -
CH0.BAY16  SSD    evacuated  0.00      -
CH0.BAY17  SSD    evacuated  0.00      -
CH0.BAY18  SSD    evacuated  0.00      -
CH0.BAY19  SSD    evacuated  0.00      -
CH0.NVB0   NVRAM  healthy    7.52G     -
CH0.NVB1   NVRAM  healthy    7.52G     -
CH0.NVB2   NVRAM  unused     0.00      -
CH0.NVB3   NVRAM  unused     0.00      -
pureeng@WO1Pure01-ct1:~$ purealert tag --timeout 120m --maintenance   
Name         Created                  Expires
maintenance  2025-06-05 09:13:00 EDT  2025-06-05 11:13:00 EDT
pureeng@WO1Pure01-ct1:~$ sudo su
     root@WO1Pure01-ct1:/var/home/pureeng# purehw list
Name       Status         Identify  Slot  Index  Speed       Temperature  Voltage  Details
CH0        ok             off       -     0      -           -            -        -
CH0.BAY0   ok             off       -     0      -           -            -        -
CH0.BAY1   ok             off       -     1      -           -            -        -
CH0.BAY2   ok             off       -     2      -           -            -        -
CH0.BAY3   ok             off       -     3      -           -            -        -
CH0.BAY4   ok             off       -     4      -           -            -        -
CH0.BAY5   ok             off       -     5      -           -            -        -
CH0.BAY6   ok             off       -     6      -           -            -        -
CH0.BAY7   ok             off       -     7      -           -            -        -
CH0.BAY8   ok             off       -     8      -           -            -        -
CH0.BAY9   ok             off       -     9      -           -            -        -
CH0.BAY10  ok             off       -     10     -           -            -        -
CH0.BAY11  ok             off       -     11     -           -            -        -
CH0.BAY12  ok             off       -     12     -           -            -        -
CH0.BAY13  ok             off       -     13     -           -            -        -
CH0.BAY14  ok             off       -     14     -           -            -        -
CH0.BAY15  ok             off       -     15     -           -            -        -
CH0.BAY16  ok             off       -     16     -           -            -        -
CH0.BAY17  ok             off       -     17     -           -            -        -
CH0.BAY18  ok             off       -     18     -           -            -        -
CH0.BAY19  ok             off       -     19     -           -            -        -
CH0.NVB0   ok             off       -     0      -           -            -        -
CH0.NVB1   ok             off       -     1      -           -            -        -
CH0.NVB2   not_installed  off       -     2      -           -            -        -
CH0.NVB3   not_installed  off       -     3      -           -            -        -
CH0.PWR0   ok             -         -     0      -           -            238 V    -
CH0.PWR1   ok             -         -     1      -           -            238 V    -
CH0.TMP0   ok             -         -     0      -           22 C         -        -
CT0        ok             off       -     0      -           -            -        -
CT0.ETH0   ok             -         -     0      1.00 Gb/s   -            -        -
CT0.ETH1   ok             -         -     1      0.00 b/s    -            -        -
CT0.ETH2   ok             -         -     2      0.00 b/s    -            -        -
CT0.ETH3   ok             -         -     3      0.00 b/s    -            -        -
CT0.ETH4   ok             -         -     4      10.00 Gb/s  -            -        -
CT0.ETH5   ok             -         -     5      10.00 Gb/s  -            -        -
CT0.ETH6   ok             -         -     6      0.00 b/s    -            -        -
CT0.ETH7   ok             -         -     7      0.00 b/s    -            -        -
CT0.ETH8   ok             -         -     8      0.00 b/s    -            -        -
CT0.ETH9   ok             -         -     9      0.00 b/s    -            -        -
CT0.ETH18  ok             -         2     18     0.00 b/s    -            -        -
CT0.ETH19  ok             -         2     19     0.00 b/s    -            -        -
CT0.FAN0   ok             -         -     0      -           -            -        -
CT0.FAN1   ok             -         -     1      -           -            -        -
CT0.FAN2   ok             -         -     2      -           -            -        -
CT0.FAN3   ok             -         -     3      -           -            -        -
CT0.FAN4   ok             -         -     4      -           -            -        -
CT0.FAN5   ok             -         -     5      -           -            -        -
CT0.FC0    ok             -         0     0      0.00 b/s    -            -        -
CT0.FC1    ok             -         0     1      0.00 b/s    -            -        -
CT0.FC2    ok             -         0     2      0.00 b/s    -            -        -
CT0.FC3    ok             -         0     3      0.00 b/s    -            -        -
CT0.TMP0   ok             -         -     0      -           37 C         -        -
CT0.TMP1   ok             -         -     1      -           38 C         -        -
CT0.TMP2   ok             -         -     2      -           30 C         -        -
CT0.TMP3   ok             -         -     3      -           56 C         -        -
CT0.TMP4   ok             -         -     4      -           54 C         -        -
CT0.TMP5   ok             -         -     5      -           39 C         -        -
CT0.TMP6   ok             -         -     6      -           46 C         -        -
CT0.TMP7   ok             -         -     7      -           31 C         -        -
CT0.TMP8   ok             -         -     8      -           31 C         -        -
CT0.TMP9   ok             -         -     9      -           32 C         -        -
CT0.TMP10  ok             -         -     10     -           30 C         -        -
CT0.TMP11  ok             -         -     11     -           30 C         -        -
CT0.TMP12  ok             -         -     12     -           29 C         -        -
CT0.TMP13  ok             -         -     13     -           34 C         -        -
CT0.TMP14  ok             -         -     14     -           33 C         -        -
CT0.TMP15  ok             -         -     15     -           32 C         -        -
CT0.TMP16  ok             -         -     16     -           32 C         -        -
CT0.TMP17  ok             -         -     17     -           32 C         -        -
CT0.TMP18  ok             -         -     18     -           32 C         -        -
CT0.TMP19  ok             -         -     19     -           33 C         -        -
CT0.TMP20  ok             -         -     20     -           31 C         -        -
CT0.TMP21  ok             -         -     21     -           41 C         -        -
CT0.TMP22  ok             -         -     22     -           35 C         -        -
CT0.TMP23  ok             -         -     23     -           38 C         -        -
CT0.TMP24  ok             -         -     24     -           40 C         -        -
CT0.TMP25  ok             -         -     25     -           45 C         -        -
CT0.TMP26  ok             -         -     26     -           31 C         -        -
CT1        ok             off       -     1      -           -            -        -
CT1.ETH0   ok             -         -     0      1.00 Gb/s   -            -        -
CT1.ETH1   ok             -         -     1      0.00 b/s    -            -        -
CT1.ETH2   ok             -         -     2      0.00 b/s    -            -        -
CT1.ETH3   ok             -         -     3      0.00 b/s    -            -        -
CT1.ETH4   ok             -         -     4      10.00 Gb/s  -            -        -
CT1.ETH5   ok             -         -     5      10.00 Gb/s  -            -        -
CT1.ETH6   ok             -         -     6      0.00 b/s    -            -        -
CT1.ETH7   ok             -         -     7      0.00 b/s    -            -        -
CT1.ETH8   ok             -         -     8      0.00 b/s    -            -        -
CT1.ETH9   ok             -         -     9      0.00 b/s    -            -        -
CT1.ETH18  ok             -         2     18     0.00 b/s    -            -        -
CT1.ETH19  ok             -         2     19     0.00 b/s    -            -        -
CT1.FAN0   ok             -         -     0      -           -            -        -
CT1.FAN1   ok             -         -     1      -           -            -        -
CT1.FAN2   ok             -         -     2      -           -            -        -
CT1.FAN3   ok             -         -     3      -           -            -        -
CT1.FAN4   ok             -         -     4      -           -            -        -
CT1.FAN5   ok             -         -     5      -           -            -        -
CT1.FC0    ok             -         0     0      0.00 b/s    -            -        -
CT1.FC1    ok             -         0     1      0.00 b/s    -            -        -
CT1.FC2    ok             -         0     2      0.00 b/s    -            -        -
CT1.FC3    ok             -         0     3      0.00 b/s    -            -        -
CT1.TMP0   ok             -         -     0      -           35 C         -        -
CT1.TMP1   ok             -         -     1      -           34 C         -        -
CT1.TMP2   ok             -         -     2      -           32 C         -        -
CT1.TMP3   ok             -         -     3      -           45 C         -        -
CT1.TMP4   ok             -         -     4      -           39 C         -        -
CT1.TMP5   ok             -         -     5      -           37 C         -        -
CT1.TMP6   ok             -         -     6      -           38 C         -        -
CT1.TMP7   ok             -         -     7      -           31 C         -        -
CT1.TMP8   ok             -         -     8      -           31 C         -        -
CT1.TMP9   ok             -         -     9      -           32 C         -        -
CT1.TMP10  ok             -         -     10     -           32 C         -        -
CT1.TMP11  ok             -         -     11     -           31 C         -        -
CT1.TMP12  ok             -         -     12     -           31 C         -        -
CT1.TMP13  ok             -         -     13     -           32 C         -        -
CT1.TMP14  ok             -         -     14     -           31 C         -        -
CT1.TMP15  ok             -         -     15     -           31 C         -        -
CT1.TMP16  ok             -         -     16     -           31 C         -        -
CT1.TMP17  ok             -         -     17     -           31 C         -        -
CT1.TMP18  ok             -         -     18     -           31 C         -        -
CT1.TMP19  ok             -         -     19     -           32 C         -        -
CT1.TMP20  ok             -         -     20     -           30 C         -        -
CT1.TMP21  ok             -         -     21     -           36 C         -        -
CT1.TMP22  ok             -         -     22     -           35 C         -        -
CT1.TMP23  ok             -         -     23     -           35 C         -        -
CT1.TMP24  ok             -         -     24     -           35 C         -        -
CT1.TMP25  ok             -         -     25     -           39 C         -        -
CT1.TMP26  ok             -         -     26     -           33 C         -        -
     root@WO1Pure01-ct1:/var/home/pureeng# puremessage list --open
     root@WO1Pure01-ct1:/var/home/pureeng# purearray list -s-space
Name       Capacity  Parity  Provisioned Size  Virtual  Thin Provisioning  Data Reduction  Total Reduction  Unique  Snapshots  Shared  System  Replication  Total
WO1Pure01  22.83T    100%    55519109686784B   26.18T   48%                5.3 to 1        10.1 to 1        4.24T   2.55T      1.39T   0.00    0.00         8.18T
     root@WO1Pure01-ct1:/var/home/pureeng# purearray list --scontroller
Name  Type              Mode       Model     Version  Status  Internal Details
CT0   array_controller  primary    FA-X50R3  6.5.10   ready   
CT1   array_controller  secondary  FA-X50R3  6.5.10   ready   
     root@WO1Pure01-ct1:/var/home/pureeng# puredb list drives
Name       Subslot  Type   Protocol  Status        Capacity  Pinned Space  Degraded  Device Id                                  Boot Aus Used  Main Aus Used
CH0.DRV0   1        SSD    NVMe      healthy       4.56T     0.00          0.00      13989786677926055794:10924849495509740580  33/97          35662/103471
CH0.DRV1   1        SSD    NVMe      healthy       4.56T     0.00          0.00      12604542378254680209:9490696701041745106   31/97          35874/103541
CH0.DRV2   1        SSD    NVMe      healthy       4.56T     0.00          0.00      12969344659376066559:10537194665433501471  33/97          35778/103533
CH0.DRV3   1        SSD    NVMe      healthy       4.56T     0.00          0.00      14248245123902229893:9416758334182682614   28/97          35770/103500
CH0.DRV4   1        SSD    NVMe      healthy       4.56T     0.00          0.00      1868841496278877602:13472755884974471061   30/97          35958/103489
CH0.DRV5   1        SSD    NVMe      healthy       4.56T     0.00          0.00      4604871480050533245:12878779184408457633   31/97          35741/103490
CH0.DRV6   1        SSD    NVMe      healthy       4.56T     0.00          0.00      1632278730975365394:11821526285199127736   35/97          35755/103518
CH0.DRV7   1        SSD    NVMe      healthy       4.56T     0.00          0.00      14526518780789868751:11897088967135160489  33/97          35914/103405
CH0.DRV8   1        SSD    NVMe      healthy       4.56T     0.00          0.00      8122693351391379790:13712877182551814387   31/97          35779/103487
CH0.DRV9   1        SSD    NVMe      healthy       4.56T     0.00          0.00      9761679240513209084:11054814617730941111   31/97          35745/103534
CH0.DRV10  1        SSD    -         unrecognized  0.00      0.00          0.00      -                                          -              -
CH0.DRV10  2        SSD    -         unrecognized  0.00      0.00          0.00      -                                          -              -
CH0.DRV11  1        SSD    -         unrecognized  0.00      0.00          0.00      -                                          -              -
CH0.DRV11  2        SSD    -         unrecognized  0.00      0.00          0.00      -                                          -              -
CH0.DRV12  1        SSD    -         unrecognized  0.00      0.00          0.00      -                                          -              -
CH0.DRV12  2        SSD    -         unrecognized  0.00      0.00          0.00      -                                          -              -
CH0.DRV13  1        SSD    -         unrecognized  0.00      0.00          0.00      -                                          -              -
CH0.DRV13  2        SSD    -         unrecognized  0.00      0.00          0.00      -                                          -              -
CH0.DRV14  1        SSD    -         unrecognized  0.00      0.00          0.00      -                                          -              -
CH0.DRV14  2        SSD    -         unrecognized  0.00      0.00          0.00      -                                          -              -
CH0.DRV15  1        SSD    -         unrecognized  0.00      0.00          0.00      -                                          -              -
CH0.DRV15  2        SSD    -         unrecognized  0.00      0.00          0.00      -                                          -              -
CH0.DRV16  1        SSD    -         unrecognized  0.00      0.00          0.00      -                                          -              -
CH0.DRV16  2        SSD    -         unrecognized  0.00      0.00          0.00      -                                          -              -
CH0.DRV17  1        SSD    -         unrecognized  0.00      0.00          0.00      -                                          -              -
CH0.DRV17  2        SSD    -         unrecognized  0.00      0.00          0.00      -                                          -              -
CH0.DRV18  1        SSD    -         unrecognized  0.00      0.00          0.00      -                                          -              -
CH0.DRV18  2        SSD    -         unrecognized  0.00      0.00          0.00      -                                          -              -
CH0.DRV19  1        SSD    -         unrecognized  0.00      0.00          0.00      -                                          -              -
CH0.DRV19  2        SSD    -         unrecognized  0.00      0.00          0.00      -                                          -              -
CH0.NVR0   0        NVRAM  NVMe      healthy       7.52G     -             0.00      5797665763654715294:12034874128201944279   -              -
CH0.NVR1   0        NVRAM  NVMe      healthy       7.52G     -             0.00      6833619492250075803:11418301514983864663   -              -
     root@WO1Pure01-ct1:/var/home/pureeng# purearray remoteassist --status
Name           Status        Opened  Expires
WO1Pure01-ct1  disconnected  -       -
     root@WO1Pure01-ct1:/var/home/pureeng# purearray remoteassist --statusconnect
Name           Status      Opened                   Expires
WO1Pure01-ct1  connecting  2025-06-05 09:14:06 EDT  2025-06-07 09:14:06 EDT
     root@WO1Pure01-ct1:/var/home/pureeng# purearray remoteassist --connectstatus
Name           Status      Opened                   Expires
WO1Pure01-ct1  connecting  2025-06-05 09:14:06 EDT  2025-06-07 09:14:06 EDT
     root@WO1Pure01-ct1:/var/home/pureeng# purearray remoteassist --status
Name           Status     Opened                   Expires
WO1Pure01-ct1  connected  2025-06-05 09:14:06 EDT  2025-06-07 09:14:06 EDT
     root@WO1Pure01-ct1:/var/home/pureeng# ssh peer
Last login: Thu May 22 11:21:36 2025 from fe80::26a9:37ff:fe56:9483%haeth0

Thu Jun 05 09:14:17 2025
Welcome root. This is Purity Version 6.5.10 on FlashArray WO1Pure01
http://www.purestorage.com/
     root@WO1Pure01-ct0:~# purearray remoteassist --connect
Name           Status      Opened                   Expires
WO1Pure01-ct0  connecting  2025-06-05 09:14:23 EDT  2025-06-07 09:14:23 EDT
     root@WO1Pure01-ct0:~# purearray remoteassist --connectstatus
Name           Status     Opened                   Expires
WO1Pure01-ct0  connected  2025-06-05 09:14:23 EDT  2025-06-07 09:14:23 EDT
     root@WO1Pure01-ct0:~# purearray remoteassist --status
Name           Status     Opened                   Expires
WO1Pure01-ct0  connected  2025-06-05 09:14:23 EDT  2025-06-07 09:14:23 EDT
     root@WO1Pure01-ct0:~# 
     root@WO1Pure01-ct0:~# puredrive list
Name       Type   Status     Capacity  Details
CH0.BAY0   SSD    healthy    4.56T     -
CH0.BAY1   SSD    healthy    4.56T     -
CH0.BAY2   SSD    healthy    4.56T     -
CH0.BAY3   SSD    healthy    4.56T     -
CH0.BAY4   SSD    healthy    4.56T     -
CH0.BAY5   SSD    healthy    4.56T     -
CH0.BAY6   SSD    healthy    4.56T     -
CH0.BAY7   SSD    healthy    4.56T     -
CH0.BAY8   SSD    healthy    4.56T     -
CH0.BAY9   SSD    healthy    4.56T     -
CH0.BAY10  SSD    evacuated  0.00      -
CH0.BAY11  SSD    evacuated  0.00      -
CH0.BAY12  SSD    evacuated  0.00      -
CH0.BAY13  SSD    evacuated  0.00      -
CH0.BAY14  SSD    evacuated  0.00      -
CH0.BAY15  SSD    evacuated  0.00      -
CH0.BAY16  SSD    evacuated  0.00      -
CH0.BAY17  SSD    evacuated  0.00      -
CH0.BAY18  SSD    evacuated  0.00      -
CH0.BAY19  SSD    evacuated  0.00      -
CH0.NVB0   NVRAM  healthy    7.52G     -
CH0.NVB1   NVRAM  healthy    7.52G     -
CH0.NVB2   NVRAM  unused     0.00      -
CH0.NVB3   NVRAM  unused     0.00      -
     root@WO1Pure01-ct0:~# puredrive list
Name       Type   Status     Capacity  Details
CH0.BAY0   SSD    healthy    4.56T     -
CH0.BAY1   SSD    healthy    4.56T     -
CH0.BAY2   SSD    healthy    4.56T     -
CH0.BAY3   SSD    healthy    4.56T     -
CH0.BAY4   SSD    healthy    4.56T     -
CH0.BAY5   SSD    healthy    4.56T     -
CH0.BAY6   SSD    healthy    4.56T     -
CH0.BAY7   SSD    healthy    4.56T     -
CH0.BAY8   SSD    healthy    4.56T     -
CH0.BAY9   SSD    healthy    4.56T     -
CH0.BAY10  SSD    unused     0.00      -
CH0.BAY11  SSD    evacuated  0.00      -
CH0.BAY12  SSD    evacuated  0.00      -
CH0.BAY13  SSD    evacuated  0.00      -
CH0.BAY14  SSD    evacuated  0.00      -
CH0.BAY15  SSD    evacuated  0.00      -
CH0.BAY16  SSD    evacuated  0.00      -
CH0.BAY17  SSD    evacuated  0.00      -
CH0.BAY18  SSD    evacuated  0.00      -
CH0.BAY19  SSD    evacuated  0.00      -
CH0.NVB0   NVRAM  healthy    7.52G     -
CH0.NVB1   NVRAM  healthy    7.52G     -
CH0.NVB2   NVRAM  unused     0.00      -
CH0.NVB3   NVRAM  unused     0.00      -
     root@WO1Pure01-ct0:~# puremessage list --open
     root@WO1Pure01-ct0:~# puremessage list --open --hidden
     root@WO1Pure01-ct0:~# puremessage list --open --hidden
     root@WO1Pure01-ct0:~# puremessage list --open --hidden
     root@WO1Pure01-ct0:~# puredrive list
Name       Type   Status   Capacity  Details
CH0.BAY0   SSD    healthy  4.56T     -
CH0.BAY1   SSD    healthy  4.56T     -
CH0.BAY2   SSD    healthy  4.56T     -
CH0.BAY3   SSD    healthy  4.56T     -
CH0.BAY4   SSD    healthy  4.56T     -
CH0.BAY5   SSD    healthy  4.56T     -
CH0.BAY6   SSD    healthy  4.56T     -
CH0.BAY7   SSD    healthy  4.56T     -
CH0.BAY8   SSD    healthy  4.56T     -
CH0.BAY9   SSD    healthy  4.56T     -
CH0.BAY10  -      unused   0.00      -
CH0.BAY11  -      unused   0.00      -
CH0.BAY12  -      unused   0.00      -
CH0.BAY13  -      unused   0.00      -
CH0.BAY14  -      unused   0.00      -
CH0.BAY15  -      unused   0.00      -
CH0.BAY16  -      unused   0.00      -
CH0.BAY17  -      unused   0.00      -
CH0.BAY18  -      unused   0.00      -
CH0.BAY19  -      unused   0.00      -
CH0.NVB0   NVRAM  healthy  7.52G     -
CH0.NVB1   NVRAM  healthy  7.52G     -
CH0.NVB2   NVRAM  unused   0.00      -
CH0.NVB3   NVRAM  unused   0.00      -
     root@WO1Pure01-ct0:~# purearray remoteassist --status
Name           Status     Opened                   Expires
WO1Pure01-ct0  connected  2025-06-05 09:14:23 EDT  2025-06-07 09:14:23 EDT
     root@WO1Pure01-ct0:~# 
     root@WO1Pure01-ct0:~# 
     root@WO1Pure01-ct0:~# purearray phonehome --send-today && ssh peer purearray phonehome --send-today
Status   Action
running  send_today
phonehome is already running
Status   Action
running  send_today
     root@WO1Pure01-ct0:~# purealert tag --timeout 360m --maintenance   
Name         Created                  Expires
maintenance  2025-06-05 09:20:50 EDT  2025-06-05 15:20:50 EDT
     root@WO1Pure01-ct0:~# puredrive list
Name       Type   Status   Capacity  Details
CH0.BAY0   SSD    healthy  4.56T     -
CH0.BAY1   SSD    healthy  4.56T     -
CH0.BAY2   SSD    healthy  4.56T     -
CH0.BAY3   SSD    healthy  4.56T     -
CH0.BAY4   SSD    healthy  4.56T     -
CH0.BAY5   SSD    healthy  4.56T     -
CH0.BAY6   SSD    healthy  4.56T     -
CH0.BAY7   SSD    healthy  4.56T     -
CH0.BAY8   SSD    healthy  4.56T     -
CH0.BAY9   SSD    healthy  4.56T     -
CH0.BAY10  -      unused   0.00      -
CH0.BAY11  -      unused   0.00      -
CH0.BAY12  -      unused   0.00      -
CH0.BAY13  -      unused   0.00      -
CH0.BAY14  -      unused   0.00      -
CH0.BAY15  -      unused   0.00      -
CH0.BAY16  -      unused   0.00      -
CH0.BAY17  -      unused   0.00      -
CH0.BAY18  -      unused   0.00      -
CH0.BAY19  -      unused   0.00      -
CH0.NVB0   NVRAM  healthy  7.52G     -
CH0.NVB1   NVRAM  healthy  7.52G     -
CH0.NVB2   NVRAM  unused   0.00      -
CH0.NVB3   NVRAM  unused   0.00      -
     root@WO1Pure01-ct0:~# puredb list drives
Name      Subslot  Type   Protocol  Status   Capacity  Pinned Space  Degraded  Device Id                                  Boot Aus Used  Main Aus Used
CH0.DRV0  1        SSD    NVMe      healthy  4.56T     0.00          0.00      13989786677926055794:10924849495509740580  32/97          35639/103471
CH0.DRV1  1        SSD    NVMe      healthy  4.56T     0.00          0.00      12604542378254680209:9490696701041745106   34/97          35857/103541
CH0.DRV2  1        SSD    NVMe      healthy  4.56T     0.00          0.00      12969344659376066559:10537194665433501471  34/97          35774/103533
CH0.DRV3  1        SSD    NVMe      healthy  4.56T     0.00          0.00      14248245123902229893:9416758334182682614   30/97          35760/103500
CH0.DRV4  1        SSD    NVMe      healthy  4.56T     0.00          0.00      1868841496278877602:13472755884974471061   33/97          35944/103489
CH0.DRV5  1        SSD    NVMe      healthy  4.56T     0.00          0.00      4604871480050533245:12878779184408457633   33/97          35729/103490
CH0.DRV6  1        SSD    NVMe      healthy  4.56T     0.00          0.00      1632278730975365394:11821526285199127736   36/97          35745/103518
CH0.DRV7  1        SSD    NVMe      healthy  4.56T     0.00          0.00      14526518780789868751:11897088967135160489  35/97          35896/103405
CH0.DRV8  1        SSD    NVMe      healthy  4.56T     0.00          0.00      8122693351391379790:13712877182551814387   33/97          35768/103487
CH0.DRV9  1        SSD    NVMe      healthy  4.56T     0.00          0.00      9761679240513209084:11054814617730941111   34/97          35730/103534
CH0.NVR0  0        NVRAM  NVMe      healthy  7.52G     -             0.00      5797665763654715294:12034874128201944279   -              -
CH0.NVR1  0        NVRAM  NVMe      healthy  7.52G     -             0.00      6833619492250075803:11418301514983864663   -              -
     root@WO1Pure01-ct0:~# purearray list --space
Name       Capacity  Parity  Provisioned Size  Virtual  Thin Provisioning  Data Reduction  Total Reduction  Unique  Snapshots  Shared  System  Replication  Total
WO1Pure01  22.83T    100%    55519109686784B   26.17T   48%                5.3 to 1        10.1 to 1        4.24T   2.55T      1.39T   0.00    0.00         8.18T
     root@WO1Pure01-ct0:~# pureapurehw list
Name       Status         Identify  Slot  Index  Speed       Temperature  Voltage  Details
CH0        ok             off       -     0      -           -            -        -
CH0.BAY0   ok             off       -     0      -           -            -        -
CH0.BAY1   ok             off       -     1      -           -            -        -
CH0.BAY2   ok             off       -     2      -           -            -        -
CH0.BAY3   ok             off       -     3      -           -            -        -
CH0.BAY4   ok             off       -     4      -           -            -        -
CH0.BAY5   ok             off       -     5      -           -            -        -
CH0.BAY6   ok             off       -     6      -           -            -        -
CH0.BAY7   ok             off       -     7      -           -            -        -
CH0.BAY8   ok             off       -     8      -           -            -        -
CH0.BAY9   ok             off       -     9      -           -            -        -
CH0.BAY10  not_installed  off       -     10     -           -            -        -
CH0.BAY11  not_installed  off       -     11     -           -            -        -
CH0.BAY12  not_installed  off       -     12     -           -            -        -
CH0.BAY13  not_installed  off       -     13     -           -            -        -
CH0.BAY14  not_installed  off       -     14     -           -            -        -
CH0.BAY15  not_installed  off       -     15     -           -            -        -
CH0.BAY16  not_installed  off       -     16     -           -            -        -
CH0.BAY17  not_installed  off       -     17     -           -            -        -
CH0.BAY18  not_installed  off       -     18     -           -            -        -
CH0.BAY19  not_installed  off       -     19     -           -            -        -
CH0.NVB0   ok             off       -     0      -           -            -        -
CH0.NVB1   ok             off       -     1      -           -            -        -
CH0.NVB2   not_installed  off       -     2      -           -            -        -
CH0.NVB3   not_installed  off       -     3      -           -            -        -
CH0.PWR0   ok             -         -     0      -           -            238 V    -
CH0.PWR1   ok             -         -     1      -           -            238 V    -
CH0.TMP0   ok             -         -     0      -           22 C         -        -
CT0        ok             off       -     0      -           -            -        -
CT0.ETH0   ok             -         -     0      1.00 Gb/s   -            -        -
CT0.ETH1   ok             -         -     1      0.00 b/s    -            -        -
CT0.ETH2   ok             -         -     2      0.00 b/s    -            -        -
CT0.ETH3   ok             -         -     3      0.00 b/s    -            -        -
CT0.ETH4   ok             -         -     4      10.00 Gb/s  -            -        -
CT0.ETH5   ok             -         -     5      10.00 Gb/s  -            -        -
CT0.ETH6   ok             -         -     6      0.00 b/s    -            -        -
CT0.ETH7   ok             -         -     7      0.00 b/s    -            -        -
CT0.ETH8   ok             -         -     8      0.00 b/s    -            -        -
CT0.ETH9   ok             -         -     9      0.00 b/s    -            -        -
CT0.ETH18  ok             -         2     18     0.00 b/s    -            -        -
CT0.ETH19  ok             -         2     19     0.00 b/s    -            -        -
CT0.FAN0   ok             -         -     0      -           -            -        -
CT0.FAN1   ok             -         -     1      -           -            -        -
CT0.FAN2   ok             -         -     2      -           -            -        -
CT0.FAN3   ok             -         -     3      -           -            -        -
CT0.FAN4   ok             -         -     4      -           -            -        -
CT0.FAN5   ok             -         -     5      -           -            -        -
CT0.FC0    ok             -         0     0      0.00 b/s    -            -        -
CT0.FC1    ok             -         0     1      0.00 b/s    -            -        -
CT0.FC2    ok             -         0     2      0.00 b/s    -            -        -
CT0.FC3    ok             -         0     3      0.00 b/s    -            -        -
CT0.TMP0   ok             -         -     0      -           37 C         -        -
CT0.TMP1   ok             -         -     1      -           38 C         -        -
CT0.TMP2   ok             -         -     2      -           29 C         -        -
CT0.TMP3   ok             -         -     3      -           55 C         -        -
CT0.TMP4   ok             -         -     4      -           54 C         -        -
CT0.TMP5   ok             -         -     5      -           37 C         -        -
CT0.TMP6   ok             -         -     6      -           46 C         -        -
CT0.TMP7   ok             -         -     7      -           32 C         -        -
CT0.TMP8   ok             -         -     8      -           31 C         -        -
CT0.TMP9   ok             -         -     9      -           32 C         -        -
CT0.TMP10  ok             -         -     10     -           30 C         -        -
CT0.TMP11  ok             -         -     11     -           29 C         -        -
CT0.TMP12  ok             -         -     12     -           28 C         -        -
CT0.TMP13  ok             -         -     13     -           34 C         -        -
CT0.TMP14  ok             -         -     14     -           34 C         -        -
CT0.TMP15  ok             -         -     15     -           33 C         -        -
CT0.TMP16  ok             -         -     16     -           32 C         -        -
CT0.TMP17  ok             -         -     17     -           32 C         -        -
CT0.TMP18  ok             -         -     18     -           32 C         -        -
CT0.TMP19  ok             -         -     19     -           34 C         -        -
CT0.TMP20  ok             -         -     20     -           30 C         -        -
CT0.TMP21  ok             -         -     21     -           41 C         -        -
CT0.TMP22  ok             -         -     22     -           35 C         -        -
CT0.TMP23  ok             -         -     23     -           38 C         -        -
CT0.TMP24  ok             -         -     24     -           40 C         -        -
CT0.TMP25  ok             -         -     25     -           45 C         -        -
CT0.TMP26  ok             -         -     26     -           31 C         -        -
CT1        ok             off       -     1      -           -            -        -
CT1.ETH0   ok             -         -     0      1.00 Gb/s   -            -        -
CT1.ETH1   ok             -         -     1      0.00 b/s    -            -        -
CT1.ETH2   ok             -         -     2      0.00 b/s    -            -        -
CT1.ETH3   ok             -         -     3      0.00 b/s    -            -        -
CT1.ETH4   ok             -         -     4      10.00 Gb/s  -            -        -
CT1.ETH5   ok             -         -     5      10.00 Gb/s  -            -        -
CT1.ETH6   ok             -         -     6      0.00 b/s    -            -        -
CT1.ETH7   ok             -         -     7      0.00 b/s    -            -        -
CT1.ETH8   ok             -         -     8      0.00 b/s    -            -        -
CT1.ETH9   ok             -         -     9      0.00 b/s    -            -        -
CT1.ETH18  ok             -         2     18     0.00 b/s    -            -        -
CT1.ETH19  ok             -         2     19     0.00 b/s    -            -        -
CT1.FAN0   ok             -         -     0      -           -            -        -
CT1.FAN1   ok             -         -     1      -           -            -        -
CT1.FAN2   ok             -         -     2      -           -            -        -
CT1.FAN3   ok             -         -     3      -           -            -        -
CT1.FAN4   ok             -         -     4      -           -            -        -
CT1.FAN5   ok             -         -     5      -           -            -        -
CT1.FC0    ok             -         0     0      0.00 b/s    -            -        -
CT1.FC1    ok             -         0     1      0.00 b/s    -            -        -
CT1.FC2    ok             -         0     2      0.00 b/s    -            -        -
CT1.FC3    ok             -         0     3      0.00 b/s    -            -        -
CT1.TMP0   ok             -         -     0      -           34 C         -        -
CT1.TMP1   ok             -         -     1      -           34 C         -        -
CT1.TMP2   ok             -         -     2      -           31 C         -        -
CT1.TMP3   ok             -         -     3      -           39 C         -        -
CT1.TMP4   ok             -         -     4      -           40 C         -        -
CT1.TMP5   ok             -         -     5      -           37 C         -        -
CT1.TMP6   ok             -         -     6      -           39 C         -        -
CT1.TMP7   ok             -         -     7      -           30 C         -        -
CT1.TMP8   ok             -         -     8      -           30 C         -        -
CT1.TMP9   ok             -         -     9      -           31 C         -        -
CT1.TMP10  ok             -         -     10     -           30 C         -        -
CT1.TMP11  ok             -         -     11     -           29 C         -        -
CT1.TMP12  ok             -         -     12     -           29 C         -        -
CT1.TMP13  ok             -         -     13     -           32 C         -        -
CT1.TMP14  ok             -         -     14     -           32 C         -        -
CT1.TMP15  ok             -         -     15     -           32 C         -        -
CT1.TMP16  ok             -         -     16     -           31 C         -        -
CT1.TMP17  ok             -         -     17     -           31 C         -        -
CT1.TMP18  ok             -         -     18     -           31 C         -        -
CT1.TMP19  ok             -         -     19     -           32 C         -        -
CT1.TMP20  ok             -         -     20     -           28 C         -        -
CT1.TMP21  ok             -         -     21     -           36 C         -        -
CT1.TMP22  ok             -         -     22     -           34 C         -        -
CT1.TMP23  ok             -         -     23     -           35 C         -        -
CT1.TMP24  ok             -         -     24     -           36 C         -        -
CT1.TMP25  ok             -         -     25     -           38 C         -        -
CT1.TMP26  ok             -         -     26     -           33 C         -        -
     root@WO1Pure01-ct0:~# 
     root@WO1Pure01-ct0:~# exit
logout
     root@WO1Pure01-ct1:/var/home/pureeng# puredrive list --total
Name       Type   Status   Capacity  Details
CH0.BAY0   SSD    healthy  4.56T     -
CH0.BAY1   SSD    healthy  4.56T     -
CH0.BAY2   SSD    healthy  4.56T     -
CH0.BAY3   SSD    healthy  4.56T     -
CH0.BAY4   SSD    healthy  4.56T     -
CH0.BAY5   SSD    healthy  4.56T     -
CH0.BAY6   SSD    healthy  4.56T     -
CH0.BAY7   SSD    healthy  4.56T     -
CH0.BAY8   SSD    healthy  4.56T     -
CH0.BAY9   SSD    healthy  4.56T     -
CH0.BAY10  -      unused   0.00      -
CH0.BAY11  -      unused   0.00      -
CH0.BAY12  -      unused   0.00      -
CH0.BAY13  -      unused   0.00      -
CH0.BAY14  -      unused   0.00      -
CH0.BAY15  -      unused   0.00      -
CH0.BAY16  -      unused   0.00      -
CH0.BAY17  -      unused   0.00      -
CH0.BAY18  -      unused   0.00      -
CH0.BAY19  -      unused   0.00      -
CH0.NVB0   NVRAM  healthy  7.52G     -
CH0.NVB1   NVRAM  healthy  7.52G     -
CH0.NVB2   NVRAM  unused   0.00      -
CH0.NVB3   NVRAM  unused   0.00      -
(total)    -      -        -         -
     root@WO1Pure01-ct1:/var/home/pureeng# 