=~=~=~=~=~=~=~=~=~=~=~= PuTTY log 2025.03.26 10:25:14 =~=~=~=~=~=~=~=~=~=~=~=

pureeng@lynpure01-ct0:~$ puredrive list
Name       Type   Status     Capacity  Details
CH0.BAY0   SSD    healthy    16.00T    -
CH0.BAY1   SSD    healthy    16.00T    -
CH0.BAY2   SSD    healthy    16.00T    -
CH0.BAY3   SSD    healthy    16.00T    -
CH0.BAY4   SSD    healthy    16.00T    -
CH0.BAY5   SSD    healthy    16.00T    -
CH0.BAY6   SSD    healthy    16.00T    -
CH0.BAY7   SSD    healthy    16.00T    -
CH0.BAY8   SSD    healthy    16.00T    -
CH0.BAY9   SSD    healthy    16.00T    -
CH0.BAY10  SSD    evacuated  0.00      -
CH0.BAY11  SSD    evacuated  0.00      -
CH0.BAY12  SSD    evacuated  0.00      -
CH0.BAY13  SSD    evacuated  0.00      -
CH0.BAY14  SSD    evacuated  0.00      -
CH0.BAY15  SSD    evacuated  0.00      -
CH0.BAY16  SSD    evacuated  0.00      -
CH0.BAY17  SSD    evacuated  0.00      -
CH0.BAY18  SSD    evacuated  0.00      -
CH0.BAY19  SSD    evacuated  0.00      -
CH0.NVB0   NVRAM  healthy    7.00G     -
CH0.NVB1   NVRAM  healthy    7.00G     -
CH0.NVB2   NVRAM  healthy    7.00G     -
CH0.NVB3   NVRAM  healthy    7.00G     -
SH0.BAY0   SSD    evacuated  0.00      -
SH0.BAY1   SSD    evacuated  0.00      -
SH0.BAY2   SSD    evacuated  0.00      -
SH0.BAY3   SSD    evacuated  0.00      -
SH0.BAY4   SSD    evacuated  0.00      -
SH0.BAY5   SSD    evacuated  0.00      -
SH0.BAY6   SSD    evacuated  0.00      -
SH0.BAY7   SSD    evacuated  0.00      -
SH0.BAY8   SSD    evacuated  0.00      -
SH0.BAY9   SSD    evacuated  0.00      -
SH0.BAY10  SSD    evacuated  0.00      -
SH0.BAY11  SSD    evacuated  0.00      -
SH0.BAY12  SSD    evacuated  0.00      -
SH0.BAY13  SSD    evacuated  0.00      -
SH0.BAY14  SSD    evacuated  0.00      -
SH0.BAY15  SSD    evacuated  0.00      -
SH0.BAY16  SSD    evacuated  0.00      -
SH0.BAY17  SSD    evacuated  0.00      -
SH0.BAY18  SSD    evacuated  0.00      -
SH0.BAY19  SSD    evacuated  0.00      -
SH0.BAY20  SSD    evacuated  0.00      -
SH0.BAY21  SSD    evacuated  0.00      -
SH0.BAY22  SSD    evacuated  0.00      -
SH0.BAY23  SSD    evacuated  0.00      -
SH1.BAY0   SSD    evacuated  0.00      -
SH1.BAY1   SSD    evacuated  0.00      -
SH1.BAY2   SSD    evacuated  0.00      -
SH1.BAY3   SSD    evacuated  0.00      -
SH1.BAY4   SSD    evacuated  0.00      -
SH1.BAY5   SSD    evacuated  0.00      -
SH1.BAY6   SSD    evacuated  0.00      -
SH1.BAY7   SSD    evacuated  0.00      -
SH1.BAY8   SSD    evacuated  0.00      -
SH1.BAY9   SSD    evacuated  0.00      -
SH1.BAY10  SSD    evacuated  0.00      -
SH1.BAY11  SSD    evacuated  0.00      -
SH1.BAY12  SSD    evacuated  0.00      -
SH1.BAY13  SSD    evacuated  0.00      -
SH1.BAY14  SSD    evacuated  0.00      -
SH1.BAY15  SSD    evacuated  0.00      -
SH1.BAY16  SSD    evacuated  0.00      -
SH1.BAY17  SSD    evacuated  0.00      -
SH1.BAY18  SSD    evacuated  0.00      -
SH1.BAY19  SSD    evacuated  0.00      -
SH1.BAY20  SSD    evacuated  0.00      -
SH1.BAY21  SSD    evacuated  0.00      -
SH1.BAY22  SSD    empty      0.00      -
SH1.BAY23  SSD    empty      0.00      -
SH9.BAY0   SSD    healthy    1.92T     -
SH9.BAY1   SSD    healthy    1.92T     -
SH9.BAY2   SSD    healthy    1.92T     -
SH9.BAY3   SSD    healthy    1.92T     -
SH9.BAY4   SSD    healthy    1.92T     -
SH9.BAY5   SSD    healthy    1.92T     -
SH9.BAY6   SSD    healthy    1.92T     -
SH9.BAY7   SSD    healthy    1.92T     -
SH9.BAY8   SSD    healthy    1.92T     -
SH9.BAY9   SSD    healthy    1.92T     -
SH9.BAY10  -      unused     0.00      -
SH9.BAY11  -      unused     0.00      -
SH9.BAY12  -      unused     0.00      -
SH9.BAY13  -      unused     0.00      -
SH9.BAY14  -      unused     0.00      -
SH9.BAY15  -      unused     0.00      -
SH9.BAY16  -      unused     0.00      -
SH9.BAY17  -      unused     0.00      -
SH9.BAY18  -      unused     0.00      -
SH9.BAY19  -      unused     0.00      -
SH9.BAY20  -      unused     0.00      -
SH9.BAY21  -      unused     0.00      -
SH9.BAY22  -      unused     0.00      -
SH9.BAY23  -      unused     0.00      -
SH9.BAY24  -      unused     0.00      -
SH9.BAY25  -      unused     0.00      -
SH9.BAY26  -      unused     0.00      -
SH9.BAY27  -      unused     0.00      -
pureeng@lynpure01-ct0:~$ purearray remoteassist --connect
Name           Status      Opened                   Expires
lynpure01-ct0  connecting  2025-03-26 09:25:37 CDT  2025-03-28 09:25:37 CDT
pureeng@lynpure01-ct0:~$ purearray remoteassist --connectstatus
Name           Status     Opened                   Expires
lynpure01-ct0  connected  2025-03-26 09:25:37 CDT  2025-03-28 09:25:37 CDT
pureeng@lynpure01-ct0:~$ purehw list
Name          Status         Identify  Slot  Index  Speed       Temperature  Voltage  Details
CH0           ok             off       -     0      -           -            -        -
CH0.BAY0      ok             off       -     0      -           -            -        -
CH0.BAY1      ok             off       -     1      -           -            -        -
CH0.BAY2      ok             off       -     2      -           -            -        -
CH0.BAY3      ok             off       -     3      -           -            -        -
CH0.BAY4      ok             off       -     4      -           -            -        -
CH0.BAY5      ok             off       -     5      -           -            -        -
CH0.BAY6      ok             off       -     6      -           -            -        -
CH0.BAY7      ok             off       -     7      -           -            -        -
CH0.BAY8      ok             off       -     8      -           -            -        -
CH0.BAY9      ok             off       -     9      -           -            -        -
CH0.BAY10     ok             off       -     10     -           -            -        -
CH0.BAY11     ok             off       -     11     -           -            -        -
CH0.BAY12     ok             off       -     12     -           -            -        -
CH0.BAY13     ok             off       -     13     -           -            -        -
CH0.BAY14     ok             off       -     14     -           -            -        -
CH0.BAY15     ok             off       -     15     -           -            -        -
CH0.BAY16     ok             off       -     16     -           -            -        -
CH0.BAY17     ok             off       -     17     -           -            -        -
CH0.BAY18     ok             off       -     18     -           -            -        -
CH0.BAY19     ok             off       -     19     -           -            -        -
CH0.NVB0      ok             off       -     0      -           -            -        -
CH0.NVB1      ok             off       -     1      -           -            -        -
CH0.NVB2      ok             off       -     2      -           -            -        -
CH0.NVB3      ok             off       -     3      -           -            -        -
CH0.PWR0      ok             -         -     0      -           -            206 V    -
CH0.PWR1      ok             -         -     1      -           -            206 V    -
CH0.TMP0      ok             -         -     0      -           20 C         -        -
CT0           ok             off       -     0      -           -            -        -
CT0.ETH0      ok             -         -     0      1.00 Gb/s   -            -        -
CT0.ETH1      ok             -         -     1      1.00 Gb/s   -            -        -
CT0.ETH2      ok             -         -     2      0.00 b/s    -            -        -
CT0.ETH3      ok             -         -     3      0.00 b/s    -            -        -
CT0.ETH4      ok             -         -     4      10.00 Gb/s  -            -        -
CT0.ETH5      ok             -         -     5      0.00 b/s    -            -        -
CT0.ETH6      ok             -         -     6      50.00 Gb/s  -            -        -
CT0.ETH7      ok             -         -     7      0.00 b/s    -            -        -
CT0.ETH8      ok             -         -     8      50.00 Gb/s  -            -        -
CT0.ETH9      ok             -         -     9      0.00 b/s    -            -        -
CT0.FAN0      ok             -         -     0      -           -            -        -
CT0.FAN1      ok             -         -     1      -           -            -        -
CT0.FAN2      ok             -         -     2      -           -            -        -
CT0.FAN3      ok             -         -     3      -           -            -        -
CT0.FAN4      ok             -         -     4      -           -            -        -
CT0.FAN5      ok             -         -     5      -           -            -        -
CT0.FC0       ok             -         0     0      16.00 Gb/s  -            -        -
CT0.FC1       ok             -         0     1      16.00 Gb/s  -            -        -
CT0.FC2       ok             -         0     2      16.00 Gb/s  -            -        -
CT0.FC3       ok             -         0     3      16.00 Gb/s  -            -        -
CT0.FC8       ok             -         2     8      0.00 b/s    -            -        -
CT0.FC9       ok             -         2     9      0.00 b/s    -            -        -
CT0.SAS4      ok             -         1     4      48.00 Gb/s  -            -        -
CT0.SAS5      ok             -         1     5      48.00 Gb/s  -            -        -
CT0.SAS6      ok             -         1     6      48.00 Gb/s  -            -        -
CT0.SAS7      ok             -         1     7      48.00 Gb/s  -            -        -
CT0.TMP0      ok             -         -     0      -           42 C         -        -
CT0.TMP1      ok             -         -     1      -           44 C         -        -
CT0.TMP2      ok             -         -     2      -           31 C         -        -
CT0.TMP3      ok             -         -     3      -           53 C         -        -
CT0.TMP4      ok             -         -     4      -           54 C         -        -
CT0.TMP5      ok             -         -     5      -           40 C         -        -
CT0.TMP6      ok             -         -     6      -           51 C         -        -
CT0.TMP7      ok             -         -     7      -           33 C         -        -
CT0.TMP8      ok             -         -     8      -           33 C         -        -
CT0.TMP9      ok             -         -     9      -           35 C         -        -
CT0.TMP10     ok             -         -     10     -           33 C         -        -
CT0.TMP11     ok             -         -     11     -           32 C         -        -
CT0.TMP12     ok             -         -     12     -           31 C         -        -
CT0.TMP13     ok             -         -     13     -           37 C         -        -
CT0.TMP14     ok             -         -     14     -           36 C         -        -
CT0.TMP15     ok             -         -     15     -           35 C         -        -
CT0.TMP16     ok             -         -     16     -           35 C         -        -
CT0.TMP17     ok             -         -     17     -           35 C         -        -
CT0.TMP18     ok             -         -     18     -           35 C         -        -
CT0.TMP19     ok             -         -     19     -           36 C         -        -
CT0.TMP20     ok             -         -     20     -           33 C         -        -
CT0.TMP21     ok             -         -     21     -           41 C         -        -
CT0.TMP22     ok             -         -     22     -           40 C         -        -
CT0.TMP23     ok             -         -     23     -           43 C         -        -
CT0.TMP24     ok             -         -     24     -           44 C         -        -
CT0.TMP25     ok             -         -     25     -           49 C         -        -
CT0.TMP26     ok             -         -     26     -           32 C         -        -
CT1           ok             off       -     1      -           -            -        -
CT1.ETH0      ok             -         -     0      1.00 Gb/s   -            -        -
CT1.ETH1      ok             -         -     1      1.00 Gb/s   -            -        -
CT1.ETH2      ok             -         -     2      0.00 b/s    -            -        -
CT1.ETH3      ok             -         -     3      0.00 b/s    -            -        -
CT1.ETH4      ok             -         -     4      10.00 Gb/s  -            -        -
CT1.ETH5      ok             -         -     5      0.00 b/s    -            -        -
CT1.ETH6      ok             -         -     6      50.00 Gb/s  -            -        -
CT1.ETH7      ok             -         -     7      0.00 b/s    -            -        -
CT1.ETH8      ok             -         -     8      50.00 Gb/s  -            -        -
CT1.ETH9      ok             -         -     9      0.00 b/s    -            -        -
CT1.FAN0      ok             -         -     0      -           -            -        -
CT1.FAN1      ok             -         -     1      -           -            -        -
CT1.FAN2      ok             -         -     2      -           -            -        -
CT1.FAN3      ok             -         -     3      -           -            -        -
CT1.FAN4      ok             -         -     4      -           -            -        -
CT1.FAN5      ok             -         -     5      -           -            -        -
CT1.FC0       ok             -         0     0      16.00 Gb/s  -            -        -
CT1.FC1       ok             -         0     1      16.00 Gb/s  -            -        -
CT1.FC2       ok             -         0     2      16.00 Gb/s  -            -        -
CT1.FC3       ok             -         0     3      16.00 Gb/s  -            -        -
CT1.FC8       ok             -         2     8      0.00 b/s    -            -        -
CT1.FC9       ok             -         2     9      0.00 b/s    -            -        -
CT1.SAS4      ok             -         1     4      48.00 Gb/s  -            -        -
CT1.SAS5      ok             -         1     5      48.00 Gb/s  -            -        -
CT1.SAS6      ok             -         1     6      48.00 Gb/s  -            -        -
CT1.SAS7      ok             -         1     7      48.00 Gb/s  -            -        -
CT1.TMP0      ok             -         -     0      -           38 C         -        -
CT1.TMP1      ok             -         -     1      -           39 C         -        -
CT1.TMP2      ok             -         -     2      -           32 C         -        -
CT1.TMP3      ok             -         -     3      -           44 C         -        -
CT1.TMP4      ok             -         -     4      -           44 C         -        -
CT1.TMP5      ok             -         -     5      -           41 C         -        -
CT1.TMP6      ok             -         -     6      -           43 C         -        -
CT1.TMP7      ok             -         -     7      -           31 C         -        -
CT1.TMP8      ok             -         -     8      -           31 C         -        -
CT1.TMP9      ok             -         -     9      -           32 C         -        -
CT1.TMP10     ok             -         -     10     -           33 C         -        -
CT1.TMP11     ok             -         -     11     -           32 C         -        -
CT1.TMP12     ok             -         -     12     -           32 C         -        -
CT1.TMP13     ok             -         -     13     -           34 C         -        -
CT1.TMP14     ok             -         -     14     -           34 C         -        -
CT1.TMP15     ok             -         -     15     -           33 C         -        -
CT1.TMP16     ok             -         -     16     -           32 C         -        -
CT1.TMP17     ok             -         -     17     -           32 C         -        -
CT1.TMP18     ok             -         -     18     -           33 C         -        -
CT1.TMP19     ok             -         -     19     -           34 C         -        -
CT1.TMP20     ok             -         -     20     -           33 C         -        -
CT1.TMP21     ok             -         -     21     -           37 C         -        -
CT1.TMP22     ok             -         -     22     -           36 C         -        -
CT1.TMP23     ok             -         -     23     -           36 C         -        -
CT1.TMP24     ok             -         -     24     -           37 C         -        -
CT1.TMP25     ok             -         -     25     -           43 C         -        -
CT1.TMP26     ok             -         -     26     -           33 C         -        -
SH0           ok             off       -     0      -           -            -        -
SH0.BAY0      ok             off       -     0      -           -            -        -
SH0.BAY1      ok             off       -     1      -           -            -        -
SH0.BAY2      ok             off       -     2      -           -            -        -
SH0.BAY3      ok             off       -     3      -           -            -        -
SH0.BAY4      ok             off       -     4      -           -            -        -
SH0.BAY5      ok             off       -     5      -           -            -        -
SH0.BAY6      ok             off       -     6      -           -            -        -
SH0.BAY7      ok             off       -     7      -           -            -        -
SH0.BAY8      ok             off       -     8      -           -            -        -
SH0.BAY9      ok             off       -     9      -           -            -        -
SH0.BAY10     ok             off       -     10     -           -            -        -
SH0.BAY11     ok             off       -     11     -           -            -        -
SH0.BAY12     ok             off       -     12     -           -            -        -
SH0.BAY13     ok             off       -     13     -           -            -        -
SH0.BAY14     ok             off       -     14     -           -            -        -
SH0.BAY15     ok             off       -     15     -           -            -        -
SH0.BAY16     ok             off       -     16     -           -            -        -
SH0.BAY17     ok             off       -     17     -           -            -        -
SH0.BAY18     ok             off       -     18     -           -            -        -
SH0.BAY19     ok             off       -     19     -           -            -        -
SH0.BAY20     ok             off       -     20     -           -            -        -
SH0.BAY21     ok             off       -     21     -           -            -        -
SH0.BAY22     ok             off       -     22     -           -            -        -
SH0.BAY23     ok             off       -     23     -           -            -        -
SH0.FAN0      ok             -         -     0      -           -            -        -
SH0.FAN1      ok             -         -     1      -           -            -        -
SH0.FAN2      ok             -         -     2      -           -            -        -
SH0.FAN3      ok             -         -     3      -           -            -        -
SH0.IOM0      ok             off       0     0      -           -            -        -
SH0.IOM1      ok             off       1     1      -           -            -        -
SH0.PWR0      ok             -         -     0      -           -            -        -
SH0.PWR1      ok             -         -     1      -           -            -        -
SH0.SAS0      ok             -         0     0      48.00 Gb/s  -            -        -
SH0.SAS1      ok             -         0     1      0.00 b/s    -            -        -
SH0.SAS2      ok             -         0     2      48.00 Gb/s  -            -        -
SH0.SAS3      ok             -         1     3      48.00 Gb/s  -            -        -
SH0.SAS4      ok             -         1     4      0.00 b/s    -            -        -
SH0.SAS5      ok             -         1     5      48.00 Gb/s  -            -        -
SH0.TMP0      ok             -         -     0      -           21 C         -        -
SH0.TMP1      ok             -         -     1      -           25 C         -        -
SH0.TMP2      ok             -         -     2      -           26 C         -        -
SH0.TMP3      ok             -         -     3      -           31 C         -        -
SH0.TMP4      ok             -         -     4      -           25 C         -        -
SH0.TMP5      ok             -         -     5      -           29 C         -        -
SH0.TMP6      ok             -         -     6      -           31 C         -        -
SH0.TMP7      ok             -         -     7      -           32 C         -        -
SH1           ok             off       -     1      -           -            -        -
SH1.BAY0      ok             off       -     0      -           -            -        -
SH1.BAY1      ok             off       -     1      -           -            -        -
SH1.BAY2      ok             off       -     2      -           -            -        -
SH1.BAY3      ok             off       -     3      -           -            -        -
SH1.BAY4      ok             off       -     4      -           -            -        -
SH1.BAY5      ok             off       -     5      -           -            -        -
SH1.BAY6      ok             off       -     6      -           -            -        -
SH1.BAY7      ok             off       -     7      -           -            -        -
SH1.BAY8      ok             off       -     8      -           -            -        -
SH1.BAY9      ok             off       -     9      -           -            -        -
SH1.BAY10     ok             off       -     10     -           -            -        -
SH1.BAY11     ok             off       -     11     -           -            -        -
SH1.BAY12     ok             off       -     12     -           -            -        -
SH1.BAY13     ok             off       -     13     -           -            -        -
SH1.BAY14     ok             off       -     14     -           -            -        -
SH1.BAY15     ok             off       -     15     -           -            -        -
SH1.BAY16     ok             off       -     16     -           -            -        -
SH1.BAY17     ok             off       -     17     -           -            -        -
SH1.BAY18     ok             off       -     18     -           -            -        -
SH1.BAY19     ok             off       -     19     -           -            -        -
SH1.BAY20     ok             off       -     20     -           -            -        -
SH1.BAY21     ok             off       -     21     -           -            -        -
SH1.BAY22     not_installed  off       -     22     -           -            -        -
SH1.BAY23     not_installed  off       -     23     -           -            -        -
SH1.FAN0      ok             -         -     0      -           -            -        -
SH1.FAN1      ok             -         -     1      -           -            -        -
SH1.FAN2      ok             -         -     2      -           -            -        -
SH1.FAN3      ok             -         -     3      -           -            -        -
SH1.IOM0      ok             off       0     0      -           -            -        -
SH1.IOM1      ok             off       1     1      -           -            -        -
SH1.PWR0      ok             -         -     0      -           -            -        -
SH1.PWR1      ok             -         -     1      -           -            -        -
SH1.SAS0      ok             -         0     0      48.00 Gb/s  -            -        -
SH1.SAS1      ok             -         0     1      0.00 b/s    -            -        -
SH1.SAS2      ok             -         0     2      48.00 Gb/s  -            -        -
SH1.SAS3      ok             -         1     3      48.00 Gb/s  -            -        -
SH1.SAS4      ok             -         1     4      0.00 b/s    -            -        -
SH1.SAS5      ok             -         1     5      48.00 Gb/s  -            -        -
SH1.TMP0      ok             -         -     0      -           20 C         -        -
SH1.TMP1      ok             -         -     1      -           24 C         -        -
SH1.TMP2      ok             -         -     2      -           23 C         -        -
SH1.TMP3      ok             -         -     3      -           27 C         -        -
SH1.TMP4      ok             -         -     4      -           24 C         -        -
SH1.TMP5      ok             -         -     5      -           29 C         -        -
SH1.TMP6      ok             -         -     6      -           32 C         -        -
SH1.TMP7      ok             -         -     7      -           29 C         -        -
SH9           ok             off       -     9      -           20 C         -        -
SH9.BAY0      ok             off       -     0      -           -            -        -
SH9.BAY1      ok             off       -     1      -           -            -        -
SH9.BAY2      ok             off       -     2      -           -            -        -
SH9.BAY3      ok             off       -     3      -           -            -        -
SH9.BAY4      ok             off       -     4      -           -            -        -
SH9.BAY5      ok             off       -     5      -           -            -        -
SH9.BAY6      ok             off       -     6      -           -            -        -
SH9.BAY7      ok             off       -     7      -           -            -        -
SH9.BAY8      ok             off       -     8      -           -            -        -
SH9.BAY9      ok             off       -     9      -           -            -        -
SH9.BAY10     not_installed  off       -     10     -           -            -        -
SH9.BAY11     not_installed  off       -     11     -           -            -        -
SH9.BAY12     not_installed  off       -     12     -           -            -        -
SH9.BAY13     not_installed  off       -     13     -           -            -        -
SH9.BAY14     not_installed  off       -     14     -           -            -        -
SH9.BAY15     not_installed  off       -     15     -           -            -        -
SH9.BAY16     not_installed  off       -     16     -           -            -        -
SH9.BAY17     not_installed  off       -     17     -           -            -        -
SH9.BAY18     not_installed  off       -     18     -           -            -        -
SH9.BAY19     not_installed  off       -     19     -           -            -        -
SH9.BAY20     not_installed  off       -     20     -           -            -        -
SH9.BAY21     not_installed  off       -     21     -           -            -        -
SH9.BAY22     not_installed  off       -     22     -           -            -        -
SH9.BAY23     not_installed  off       -     23     -           -            -        -
SH9.BAY24     not_installed  off       -     24     -           -            -        -
SH9.BAY25     not_installed  off       -     25     -           -            -        -
SH9.BAY26     not_installed  off       -     26     -           -            -        -
SH9.BAY27     not_installed  off       -     27     -           -            -        -
SH9.PWR0      ok             -         -     0      -           -            206 V    -
SH9.PWR1      ok             -         -     1      -           -            206 V    -
SH9.SC0       ok             off       -     0      -           28 C         -        -
SH9.SC0.ETH0  ok             -         -     0      50.00 Gb/s  -            -        -
SH9.SC0.ETH1  ok             -         -     1      0.00 b/s    -            -        -
SH9.SC0.ETH2  ok             -         -     2      50.00 Gb/s  -            -        -
SH9.SC0.ETH3  ok             -         -     3      0.00 b/s    -            -        -
SH9.SC0.FAN0  ok             -         -     0      -           -            -        -
SH9.SC0.FAN1  ok             -         -     1      -           -            -        -
SH9.SC0.FAN2  ok             -         -     2      -           -            -        -
SH9.SC0.FAN3  ok             -         -     3      -           -            -        -
SH9.SC0.FAN4  ok             -         -     4      -           -            -        -
SH9.SC0.FAN5  ok             -         -     5      -           -            -        -
SH9.SC1       ok             off       -     1      -           30 C         -        -
SH9.SC1.ETH0  ok             -         -     0      50.00 Gb/s  -            -        -
SH9.SC1.ETH1  ok             -         -     1      0.00 b/s    -            -        -
SH9.SC1.ETH2  ok             -         -     2      50.00 Gb/s  -            -        -
SH9.SC1.ETH3  ok             -         -     3      0.00 b/s    -            -        -
SH9.SC1.FAN0  ok             -         -     0      -           -            -        -
SH9.SC1.FAN1  ok             -         -     1      -           -            -        -
SH9.SC1.FAN2  ok             -         -     2      -           -            -        -
SH9.SC1.FAN3  ok             -         -     3      -           -            -        -
SH9.SC1.FAN4  ok             -         -     4      -           -            -        -
SH9.SC1.FAN5  ok             -         -     5      -           -            -        -
pureeng@lynpure01-ct0:~$ puremessage list ---open 
pureeng@lynpure01-ct0:~$ puremessage list --open  --hidden
ID        Time                     Severity  Category  Code  Component  Name          Event             Expected  Actual  Details
10208032  2025-03-25 03:25:16 CDT  hidden    array     68    host       TTCMS9032-2   misconfiguration  -         -       
10208033  2025-03-25 03:25:16 CDT  hidden    array     68    host       TTCMS9032-1   misconfiguration  -         -       
10208034  2025-03-25 03:25:16 CDT  hidden    array     68    host       TTCMS9032S-2  misconfiguration  -         -       
10208035  2025-03-25 03:25:16 CDT  hidden    array     68    host       TTCMS9032S-1  misconfiguration  -         -       
10208036  2025-03-25 03:25:16 CDT  hidden    array     68    host       TTCMS9018-2   misconfiguration  -         -       
10208037  2025-03-25 03:25:16 CDT  hidden    array     68    host       TTCMS9018-1   misconfiguration  -         -       
10208038  2025-03-25 03:25:16 CDT  hidden    array     68    host       TTCMS9018S-2  misconfiguration  -         -       
10208039  2025-03-25 03:25:16 CDT  hidden    array     68    host       TTCMS9018S-1  misconfiguration  -         -       
10208040  2025-03-25 03:25:16 CDT  hidden    array     68    host       LYNMS9013D-2  misconfiguration  -         -       
10208041  2025-03-25 03:25:16 CDT  hidden    array     68    host       LYNMS9013D-1  misconfiguration  -         -       
10208042  2025-03-25 03:25:17 CDT  hidden    array     68    host       LYNMS9012-2   misconfiguration  -         -       
10208043  2025-03-25 03:25:17 CDT  hidden    array     68    host       LYNMS9012-1   misconfiguration  -         -       
10208044  2025-03-25 03:25:17 CDT  hidden    array     68    host       LYNMS9012D-2  misconfiguration  -         -       
10208045  2025-03-25 03:25:17 CDT  hidden    array     68    host       LYNMS9012D-1  misconfiguration  -         -       
10208046  2025-03-25 03:25:17 CDT  hidden    array     68    host       ABIMS9001x-2  misconfiguration  -         -       
10208047  2025-03-25 03:25:17 CDT  hidden    array     68    host       LYNMS9662-2   misconfiguration  -         -       
10208048  2025-03-25 03:25:17 CDT  hidden    array     68    host       LYNMS9662-1   misconfiguration  -         -       
10208049  2025-03-25 03:25:17 CDT  hidden    array     68    host       LYNMS9663-2   misconfiguration  -         -       
10208050  2025-03-25 03:25:17 CDT  hidden    array     68    host       LYNMS9663-1   misconfiguration  -         -       
10208051  2025-03-25 03:25:17 CDT  hidden    array     68    host       LYNMS9661-2   misconfiguration  -         -       
10208052  2025-03-25 03:25:17 CDT  hidden    array     68    host       LYNMS9661-1   misconfiguration  -         -       
10208053  2025-03-25 03:25:17 CDT  hidden    array     68    host       LYNMS9660-2   misconfiguration  -         -       
10208054  2025-03-25 03:25:17 CDT  hidden    array     68    host       LYNMS9660-1   misconfiguration  -         -       
10208055  2025-03-25 03:25:17 CDT  hidden    array     68    host       TTCMS9585-2   misconfiguration  -         -       
10208056  2025-03-25 03:25:17 CDT  hidden    array     68    host       TTCMS9585-1   misconfiguration  -         -       
10208057  2025-03-25 03:25:18 CDT  hidden    array     68    host       TTCMS9585S-2  misconfiguration  -         -       
10208058  2025-03-25 03:25:18 CDT  hidden    array     68    host       TTCMS9585S-1  misconfiguration  -         -       
10208059  2025-03-25 03:25:18 CDT  hidden    array     68    host       TTCMS9257-2   misconfiguration  -         -       
10208060  2025-03-25 03:25:18 CDT  hidden    array     68    host       TTCMS9257-1   misconfiguration  -         -       
10208061  2025-03-25 03:25:18 CDT  hidden    array     68    host       TTCMS9256-2   misconfiguration  -         -       
10208062  2025-03-25 03:25:18 CDT  hidden    array     68    host       TTCMS9256-1   misconfiguration  -         -       
10208063  2025-03-25 03:25:18 CDT  hidden    array     68    host       TTCMS9257S-2  misconfiguration  -         -       
10208064  2025-03-25 03:25:18 CDT  hidden    array     68    host       TTCMS9257S-1  misconfiguration  -         -       
10208065  2025-03-25 03:25:18 CDT  hidden    array     68    host       TTCMS9256S-2  misconfiguration  -         -       
10208066  2025-03-25 03:25:18 CDT  hidden    array     68    host       TTCMS9256S-1  misconfiguration  -         -       
10208067  2025-03-25 03:25:19 CDT  hidden    array     68    host       LYNMS9205-2   misconfiguration  -         -       
10208068  2025-03-25 03:25:19 CDT  hidden    array     68    host       LYNMS9205-1   misconfiguration  -         -       
10208069  2025-03-25 03:25:19 CDT  hidden    array     68    host       LYNMS9205S-2  misconfiguration  -         -       
10208070  2025-03-25 03:25:19 CDT  hidden    array     68    host       TTCMS9484-1   misconfiguration  -         -       
10208071  2025-03-25 03:25:19 CDT  hidden    array     68    host       TTCMS9484S-2  misconfiguration  -         -       
10208072  2025-03-25 03:25:19 CDT  hidden    array     68    host       TTCMS9484S-1  misconfiguration  -         -       
10208073  2025-03-25 03:25:19 CDT  hidden    array     68    host       TTCMS9217-2   misconfiguration  -         -       
10208074  2025-03-25 03:25:19 CDT  hidden    array     68    host       TTCMS9217-1   misconfiguration  -         -       
10208075  2025-03-25 03:25:19 CDT  hidden    array     68    host       TTCMS9258-2   misconfiguration  -         -       
10208076  2025-03-25 03:25:19 CDT  hidden    array     68    host       TTCMS9258-1   misconfiguration  -         -       
10208077  2025-03-25 03:25:19 CDT  hidden    array     68    host       TTCMS9217S-2  misconfiguration  -         -       
10208078  2025-03-25 03:25:19 CDT  hidden    array     68    host       TTCMS9217S-1  misconfiguration  -         -       
10208079  2025-03-25 03:25:19 CDT  hidden    array     68    host       TTCMS9258S-2  misconfiguration  -         -       
10208080  2025-03-25 03:25:19 CDT  hidden    array     68    host       TTCMS9258S-1  misconfiguration  -         -       
10208081  2025-03-25 03:25:19 CDT  hidden    array     68    host       TTCMS929-2    misconfiguration  -         -       
10208082  2025-03-25 03:25:20 CDT  hidden    array     68    host       TTCMS929-1    misconfiguration  -         -       
10208083  2025-03-25 03:25:20 CDT  hidden    array     68    host       LYNMS9850S-2  misconfiguration  -         -       
10208084  2025-03-25 03:25:20 CDT  hidden    array     68    host       LYNMS9850S-1  misconfiguration  -         -       
10208085  2025-03-25 03:25:20 CDT  hidden    array     68    host       LYNMS9850-2   misconfiguration  -         -       
10208086  2025-03-25 03:25:20 CDT  hidden    array     68    host       LYNMS9850-1   misconfiguration  -         -       
10208087  2025-03-25 03:25:20 CDT  hidden    array     68    host       TTCMS931S-2   misconfiguration  -         -       
10208088  2025-03-25 03:25:20 CDT  hidden    array     68    host       TTCMS931S-1   misconfiguration  -         -       
10208089  2025-03-25 03:25:20 CDT  hidden    array     68    host       TTCMS931-2    misconfiguration  -         -       
10208090  2025-03-25 03:25:20 CDT  hidden    array     68    host       TTCMS931-1    misconfiguration  -         -       
10208091  2025-03-25 03:25:20 CDT  hidden    array     68    host       TTCMS928-2    misconfiguration  -         -       
10208092  2025-03-25 03:25:20 CDT  hidden    array     68    host       TTCMS928S-2   misconfiguration  -         -       
10208093  2025-03-25 03:25:20 CDT  hidden    array     68    host       TTCMS928S-1   misconfiguration  -         -       
10208094  2025-03-25 03:25:20 CDT  hidden    array     68    host       TTCMS928-1    misconfiguration  -         -       
10208095  2025-03-25 03:25:20 CDT  hidden    array     68    host       TTCMS9272-2   misconfiguration  -         -       
10208096  2025-03-25 03:25:20 CDT  hidden    array     68    host       TTCMS9272-1   misconfiguration  -         -       
10208097  2025-03-25 03:25:20 CDT  hidden    array     68    host       TTCMS9271-2   misconfiguration  -         -       
10208098  2025-03-25 03:25:21 CDT  hidden    array     68    host       TTCMS9271-1   misconfiguration  -         -       
10208099  2025-03-25 03:25:21 CDT  hidden    array     68    host       TTCMS9272S-2  misconfiguration  -         -       
10208100  2025-03-25 03:25:21 CDT  hidden    array     68    host       TTCMS9272S-1  misconfiguration  -         -       
10208101  2025-03-25 03:25:21 CDT  hidden    array     68    host       TTCMS9271S-2  misconfiguration  -         -       
10208102  2025-03-25 03:25:21 CDT  hidden    array     68    host       TTCMS9271S-1  misconfiguration  -         -       
10208103  2025-03-25 03:25:21 CDT  hidden    array     68    host       LYNMS9530S-1  misconfiguration  -         -       
10208104  2025-03-25 03:25:21 CDT  hidden    array     68    host       LYNMS9216S-1  misconfiguration  -         -       
10208105  2025-03-25 03:25:21 CDT  hidden    array     68    host       LYNMS9203S-2  misconfiguration  -         -       
10208106  2025-03-25 03:25:21 CDT  hidden    array     68    host       LYNMS9203S-1  misconfiguration  -         -       
10208107  2025-03-25 03:25:21 CDT  hidden    array     68    host       TTCMS9003S-2  misconfiguration  -         -       
pureeng@lynpure01-ct0:~$ PUREDRppurearray list remoteassist --status
Name           Status          Opened                   Expires
lynpure01-ct0  session-active  2025-03-26 09:25:37 CDT  2025-03-28 09:25:37 CDT
pureeng@lynpure01-ct0:~$ purehw list
Name          Status         Identify  Slot  Index  Speed       Temperature  Voltage  Details
CH0           ok             off       -     0      -           -            -        -
CH0.BAY0      ok             off       -     0      -           -            -        -
CH0.BAY1      ok             off       -     1      -           -            -        -
CH0.BAY2      ok             off       -     2      -           -            -        -
CH0.BAY3      ok             off       -     3      -           -            -        -
CH0.BAY4      ok             off       -     4      -           -            -        -
CH0.BAY5      ok             off       -     5      -           -            -        -
CH0.BAY6      ok             off       -     6      -           -            -        -
CH0.BAY7      ok             off       -     7      -           -            -        -
CH0.BAY8      ok             off       -     8      -           -            -        -
CH0.BAY9      ok             off       -     9      -           -            -        -
CH0.BAY10     ok             off       -     10     -           -            -        -
CH0.BAY11     ok             off       -     11     -           -            -        -
CH0.BAY12     ok             off       -     12     -           -            -        -
CH0.BAY13     ok             off       -     13     -           -            -        -
CH0.BAY14     ok             off       -     14     -           -            -        -
CH0.BAY15     ok             off       -     15     -           -            -        -
CH0.BAY16     ok             off       -     16     -           -            -        -
CH0.BAY17     ok             off       -     17     -           -            -        -
CH0.BAY18     ok             off       -     18     -           -            -        -
CH0.BAY19     ok             off       -     19     -           -            -        -
CH0.NVB0      ok             off       -     0      -           -            -        -
CH0.NVB1      ok             off       -     1      -           -            -        -
CH0.NVB2      ok             off       -     2      -           -            -        -
CH0.NVB3      ok             off       -     3      -           -            -        -
CH0.PWR0      ok             -         -     0      -           -            206 V    -
CH0.PWR1      ok             -         -     1      -           -            206 V    -
CH0.TMP0      ok             -         -     0      -           20 C         -        -
CT0           ok             off       -     0      -           -            -        -
CT0.ETH0      ok             -         -     0      1.00 Gb/s   -            -        -
CT0.ETH1      ok             -         -     1      1.00 Gb/s   -            -        -
CT0.ETH2      ok             -         -     2      0.00 b/s    -            -        -
CT0.ETH3      ok             -         -     3      0.00 b/s    -            -        -
CT0.ETH4      ok             -         -     4      10.00 Gb/s  -            -        -
CT0.ETH5      ok             -         -     5      0.00 b/s    -            -        -
CT0.ETH6      ok             -         -     6      50.00 Gb/s  -            -        -
CT0.ETH7      ok             -         -     7      0.00 b/s    -            -        -
CT0.ETH8      ok             -         -     8      50.00 Gb/s  -            -        -
CT0.ETH9      ok             -         -     9      0.00 b/s    -            -        -
CT0.FAN0      ok             -         -     0      -           -            -        -
CT0.FAN1      ok             -         -     1      -           -            -        -
CT0.FAN2      ok             -         -     2      -           -            -        -
CT0.FAN3      ok             -         -     3      -           -            -        -
CT0.FAN4      ok             -         -     4      -           -            -        -
CT0.FAN5      ok             -         -     5      -           -            -        -
CT0.FC0       ok             -         0     0      16.00 Gb/s  -            -        -
CT0.FC1       ok             -         0     1      16.00 Gb/s  -            -        -
CT0.FC2       ok             -         0     2      16.00 Gb/s  -            -        -
CT0.FC3       ok             -         0     3      16.00 Gb/s  -            -        -
CT0.FC8       ok             -         2     8      0.00 b/s    -            -        -
CT0.FC9       ok             -         2     9      0.00 b/s    -            -        -
CT0.SAS4      ok             -         1     4      48.00 Gb/s  -            -        -
CT0.SAS5      ok             -         1     5      48.00 Gb/s  -            -        -
CT0.SAS6      ok             -         1     6      48.00 Gb/s  -            -        -
CT0.SAS7      ok             -         1     7      48.00 Gb/s  -            -        -
CT0.TMP0      ok             -         -     0      -           41 C         -        -
CT0.TMP1      ok             -         -     1      -           43 C         -        -
CT0.TMP2      ok             -         -     2      -           31 C         -        -
CT0.TMP3      ok             -         -     3      -           52 C         -        -
CT0.TMP4      ok             -         -     4      -           53 C         -        -
CT0.TMP5      ok             -         -     5      -           40 C         -        -
CT0.TMP6      ok             -         -     6      -           50 C         -        -
CT0.TMP7      ok             -         -     7      -           32 C         -        -
CT0.TMP8      ok             -         -     8      -           33 C         -        -
CT0.TMP9      ok             -         -     9      -           34 C         -        -
CT0.TMP10     ok             -         -     10     -           33 C         -        -
CT0.TMP11     ok             -         -     11     -           32 C         -        -
CT0.TMP12     ok             -         -     12     -           31 C         -        -
CT0.TMP13     ok             -         -     13     -           36 C         -        -
CT0.TMP14     ok             -         -     14     -           35 C         -        -
CT0.TMP15     ok             -         -     15     -           35 C         -        -
CT0.TMP16     ok             -         -     16     -           34 C         -        -
CT0.TMP17     ok             -         -     17     -           34 C         -        -
CT0.TMP18     ok             -         -     18     -           35 C         -        -
CT0.TMP19     ok             -         -     19     -           36 C         -        -
CT0.TMP20     ok             -         -     20     -           33 C         -        -
CT0.TMP21     ok             -         -     21     -           41 C         -        -
CT0.TMP22     ok             -         -     22     -           40 C         -        -
CT0.TMP23     ok             -         -     23     -           42 C         -        -
CT0.TMP24     ok             -         -     24     -           43 C         -        -
CT0.TMP25     ok             -         -     25     -           48 C         -        -
CT0.TMP26     ok             -         -     26     -           32 C         -        -
CT1           ok             off       -     1      -           -            -        -
CT1.ETH0      ok             -         -     0      1.00 Gb/s   -            -        -
CT1.ETH1      ok             -         -     1      1.00 Gb/s   -            -        -
CT1.ETH2      ok             -         -     2      0.00 b/s    -            -        -
CT1.ETH3      ok             -         -     3      0.00 b/s    -            -        -
CT1.ETH4      ok             -         -     4      10.00 Gb/s  -            -        -
CT1.ETH5      ok             -         -     5      0.00 b/s    -            -        -
CT1.ETH6      ok             -         -     6      50.00 Gb/s  -            -        -
CT1.ETH7      ok             -         -     7      0.00 b/s    -            -        -
CT1.ETH8      ok             -         -     8      50.00 Gb/s  -            -        -
CT1.ETH9      ok             -         -     9      0.00 b/s    -            -        -
CT1.FAN0      ok             -         -     0      -           -            -        -
CT1.FAN1      ok             -         -     1      -           -            -        -
CT1.FAN2      ok             -         -     2      -           -            -        -
CT1.FAN3      ok             -         -     3      -           -            -        -
CT1.FAN4      ok             -         -     4      -           -            -        -
CT1.FAN5      ok             -         -     5      -           -            -        -
CT1.FC0       ok             -         0     0      16.00 Gb/s  -            -        -
CT1.FC1       ok             -         0     1      16.00 Gb/s  -            -        -
CT1.FC2       ok             -         0     2      16.00 Gb/s  -            -        -
CT1.FC3       ok             -         0     3      16.00 Gb/s  -            -        -
CT1.FC8       ok             -         2     8      0.00 b/s    -            -        -
CT1.FC9       ok             -         2     9      0.00 b/s    -            -        -
CT1.SAS4      ok             -         1     4      48.00 Gb/s  -            -        -
CT1.SAS5      ok             -         1     5      48.00 Gb/s  -            -        -
CT1.SAS6      ok             -         1     6      48.00 Gb/s  -            -        -
CT1.SAS7      ok             -         1     7      48.00 Gb/s  -            -        -
CT1.TMP0      ok             -         -     0      -           38 C         -        -
CT1.TMP1      ok             -         -     1      -           38 C         -        -
CT1.TMP2      ok             -         -     2      -           32 C         -        -
CT1.TMP3      ok             -         -     3      -           44 C         -        -
CT1.TMP4      ok             -         -     4      -           44 C         -        -
CT1.TMP5      ok             -         -     5      -           40 C         -        -
CT1.TMP6      ok             -         -     6      -           42 C         -        -
CT1.TMP7      ok             -         -     7      -           31 C         -        -
CT1.TMP8      ok             -         -     8      -           31 C         -        -
CT1.TMP9      ok             -         -     9      -           31 C         -        -
CT1.TMP10     ok             -         -     10     -           32 C         -        -
CT1.TMP11     ok             -         -     11     -           32 C         -        -
CT1.TMP12     ok             -         -     12     -           31 C         -        -
CT1.TMP13     ok             -         -     13     -           33 C         -        -
CT1.TMP14     ok             -         -     14     -           33 C         -        -
CT1.TMP15     ok             -         -     15     -           33 C         -        -
CT1.TMP16     ok             -         -     16     -           32 C         -        -
CT1.TMP17     ok             -         -     17     -           32 C         -        -
CT1.TMP18     ok             -         -     18     -           32 C         -        -
CT1.TMP19     ok             -         -     19     -           34 C         -        -
CT1.TMP20     ok             -         -     20     -           32 C         -        -
CT1.TMP21     ok             -         -     21     -           36 C         -        -
CT1.TMP22     ok             -         -     22     -           35 C         -        -
CT1.TMP23     ok             -         -     23     -           35 C         -        -
CT1.TMP24     ok             -         -     24     -           37 C         -        -
CT1.TMP25     ok             -         -     25     -           42 C         -        -
CT1.TMP26     ok             -         -     26     -           33 C         -        -
SH0           critical       off       -     0      -           -            -        Chassis alarm
SH0.BAY0      ok             off       -     0      -           -            -        -
SH0.BAY1      ok             off       -     1      -           -            -        -
SH0.BAY2      ok             off       -     2      -           -            -        -
SH0.BAY3      ok             off       -     3      -           -            -        -
SH0.BAY4      ok             off       -     4      -           -            -        -
SH0.BAY5      ok             off       -     5      -           -            -        -
SH0.BAY6      ok             off       -     6      -           -            -        -
SH0.BAY7      ok             off       -     7      -           -            -        -
SH0.BAY8      ok             off       -     8      -           -            -        -
SH0.BAY9      ok             off       -     9      -           -            -        -
SH0.BAY10     ok             off       -     10     -           -            -        -
SH0.BAY11     ok             off       -     11     -           -            -        -
SH0.BAY12     ok             off       -     12     -           -            -        -
SH0.BAY13     ok             off       -     13     -           -            -        -
SH0.BAY14     ok             off       -     14     -           -            -        -
SH0.BAY15     ok             off       -     15     -           -            -        -
SH0.BAY16     ok             off       -     16     -           -            -        -
SH0.BAY17     ok             off       -     17     -           -            -        -
SH0.BAY18     ok             off       -     18     -           -            -        -
SH0.BAY19     ok             off       -     19     -           -            -        -
SH0.BAY20     ok             off       -     20     -           -            -        -
SH0.BAY21     ok             off       -     21     -           -            -        -
SH0.BAY22     ok             off       -     22     -           -            -        -
SH0.BAY23     ok             off       -     23     -           -            -        -
SH0.FAN0      ok             -         -     0      -           -            -        -
SH0.FAN1      ok             -         -     1      -           -            -        -
SH0.FAN2      ok             -         -     2      -           -            -        -
SH0.FAN3      ok             -         -     3      -           -            -        -
SH0.IOM0      ok             off       0     0      -           -            -        -
SH0.IOM1      ok             off       1     1      -           -            -        -
SH0.PWR0      ok             -         -     0      -           -            -        -
SH0.PWR1      critical       -         -     1      -           -            -        -
SH0.SAS0      ok             -         0     0      48.00 Gb/s  -            -        -
SH0.SAS1      ok             -         0     1      0.00 b/s    -            -        -
SH0.SAS2      ok             -         0     2      48.00 Gb/s  -            -        -
SH0.SAS3      ok             -         1     3      48.00 Gb/s  -            -        -
SH0.SAS4      ok             -         1     4      0.00 b/s    -            -        -
SH0.SAS5      ok             -         1     5      48.00 Gb/s  -            -        -
SH0.TMP0      ok             -         -     0      -           20 C         -        -
SH0.TMP1      ok             -         -     1      -           24 C         -        -
SH0.TMP2      ok             -         -     2      -           26 C         -        -
SH0.TMP3      ok             -         -     3      -           30 C         -        -
SH0.TMP4      ok             -         -     4      -           25 C         -        -
SH0.TMP5      ok             -         -     5      -           29 C         -        -
SH0.TMP6      ok             -         -     6      -           30 C         -        -
SH0.TMP7      ok             -         -     7      -           31 C         -        -
SH1           critical       off       -     1      -           -            -        Chassis alarm
SH1.BAY0      ok             off       -     0      -           -            -        -
SH1.BAY1      ok             off       -     1      -           -            -        -
SH1.BAY2      ok             off       -     2      -           -            -        -
SH1.BAY3      ok             off       -     3      -           -            -        -
SH1.BAY4      ok             off       -     4      -           -            -        -
SH1.BAY5      ok             off       -     5      -           -            -        -
SH1.BAY6      ok             off       -     6      -           -            -        -
SH1.BAY7      ok             off       -     7      -           -            -        -
SH1.BAY8      ok             off       -     8      -           -            -        -
SH1.BAY9      ok             off       -     9      -           -            -        -
SH1.BAY10     ok             off       -     10     -           -            -        -
SH1.BAY11     ok             off       -     11     -           -            -        -
SH1.BAY12     ok             off       -     12     -           -            -        -
SH1.BAY13     ok             off       -     13     -           -            -        -
SH1.BAY14     ok             off       -     14     -           -            -        -
SH1.BAY15     ok             off       -     15     -           -            -        -
SH1.BAY16     ok             off       -     16     -           -            -        -
SH1.BAY17     ok             off       -     17     -           -            -        -
SH1.BAY18     ok             off       -     18     -           -            -        -
SH1.BAY19     ok             off       -     19     -           -            -        -
SH1.BAY20     ok             off       -     20     -           -            -        -
SH1.BAY21     ok             off       -     21     -           -            -        -
SH1.BAY22     not_installed  off       -     22     -           -            -        -
SH1.BAY23     not_installed  off       -     23     -           -            -        -
SH1.FAN0      ok             -         -     0      -           -            -        -
SH1.FAN1      ok             -         -     1      -           -            -        -
SH1.FAN2      ok             -         -     2      -           -            -        -
SH1.FAN3      ok             -         -     3      -           -            -        -
SH1.IOM0      ok             off       0     0      -           -            -        -
SH1.IOM1      ok             off       1     1      -           -            -        -
SH1.PWR0      ok             -         -     0      -           -            -        -
SH1.PWR1      critical       -         -     1      -           -            -        -
SH1.SAS0      ok             -         0     0      48.00 Gb/s  -            -        -
SH1.SAS1      ok             -         0     1      0.00 b/s    -            -        -
SH1.SAS2      ok             -         0     2      48.00 Gb/s  -            -        -
SH1.SAS3      ok             -         1     3      48.00 Gb/s  -            -        -
SH1.SAS4      ok             -         1     4      0.00 b/s    -            -        -
SH1.SAS5      ok             -         1     5      48.00 Gb/s  -            -        -
SH1.TMP0      ok             -         -     0      -           19 C         -        -
SH1.TMP1      ok             -         -     1      -           23 C         -        -
SH1.TMP2      ok             -         -     2      -           23 C         -        -
SH1.TMP3      ok             -         -     3      -           27 C         -        -
SH1.TMP4      ok             -         -     4      -           24 C         -        -
SH1.TMP5      ok             -         -     5      -           27 C         -        -
SH1.TMP6      ok             -         -     6      -           30 C         -        -
SH1.TMP7      ok             -         -     7      -           28 C         -        -
SH9           ok             off       -     9      -           20 C         -        -
SH9.BAY0      ok             off       -     0      -           -            -        -
SH9.BAY1      ok             off       -     1      -           -            -        -
SH9.BAY2      ok             off       -     2      -           -            -        -
SH9.BAY3      ok             off       -     3      -           -            -        -
SH9.BAY4      ok             off       -     4      -           -            -        -
SH9.BAY5      ok             off       -     5      -           -            -        -
SH9.BAY6      ok             off       -     6      -           -            -        -
SH9.BAY7      ok             off       -     7      -           -            -        -
SH9.BAY8      ok             off       -     8      -           -            -        -
SH9.BAY9      ok             off       -     9      -           -            -        -
SH9.BAY10     not_installed  off       -     10     -           -            -        -
SH9.BAY11     not_installed  off       -     11     -           -            -        -
SH9.BAY12     not_installed  off       -     12     -           -            -        -
SH9.BAY13     not_installed  off       -     13     -           -            -        -
SH9.BAY14     not_installed  off       -     14     -           -            -        -
SH9.BAY15     not_installed  off       -     15     -           -            -        -
SH9.BAY16     not_installed  off       -     16     -           -            -        -
SH9.BAY17     not_installed  off       -     17     -           -            -        -
SH9.BAY18     not_installed  off       -     18     -           -            -        -
SH9.BAY19     not_installed  off       -     19     -           -            -        -
SH9.BAY20     not_installed  off       -     20     -           -            -        -
SH9.BAY21     not_installed  off       -     21     -           -            -        -
SH9.BAY22     not_installed  off       -     22     -           -            -        -
SH9.BAY23     not_installed  off       -     23     -           -            -        -
SH9.BAY24     not_installed  off       -     24     -           -            -        -
SH9.BAY25     not_installed  off       -     25     -           -            -        -
SH9.BAY26     not_installed  off       -     26     -           -            -        -
SH9.BAY27     not_installed  off       -     27     -           -            -        -
SH9.PWR0      ok             -         -     0      -           -            206 V    -
SH9.PWR1      ok             -         -     1      -           -            206 V    -
SH9.SC0       ok             off       -     0      -           27 C         -        -
SH9.SC0.ETH0  ok             -         -     0      50.00 Gb/s  -            -        -
SH9.SC0.ETH1  ok             -         -     1      0.00 b/s    -            -        -
SH9.SC0.ETH2  ok             -         -     2      50.00 Gb/s  -            -        -
SH9.SC0.ETH3  ok             -         -     3      0.00 b/s    -            -        -
SH9.SC0.FAN0  ok             -         -     0      -           -            -        -
SH9.SC0.FAN1  ok             -         -     1      -           -            -        -
SH9.SC0.FAN2  ok             -         -     2      -           -            -        -
SH9.SC0.FAN3  ok             -         -     3      -           -            -        -
SH9.SC0.FAN4  ok             -         -     4      -           -            -        -
SH9.SC0.FAN5  ok             -         -     5      -           -            -        -
SH9.SC1       ok             off       -     1      -           29 C         -        -
SH9.SC1.ETH0  ok             -         -     0      50.00 Gb/s  -            -        -
SH9.SC1.ETH1  ok             -         -     1      0.00 b/s    -            -        -
SH9.SC1.ETH2  ok             -         -     2      50.00 Gb/s  -            -        -
SH9.SC1.ETH3  ok             -         -     3      0.00 b/s    -            -        -
SH9.SC1.FAN0  ok             -         -     0      -           -            -        -
SH9.SC1.FAN1  ok             -         -     1      -           -            -        -
SH9.SC1.FAN2  ok             -         -     2      -           -            -        -
SH9.SC1.FAN3  ok             -         -     3      -           -            -        -
SH9.SC1.FAN4  ok             -         -     4      -           -            -        -
SH9.SC1.FAN5  ok             -         -     5      -           -            -        -
pureeng@lynpure01-ct0:~$ purehw list
Name          Status         Identify  Slot  Index  Speed       Temperature  Voltage  Details
CH0           ok             off       -     0      -           -            -        -
CH0.BAY0      ok             off       -     0      -           -            -        -
CH0.BAY1      ok             off       -     1      -           -            -        -
CH0.BAY2      ok             off       -     2      -           -            -        -
CH0.BAY3      ok             off       -     3      -           -            -        -
CH0.BAY4      ok             off       -     4      -           -            -        -
CH0.BAY5      ok             off       -     5      -           -            -        -
CH0.BAY6      ok             off       -     6      -           -            -        -
CH0.BAY7      ok             off       -     7      -           -            -        -
CH0.BAY8      ok             off       -     8      -           -            -        -
CH0.BAY9      ok             off       -     9      -           -            -        -
CH0.BAY10     not_installed  off       -     10     -           -            -        -
CH0.BAY11     ok             off       -     11     -           -            -        -
CH0.BAY12     ok             off       -     12     -           -            -        -
CH0.BAY13     ok             off       -     13     -           -            -        -
CH0.BAY14     ok             off       -     14     -           -            -        -
CH0.BAY15     ok             off       -     15     -           -            -        -
CH0.BAY16     ok             off       -     16     -           -            -        -
CH0.BAY17     ok             off       -     17     -           -            -        -
CH0.BAY18     ok             off       -     18     -           -            -        -
CH0.BAY19     ok             off       -     19     -           -            -        -
CH0.NVB0      ok             off       -     0      -           -            -        -
CH0.NVB1      ok             off       -     1      -           -            -        -
CH0.NVB2      ok             off       -     2      -           -            -        -
CH0.NVB3      ok             off       -     3      -           -            -        -
CH0.PWR0      ok             -         -     0      -           -            206 V    -
CH0.PWR1      ok             -         -     1      -           -            206 V    -
CH0.TMP0      ok             -         -     0      -           20 C         -        -
CT0           ok             off       -     0      -           -            -        -
CT0.ETH0      ok             -         -     0      1.00 Gb/s   -            -        -
CT0.ETH1      ok             -         -     1      1.00 Gb/s   -            -        -
CT0.ETH2      ok             -         -     2      0.00 b/s    -            -        -
CT0.ETH3      ok             -         -     3      0.00 b/s    -            -        -
CT0.ETH4      ok             -         -     4      10.00 Gb/s  -            -        -
CT0.ETH5      ok             -         -     5      0.00 b/s    -            -        -
CT0.ETH6      ok             -         -     6      50.00 Gb/s  -            -        -
CT0.ETH7      ok             -         -     7      0.00 b/s    -            -        -
CT0.ETH8      ok             -         -     8      50.00 Gb/s  -            -        -
CT0.ETH9      ok             -         -     9      0.00 b/s    -            -        -
CT0.FAN0      ok             -         -     0      -           -            -        -
CT0.FAN1      ok             -         -     1      -           -            -        -
CT0.FAN2      ok             -         -     2      -           -            -        -
CT0.FAN3      ok             -         -     3      -           -            -        -
CT0.FAN4      ok             -         -     4      -           -            -        -
CT0.FAN5      ok             -         -     5      -           -            -        -
CT0.FC0       ok             -         0     0      16.00 Gb/s  -            -        -
CT0.FC1       ok             -         0     1      16.00 Gb/s  -            -        -
CT0.FC2       ok             -         0     2      16.00 Gb/s  -            -        -
CT0.FC3       ok             -         0     3      16.00 Gb/s  -            -        -
CT0.FC8       ok             -         2     8      0.00 b/s    -            -        -
CT0.FC9       ok             -         2     9      0.00 b/s    -            -        -
CT0.SAS4      ok             -         1     4      0.00 b/s    -            -        -
CT0.SAS5      ok             -         1     5      0.00 b/s    -            -        -
CT0.SAS6      ok             -         1     6      0.00 b/s    -            -        -
CT0.SAS7      ok             -         1     7      0.00 b/s    -            -        -
CT0.TMP0      ok             -         -     0      -           41 C         -        -
CT0.TMP1      ok             -         -     1      -           43 C         -        -
CT0.TMP2      ok             -         -     2      -           31 C         -        -
CT0.TMP3      ok             -         -     3      -           52 C         -        -
CT0.TMP4      ok             -         -     4      -           53 C         -        -
CT0.TMP5      ok             -         -     5      -           41 C         -        -
CT0.TMP6      ok             -         -     6      -           50 C         -        -
CT0.TMP7      ok             -         -     7      -           32 C         -        -
CT0.TMP8      ok             -         -     8      -           33 C         -        -
CT0.TMP9      ok             -         -     9      -           34 C         -        -
CT0.TMP10     ok             -         -     10     -           33 C         -        -
CT0.TMP11     ok             -         -     11     -           32 C         -        -
CT0.TMP12     ok             -         -     12     -           31 C         -        -
CT0.TMP13     ok             -         -     13     -           36 C         -        -
CT0.TMP14     ok             -         -     14     -           35 C         -        -
CT0.TMP15     ok             -         -     15     -           35 C         -        -
CT0.TMP16     ok             -         -     16     -           34 C         -        -
CT0.TMP17     ok             -         -     17     -           34 C         -        -
CT0.TMP18     ok             -         -     18     -           35 C         -        -
CT0.TMP19     ok             -         -     19     -           35 C         -        -
CT0.TMP20     ok             -         -     20     -           33 C         -        -
CT0.TMP21     ok             -         -     21     -           41 C         -        -
CT0.TMP22     ok             -         -     22     -           40 C         -        -
CT0.TMP23     ok             -         -     23     -           42 C         -        -
CT0.TMP24     ok             -         -     24     -           43 C         -        -
CT0.TMP25     ok             -         -     25     -           48 C         -        -
CT0.TMP26     ok             -         -     26     -           32 C         -        -
CT1           ok             off       -     1      -           -            -        -
CT1.ETH0      ok             -         -     0      1.00 Gb/s   -            -        -
CT1.ETH1      ok             -         -     1      1.00 Gb/s   -            -        -
CT1.ETH2      ok             -         -     2      0.00 b/s    -            -        -
CT1.ETH3      ok             -         -     3      0.00 b/s    -            -        -
CT1.ETH4      ok             -         -     4      10.00 Gb/s  -            -        -
CT1.ETH5      ok             -         -     5      0.00 b/s    -            -        -
CT1.ETH6      ok             -         -     6      50.00 Gb/s  -            -        -
CT1.ETH7      ok             -         -     7      0.00 b/s    -            -        -
CT1.ETH8      ok             -         -     8      50.00 Gb/s  -            -        -
CT1.ETH9      ok             -         -     9      0.00 b/s    -            -        -
CT1.FAN0      ok             -         -     0      -           -            -        -
CT1.FAN1      ok             -         -     1      -           -            -        -
CT1.FAN2      ok             -         -     2      -           -            -        -
CT1.FAN3      ok             -         -     3      -           -            -        -
CT1.FAN4      ok             -         -     4      -           -            -        -
CT1.FAN5      ok             -         -     5      -           -            -        -
CT1.FC0       ok             -         0     0      16.00 Gb/s  -            -        -
CT1.FC1       ok             -         0     1      16.00 Gb/s  -            -        -
CT1.FC2       ok             -         0     2      16.00 Gb/s  -            -        -
CT1.FC3       ok             -         0     3      16.00 Gb/s  -            -        -
CT1.FC8       ok             -         2     8      0.00 b/s    -            -        -
CT1.FC9       ok             -         2     9      0.00 b/s    -            -        -
CT1.SAS4      ok             -         1     4      0.00 b/s    -            -        -
CT1.SAS5      ok             -         1     5      0.00 b/s    -            -        -
CT1.SAS6      ok             -         1     6      0.00 b/s    -            -        -
CT1.SAS7      ok             -         1     7      0.00 b/s    -            -        -
CT1.TMP0      ok             -         -     0      -           38 C         -        -
CT1.TMP1      ok             -         -     1      -           38 C         -        -
CT1.TMP2      ok             -         -     2      -           32 C         -        -
CT1.TMP3      ok             -         -     3      -           44 C         -        -
CT1.TMP4      ok             -         -     4      -           44 C         -        -
CT1.TMP5      ok             -         -     5      -           40 C         -        -
CT1.TMP6      ok             -         -     6      -           42 C         -        -
CT1.TMP7      ok             -         -     7      -           31 C         -        -
CT1.TMP8      ok             -         -     8      -           31 C         -        -
CT1.TMP9      ok             -         -     9      -           31 C         -        -
CT1.TMP10     ok             -         -     10     -           32 C         -        -
CT1.TMP11     ok             -         -     11     -           32 C         -        -
CT1.TMP12     ok             -         -     12     -           31 C         -        -
CT1.TMP13     ok             -         -     13     -           33 C         -        -
CT1.TMP14     ok             -         -     14     -           33 C         -        -
CT1.TMP15     ok             -         -     15     -           32 C         -        -
CT1.TMP16     ok             -         -     16     -           31 C         -        -
CT1.TMP17     ok             -         -     17     -           32 C         -        -
CT1.TMP18     ok             -         -     18     -           32 C         -        -
CT1.TMP19     ok             -         -     19     -           33 C         -        -
CT1.TMP20     ok             -         -     20     -           32 C         -        -
CT1.TMP21     ok             -         -     21     -           36 C         -        -
CT1.TMP22     ok             -         -     22     -           35 C         -        -
CT1.TMP23     ok             -         -     23     -           35 C         -        -
CT1.TMP24     ok             -         -     24     -           36 C         -        -
CT1.TMP25     ok             -         -     25     -           42 C         -        -
CT1.TMP26     ok             -         -     26     -           32 C         -        -
SH9           ok             off       -     9      -           20 C         -        -
SH9.BAY0      ok             off       -     0      -           -            -        -
SH9.BAY1      ok             off       -     1      -           -            -        -
SH9.BAY2      ok             off       -     2      -           -            -        -
SH9.BAY3      ok             off       -     3      -           -            -        -
SH9.BAY4      ok             off       -     4      -           -            -        -
SH9.BAY5      ok             off       -     5      -           -            -        -
SH9.BAY6      ok             off       -     6      -           -            -        -
SH9.BAY7      ok             off       -     7      -           -            -        -
SH9.BAY8      ok             off       -     8      -           -            -        -
SH9.BAY9      ok             off       -     9      -           -            -        -
SH9.BAY10     not_installed  off       -     10     -           -            -        -
SH9.BAY11     not_installed  off       -     11     -           -            -        -
SH9.BAY12     not_installed  off       -     12     -           -            -        -
SH9.BAY13     not_installed  off       -     13     -           -            -        -
SH9.BAY14     not_installed  off       -     14     -           -            -        -
SH9.BAY15     not_installed  off       -     15     -           -            -        -
SH9.BAY16     not_installed  off       -     16     -           -            -        -
SH9.BAY17     not_installed  off       -     17     -           -            -        -
SH9.BAY18     not_installed  off       -     18     -           -            -        -
SH9.BAY19     not_installed  off       -     19     -           -            -        -
SH9.BAY20     not_installed  off       -     20     -           -            -        -
SH9.BAY21     not_installed  off       -     21     -           -            -        -
SH9.BAY22     not_installed  off       -     22     -           -            -        -
SH9.BAY23     not_installed  off       -     23     -           -            -        -
SH9.BAY24     not_installed  off       -     24     -           -            -        -
SH9.BAY25     not_installed  off       -     25     -           -            -        -
SH9.BAY26     not_installed  off       -     26     -           -            -        -
SH9.BAY27     not_installed  off       -     27     -           -            -        -
SH9.PWR0      ok             -         -     0      -           -            206 V    -
SH9.PWR1      ok             -         -     1      -           -            206 V    -
SH9.SC0       ok             off       -     0      -           27 C         -        -
SH9.SC0.ETH0  ok             -         -     0      50.00 Gb/s  -            -        -
SH9.SC0.ETH1  ok             -         -     1      0.00 b/s    -            -        -
SH9.SC0.ETH2  ok             -         -     2      50.00 Gb/s  -            -        -
SH9.SC0.ETH3  ok             -         -     3      0.00 b/s    -            -        -
SH9.SC0.FAN0  ok             -         -     0      -           -            -        -
SH9.SC0.FAN1  ok             -         -     1      -           -            -        -
SH9.SC0.FAN2  ok             -         -     2      -           -            -        -
SH9.SC0.FAN3  ok             -         -     3      -           -            -        -
SH9.SC0.FAN4  ok             -         -     4      -           -            -        -
SH9.SC0.FAN5  ok             -         -     5      -           -            -        -
SH9.SC1       ok             off       -     1      -           28 C         -        -
SH9.SC1.ETH0  ok             -         -     0      50.00 Gb/s  -            -        -
SH9.SC1.ETH1  ok             -         -     1      0.00 b/s    -            -        -
SH9.SC1.ETH2  ok             -         -     2      50.00 Gb/s  -            -        -
SH9.SC1.ETH3  ok             -         -     3      0.00 b/s    -            -        -
SH9.SC1.FAN0  ok             -         -     0      -           -            -        -
SH9.SC1.FAN1  ok             -         -     1      -           -            -        -
SH9.SC1.FAN2  ok             -         -     2      -           -            -        -
SH9.SC1.FAN3  ok             -         -     3      -           -            -        -
SH9.SC1.FAN4  ok             -         -     4      -           -            -        -
SH9.SC1.FAN5  ok             -         -     5      -           -            -        -
pureeng@lynpure01-ct0:~$ puredrive list
Name       Type   Status     Capacity  Details
CH0.BAY0   SSD    healthy    16.00T    -
CH0.BAY1   SSD    healthy    16.00T    -
CH0.BAY2   SSD    healthy    16.00T    -
CH0.BAY3   SSD    healthy    16.00T    -
CH0.BAY4   SSD    healthy    16.00T    -
CH0.BAY5   SSD    healthy    16.00T    -
CH0.BAY6   SSD    healthy    16.00T    -
CH0.BAY7   SSD    healthy    16.00T    -
CH0.BAY8   SSD    healthy    16.00T    -
CH0.BAY9   SSD    healthy    16.00T    -
CH0.BAY10  -      unused     0.00      -
CH0.BAY11  SSD    evacuated  0.00      -
CH0.BAY12  SSD    evacuated  0.00      -
CH0.BAY13  SSD    evacuated  0.00      -
CH0.BAY14  SSD    evacuated  0.00      -
CH0.BAY15  SSD    evacuated  0.00      -
CH0.BAY16  SSD    evacuated  0.00      -
CH0.BAY17  SSD    evacuated  0.00      -
CH0.BAY18  SSD    evacuated  0.00      -
CH0.BAY19  SSD    evacuated  0.00      -
CH0.NVB0   NVRAM  healthy    7.00G     -
CH0.NVB1   NVRAM  healthy    7.00G     -
CH0.NVB2   NVRAM  healthy    7.00G     -
CH0.NVB3   NVRAM  healthy    7.00G     -
SH9.BAY0   SSD    healthy    1.92T     -
SH9.BAY1   SSD    healthy    1.92T     -
SH9.BAY2   SSD    healthy    1.92T     -
SH9.BAY3   SSD    healthy    1.92T     -
SH9.BAY4   SSD    healthy    1.92T     -
SH9.BAY5   SSD    healthy    1.92T     -
SH9.BAY6   SSD    healthy    1.92T     -
SH9.BAY7   SSD    healthy    1.92T     -
SH9.BAY8   SSD    healthy    1.92T     -
SH9.BAY9   SSD    healthy    1.92T     -
SH9.BAY10  -      unused     0.00      -
SH9.BAY11  -      unused     0.00      -
SH9.BAY12  -      unused     0.00      -
SH9.BAY13  -      unused     0.00      -
SH9.BAY14  -      unused     0.00      -
SH9.BAY15  -      unused     0.00      -
SH9.BAY16  -      unused     0.00      -
SH9.BAY17  -      unused     0.00      -
SH9.BAY18  -      unused     0.00      -
SH9.BAY19  -      unused     0.00      -
SH9.BAY20  -      unused     0.00      -
SH9.BAY21  -      unused     0.00      -
SH9.BAY22  -      unused     0.00      -
SH9.BAY23  -      unused     0.00      -
SH9.BAY24  -      unused     0.00      -
SH9.BAY25  -      unused     0.00      -
SH9.BAY26  -      unused     0.00      -
SH9.BAY27  -      unused     0.00      -
pureeng@lynpure01-ct0:~$ puredrive list
Name       Type   Status   Capacity  Details
CH0.BAY0   SSD    healthy  16.00T    -
CH0.BAY1   SSD    healthy  16.00T    -
CH0.BAY2   SSD    healthy  16.00T    -
CH0.BAY3   SSD    healthy  16.00T    -
CH0.BAY4   SSD    healthy  16.00T    -
CH0.BAY5   SSD    healthy  16.00T    -
CH0.BAY6   SSD    healthy  16.00T    -
CH0.BAY7   SSD    healthy  16.00T    -
CH0.BAY8   SSD    healthy  16.00T    -
CH0.BAY9   SSD    healthy  16.00T    -
CH0.BAY10  -      unused   0.00      -
CH0.BAY11  -      unused   0.00      -
CH0.BAY12  -      unused   0.00      -
CH0.BAY13  -      unused   0.00      -
CH0.BAY14  -      unused   0.00      -
CH0.BAY15  -      unused   0.00      -
CH0.BAY16  -      unused   0.00      -
CH0.BAY17  -      unused   0.00      -
CH0.BAY18  -      unused   0.00      -
CH0.BAY19  -      unused   0.00      -
CH0.NVB0   NVRAM  healthy  7.00G     -
CH0.NVB1   NVRAM  healthy  7.00G     -
CH0.NVB2   NVRAM  healthy  7.00G     -
CH0.NVB3   NVRAM  healthy  7.00G     -
SH9.BAY0   SSD    healthy  1.92T     -
SH9.BAY1   SSD    healthy  1.92T     -
SH9.BAY2   SSD    healthy  1.92T     -
SH9.BAY3   SSD    healthy  1.92T     -
SH9.BAY4   SSD    healthy  1.92T     -
SH9.BAY5   SSD    healthy  1.92T     -
SH9.BAY6   SSD    healthy  1.92T     -
SH9.BAY7   SSD    healthy  1.92T     -
SH9.BAY8   SSD    healthy  1.92T     -
SH9.BAY9   SSD    healthy  1.92T     -
SH9.BAY10  -      unused   0.00      -
SH9.BAY11  -      unused   0.00      -
SH9.BAY12  -      unused   0.00      -
SH9.BAY13  -      unused   0.00      -
SH9.BAY14  -      unused   0.00      -
SH9.BAY15  -      unused   0.00      -
SH9.BAY16  -      unused   0.00      -
SH9.BAY17  -      unused   0.00      -
SH9.BAY18  -      unused   0.00      -
SH9.BAY19  -      unused   0.00      -
SH9.BAY20  -      unused   0.00      -
SH9.BAY21  -      unused   0.00      -
SH9.BAY22  -      unused   0.00      -
SH9.BAY23  -      unused   0.00      -
SH9.BAY24  -      unused   0.00      -
SH9.BAY25  -      unused   0.00      -
SH9.BAY26  -      unused   0.00      -
SH9.BAY27  -      unused   0.00      -
pureeng@lynpure01-ct0:~$ {
pureeng@lynpure01-ct0:~$ sudo su
     root@lynpure01-ct0:/var/home/pureeng# purearray phonehome --send-today && ssh peer purearray phonehome --send-today    

Status   Action
running  send_today
Status   Action
running  send_today
phonehome is already running
     root@lynpure01-ct0:/var/home/pureeng# 